127.0.0.1 - - [28/Jan/2026:19:13:54 +0000] GET /keymanager-operations/dcr/register/RTFvQVZTSVUxVjBCRXZGZ293a3V2cXFYbzRZYQ%3D%3D HTTP/1.1 200 773 - Apache-HttpClient/4.5.13 (Java/21.0.10) 0.016
0:0:0:0:0:0:0:1 - - [28/Jan/2026:19:13:54 +0000] GET /api/am/devportal/v3/applications/f16466da-b4c3-4543-a0d3-e62539a29cbd HTTP/1.1 200 404 https://localhost:9443/devportal/apis/4465f418-66b3-45f3-9d93-25c463ea65f2/api-console Mozilla/5.0 (Windows NT 10.0; Win64; x64) AppleWebKit/537.36 (KHTML, like Gecko) Chrome/144.0.0.0 Safari/537.36 0.030
127.0.0.1 - - [28/Jan/2026:19:13:54 +0000] GET /keymanager-operations/dcr/register/RTFvQVZTSVUxVjBCRXZGZ293a3V2cXFYbzRZYQ%3D%3D HTTP/1.1 200 773 - Apache-HttpClient/4.5.13 (Java/21.0.10) 0.016
0:0:0:0:0:0:0:1 - - [28/Jan/2026:19:13:54 +0000] GET /api/am/devportal/v3/applications/f16466da-b4c3-4543-a0d3-e62539a29cbd/oauth-keys HTTP/1.1 200 868 https://localhost:9443/devportal/apis/4465f418-66b3-45f3-9d93-25c463ea65f2/api-console Mozilla/5.0 (Windows NT 10.0; Win64; x64) AppleWebKit/537.36 (KHTML, like Gecko) Chrome/144.0.0.0 Safari/537.36 0.030
127.0.0.1 - - [28/Jan/2026:19:14:06 +0000] POST /internal/data/v1/notify-gateway HTTP/1.1 200 76 - Apache-HttpClient/4.5.13 (Java/21.0.10) 0.015
0:0:0:0:0:0:0:1 - - [28/Jan/2026:19:14:20 +0000] GET /publisher/apis/4465f418-66b3-45f3-9d93-25c463ea65f2/deployments HTTP/1.1 200 1713 https://localhost:9443/publisher/apis/4465f418-66b3-45f3-9d93-25c463ea65f2/overview Mozilla/5.0 (Windows NT 10.0; Win64; x64) AppleWebKit/537.36 (KHTML, like Gecko) Chrome/144.0.0.0 Safari/537.36 0.013
0:0:0:0:0:0:0:1 - - [28/Jan/2026:19:14:20 +0000] GET /publisher/services/settings/settings.js HTTP/1.1 200 1415 https://localhost:9443/publisher/apis/4465f418-66b3-45f3-9d93-25c463ea65f2/deployments Mozilla/5.0 (Windows NT 10.0; Win64; x64) AppleWebKit/537.36 (KHTML, like Gecko) Chrome/144.0.0.0 Safari/537.36 0.010
0:0:0:0:0:0:0:1 - - [28/Jan/2026:19:14:20 +0000] GET /publisher/site/public/conf/portalSettings.js HTTP/1.1 200 705 https://localhost:9443/publisher/apis/4465f418-66b3-45f3-9d93-25c463ea65f2/deployments Mozilla/5.0 (Windows NT 10.0; Win64; x64) AppleWebKit/537.36 (KHTML, like Gecko) Chrome/144.0.0.0 Safari/537.36 0.012
0:0:0:0:0:0:0:1 - - [28/Jan/2026:19:14:20 +0000] GET /publisher/site/public/locales/fr.json HTTP/1.1 200 47613 https://localhost:9443/publisher/apis/4465f418-66b3-45f3-9d93-25c463ea65f2/deployments Mozilla/5.0 (Windows NT 10.0; Win64; x64) AppleWebKit/537.36 (KHTML, like Gecko) Chrome/144.0.0.0 Safari/537.36 0.007
0:0:0:0:0:0:0:1 - - [28/Jan/2026:19:14:20 +0000] GET /oidc/checksession?client_id=pe09GOYr_cFzBfbocDEx2L68Wpsa&redirect_uri=https://localhost:9443/publisher/services/auth/callback/login HTTP/1.1 200 3134 https://localhost:9443/publisher/apis/4465f418-66b3-45f3-9d93-25c463ea65f2/deployments Mozilla/5.0 (Windows NT 10.0; Win64; x64) AppleWebKit/537.36 (KHTML, like Gecko) Chrome/144.0.0.0 Safari/537.36 0.007
0:0:0:0:0:0:0:1 - - [28/Jan/2026:19:14:21 +0000] GET /publisher/site/public/dist/2861.0a7939a3633db3f82af2.bundle.js HTTP/1.1 200 16941 https://localhost:9443/publisher/apis/4465f418-66b3-45f3-9d93-25c463ea65f2/deployments Mozilla/5.0 (Windows NT 10.0; Win64; x64) AppleWebKit/537.36 (KHTML, like Gecko) Chrome/144.0.0.0 Safari/537.36 0.012
0:0:0:0:0:0:0:1 - - [28/Jan/2026:19:14:21 +0000] GET /publisher/site/public/dist/APICreateRoutes.323aad285798b527c325.bundle.js HTTP/1.1 200 31238 https://localhost:9443/publisher/apis/4465f418-66b3-45f3-9d93-25c463ea65f2/deployments Mozilla/5.0 (Windows NT 10.0; Win64; x64) AppleWebKit/537.36 (KHTML, like Gecko) Chrome/144.0.0.0 Safari/537.36 0.015
0:0:0:0:0:0:0:1 - - [28/Jan/2026:19:14:21 +0000] GET /publisher/site/public/dist/2861.0a7939a3633db3f82af2.bundle.js HTTP/1.1 200 16941 https://localhost:9443/publisher/apis/4465f418-66b3-45f3-9d93-25c463ea65f2/deployments Mozilla/5.0 (Windows NT 10.0; Win64; x64) AppleWebKit/537.36 (KHTML, like Gecko) Chrome/144.0.0.0 Safari/537.36 0.006
0:0:0:0:0:0:0:1 - - [28/Jan/2026:19:14:21 +0000] GET /publisher/site/public/dist/1018.657dcc57f23e30e131a3.bundle.js HTTP/1.1 200 487602 https://localhost:9443/publisher/apis/4465f418-66b3-45f3-9d93-25c463ea65f2/deployments Mozilla/5.0 (Windows NT 10.0; Win64; x64) AppleWebKit/537.36 (KHTML, like Gecko) Chrome/144.0.0.0 Safari/537.36 0.176
0:0:0:0:0:0:0:1 - - [28/Jan/2026:19:14:21 +0000] GET /publisher/site/public/dist/1018.657dcc57f23e30e131a3.bundle.js HTTP/1.1 200 487602 https://localhost:9443/publisher/apis/4465f418-66b3-45f3-9d93-25c463ea65f2/deployments Mozilla/5.0 (Windows NT 10.0; Win64; x64) AppleWebKit/537.36 (KHTML, like Gecko) Chrome/144.0.0.0 Safari/537.36 0.172
0:0:0:0:0:0:0:1 - - [28/Jan/2026:19:14:21 +0000] GET /publisher/site/public/images/favicon.ico HTTP/1.1 200 162098 https://localhost:9443/publisher/apis/4465f418-66b3-45f3-9d93-25c463ea65f2/deployments Mozilla/5.0 (Windows NT 10.0; Win64; x64) AppleWebKit/537.36 (KHTML, like Gecko) Chrome/144.0.0.0 Safari/537.36 0.006
0:0:0:0:0:0:0:1 - - [28/Jan/2026:19:14:21 +0000] GET /api/am/publisher/v4/swagger.yaml HTTP/1.1 200 67554 https://localhost:9443/publisher/apis/4465f418-66b3-45f3-9d93-25c463ea65f2/deployments Mozilla/5.0 (Windows NT 10.0; Win64; x64) AppleWebKit/537.36 (KHTML, like Gecko) Chrome/144.0.0.0 Safari/537.36 0.036
0:0:0:0:0:0:0:1 - - [28/Jan/2026:19:14:21 +0000] GET /api/am/publisher/v4/tenants?state=active HTTP/1.1 200 96 https://localhost:9443/publisher/apis/4465f418-66b3-45f3-9d93-25c463ea65f2/deployments Mozilla/5.0 (Windows NT 10.0; Win64; x64) AppleWebKit/537.36 (KHTML, like Gecko) Chrome/144.0.0.0 Safari/537.36 0.008
0:0:0:0:0:0:0:1 - - [28/Jan/2026:19:14:22 +0000] GET /api/am/publisher/v4/apis/4465f418-66b3-45f3-9d93-25c463ea65f2 HTTP/1.1 200 1592 https://localhost:9443/publisher/apis/4465f418-66b3-45f3-9d93-25c463ea65f2/deployments Mozilla/5.0 (Windows NT 10.0; Win64; x64) AppleWebKit/537.36 (KHTML, like Gecko) Chrome/144.0.0.0 Safari/537.36 0.051
0:0:0:0:0:0:0:1 - - [28/Jan/2026:19:14:22 +0000] GET /api/am/publisher/v4/apis/4465f418-66b3-45f3-9d93-25c463ea65f2/revisions HTTP/1.1 200 881 https://localhost:9443/publisher/apis/4465f418-66b3-45f3-9d93-25c463ea65f2/deployments Mozilla/5.0 (Windows NT 10.0; Win64; x64) AppleWebKit/537.36 (KHTML, like Gecko) Chrome/144.0.0.0 Safari/537.36 0.019
0:0:0:0:0:0:0:1 - - [28/Jan/2026:19:14:22 +0000] GET /api/am/publisher/v4/apis/4465f418-66b3-45f3-9d93-25c463ea65f2/revisions?query=deployed%3Atrue HTTP/1.1 200 477 https://localhost:9443/publisher/apis/4465f418-66b3-45f3-9d93-25c463ea65f2/deployments Mozilla/5.0 (Windows NT 10.0; Win64; x64) AppleWebKit/537.36 (KHTML, like Gecko) Chrome/144.0.0.0 Safari/537.36 0.024
0:0:0:0:0:0:0:1 - - [28/Jan/2026:19:14:22 +0000] GET /api/am/publisher/v4/settings HTTP/1.1 200 1569 https://localhost:9443/publisher/apis/4465f418-66b3-45f3-9d93-25c463ea65f2/deployments Mozilla/5.0 (Windows NT 10.0; Win64; x64) AppleWebKit/537.36 (KHTML, like Gecko) Chrome/144.0.0.0 Safari/537.36 0.333
0:0:0:0:0:0:0:1 - - [28/Jan/2026:19:14:22 +0000] GET /api/am/publisher/v4/me/organization-information HTTP/1.1 200 35 https://localhost:9443/publisher/apis/4465f418-66b3-45f3-9d93-25c463ea65f2/deployments Mozilla/5.0 (Windows NT 10.0; Win64; x64) AppleWebKit/537.36 (KHTML, like Gecko) Chrome/144.0.0.0 Safari/537.36 0.029
0:0:0:0:0:0:0:1 - - [28/Jan/2026:19:14:22 +0000] GET /api/am/publisher/v4/apis/4465f418-66b3-45f3-9d93-25c463ea65f2/asyncapi HTTP/1.1 200 - https://localhost:9443/publisher/apis/4465f418-66b3-45f3-9d93-25c463ea65f2/deployments Mozilla/5.0 (Windows NT 10.0; Win64; x64) AppleWebKit/537.36 (KHTML, like Gecko) Chrome/144.0.0.0 Safari/537.36 0.060
127.0.0.1 - - [28/Jan/2026:19:14:25 +0000] GET /oauth2/token/.well-known/openid-configuration HTTP/1.1 200 2404 - Apache-HttpClient/4.5.13 (Java/21.0.10) 0.010
0:0:0:0:0:0:0:1 - - [28/Jan/2026:19:14:25 +0000] GET /api/am/publisher/v4/key-managers HTTP/1.1 200 218 https://localhost:9443/publisher/apis/4465f418-66b3-45f3-9d93-25c463ea65f2/runtime-configuration Mozilla/5.0 (Windows NT 10.0; Win64; x64) AppleWebKit/537.36 (KHTML, like Gecko) Chrome/144.0.0.0 Safari/537.36 0.045
0:0:0:0:0:0:0:1 - - [28/Jan/2026:19:14:25 +0000] GET /api/am/publisher/v4/apis/4465f418-66b3-45f3-9d93-25c463ea65f2/client-certs/PRODUCTION HTTP/1.1 200 104 https://localhost:9443/publisher/apis/4465f418-66b3-45f3-9d93-25c463ea65f2/runtime-configuration Mozilla/5.0 (Windows NT 10.0; Win64; x64) AppleWebKit/537.36 (KHTML, like Gecko) Chrome/144.0.0.0 Safari/537.36 0.022
0:0:0:0:0:0:0:1 - - [28/Jan/2026:19:14:25 +0000] GET /api/am/publisher/v4/apis/4465f418-66b3-45f3-9d93-25c463ea65f2/client-certs/SANDBOX HTTP/1.1 200 104 https://localhost:9443/publisher/apis/4465f418-66b3-45f3-9d93-25c463ea65f2/runtime-configuration Mozilla/5.0 (Windows NT 10.0; Win64; x64) AppleWebKit/537.36 (KHTML, like Gecko) Chrome/144.0.0.0 Safari/537.36 0.018
127.0.0.1 - - [28/Jan/2026:19:14:25 +0000] GET /oauth2/token/.well-known/openid-configuration HTTP/1.1 200 2404 - Apache-HttpClient/4.5.13 (Java/21.0.10) 0.006
0:0:0:0:0:0:0:1 - - [28/Jan/2026:19:14:25 +0000] GET /api/am/publisher/v4/key-managers HTTP/1.1 200 218 https://localhost:9443/publisher/apis/4465f418-66b3-45f3-9d93-25c463ea65f2/runtime-configuration Mozilla/5.0 (Windows NT 10.0; Win64; x64) AppleWebKit/537.36 (KHTML, like Gecko) Chrome/144.0.0.0 Safari/537.36 0.038
127.0.0.1 - - [28/Jan/2026:19:14:26 +0000] GET /oauth2/token/.well-known/openid-configuration HTTP/1.1 200 2404 - Apache-HttpClient/4.5.13 (Java/21.0.10) 0.009
0:0:0:0:0:0:0:1 - - [28/Jan/2026:19:14:26 +0000] GET /api/am/publisher/v4/key-managers HTTP/1.1 200 218 https://localhost:9443/publisher/apis/4465f418-66b3-45f3-9d93-25c463ea65f2/runtime-configuration Mozilla/5.0 (Windows NT 10.0; Win64; x64) AppleWebKit/537.36 (KHTML, like Gecko) Chrome/144.0.0.0 Safari/537.36 0.037
0:0:0:0:0:0:0:1 - - [28/Jan/2026:19:14:31 +0000] GET /api/am/publisher/v4/apis/4465f418-66b3-45f3-9d93-25c463ea65f2/asyncapi HTTP/1.1 200 - https://localhost:9443/publisher/apis/4465f418-66b3-45f3-9d93-25c463ea65f2/deployments Mozilla/5.0 (Windows NT 10.0; Win64; x64) AppleWebKit/537.36 (KHTML, like Gecko) Chrome/144.0.0.0 Safari/537.36 0.043
127.0.0.1 - - [28/Jan/2026:19:14:36 +0000] POST /internal/data/v1/notify-gateway HTTP/1.1 200 76 - Apache-HttpClient/4.5.13 (Java/21.0.10) 0.025
0:0:0:0:0:0:0:1 - - [28/Jan/2026:19:14:44 +0000] GET /api/am/publisher/v4/api-products?limit=5&offset=0 HTTP/1.1 200 91 https://localhost:9443/publisher/ Mozilla/5.0 (Windows NT 10.0; Win64; x64) AppleWebKit/537.36 (KHTML, like Gecko) Chrome/144.0.0.0 Safari/537.36 0.052
0:0:0:0:0:0:0:1 - - [28/Jan/2026:19:14:44 +0000] - 400 - - - 0.000
0:0:0:0:0:0:0:1 - - [28/Jan/2026:19:14:44 +0000] GET /api/am/publisher/v4/api-products?limit=5&offset=0 HTTP/1.1 200 91 https://localhost:9443/publisher/ Mozilla/5.0 (Windows NT 10.0; Win64; x64) AppleWebKit/537.36 (KHTML, like Gecko) Chrome/144.0.0.0 Safari/537.36 0.019
0:0:0:0:0:0:0:1 - - [28/Jan/2026:19:14:44 +0000] GET /api/am/publisher/v4/apis?limit=5&offset=0 HTTP/1.1 200 936 https://localhost:9443/publisher/ Mozilla/5.0 (Windows NT 10.0; Win64; x64) AppleWebKit/537.36 (KHTML, like Gecko) Chrome/144.0.0.0 Safari/537.36 0.097
0:0:0:0:0:0:0:1 - - [28/Jan/2026:19:14:44 +0000] GET /api/am/publisher/v4/mcp-servers?limit=5&offset=0 HTTP/1.1 200 91 https://localhost:9443/publisher/ Mozilla/5.0 (Windows NT 10.0; Win64; x64) AppleWebKit/537.36 (KHTML, like Gecko) Chrome/144.0.0.0 Safari/537.36 0.090
0:0:0:0:0:0:0:1 - - [28/Jan/2026:19:14:44 +0000] GET /api/am/publisher/v4/apis?limit=5&offset=0 HTTP/1.1 200 936 https://localhost:9443/publisher/ Mozilla/5.0 (Windows NT 10.0; Win64; x64) AppleWebKit/537.36 (KHTML, like Gecko) Chrome/144.0.0.0 Safari/537.36 0.022
0:0:0:0:0:0:0:1 - - [28/Jan/2026:19:14:44 +0000] - 400 - - - 0.000
0:0:0:0:0:0:0:1 - - [28/Jan/2026:19:14:44 +0000] GET /publisher/site/public/images/landing-icons/no-data.svg HTTP/1.1 200 1245 https://localhost:9443/publisher/ Mozilla/5.0 (Windows NT 10.0; Win64; x64) AppleWebKit/537.36 (KHTML, like Gecko) Chrome/144.0.0.0 Safari/537.36 0.012
0:0:0:0:0:0:0:1 - - [28/Jan/2026:19:14:44 +0000] GET /publisher/site/public/images/landing-icons/apis-bg.svg HTTP/1.1 200 5224 https://localhost:9443/publisher/ Mozilla/5.0 (Windows NT 10.0; Win64; x64) AppleWebKit/537.36 (KHTML, like Gecko) Chrome/144.0.0.0 Safari/537.36 0.011
0:0:0:0:0:0:0:1 - - [28/Jan/2026:19:14:44 +0000] GET /publisher/site/public/images/landing-icons/mcps-bg.svg HTTP/1.1 200 6343 https://localhost:9443/publisher/ Mozilla/5.0 (Windows NT 10.0; Win64; x64) AppleWebKit/537.36 (KHTML, like Gecko) Chrome/144.0.0.0 Safari/537.36 0.014
0:0:0:0:0:0:0:1 - - [28/Jan/2026:19:14:44 +0000] GET /publisher/site/public/images/landing-icons/api-products-bg.svg HTTP/1.1 200 6999 https://localhost:9443/publisher/ Mozilla/5.0 (Windows NT 10.0; Win64; x64) AppleWebKit/537.36 (KHTML, like Gecko) Chrome/144.0.0.0 Safari/537.36 0.008
0:0:0:0:0:0:0:1 - - [28/Jan/2026:19:14:55 +0000] GET /api/am/publisher/v4/api-products?limit=10&offset=0 HTTP/1.1 200 92 https://localhost:9443/publisher/api-products Mozilla/5.0 (Windows NT 10.0; Win64; x64) AppleWebKit/537.36 (KHTML, like Gecko) Chrome/144.0.0.0 Safari/537.36 0.021
0:0:0:0:0:0:0:1 - - [28/Jan/2026:19:14:55 +0000] GET /publisher/site/public/images/landing-icons/apiproduct.svg HTTP/1.1 200 3864 https://localhost:9443/publisher/api-products Mozilla/5.0 (Windows NT 10.0; Win64; x64) AppleWebKit/537.36 (KHTML, like Gecko) Chrome/144.0.0.0 Safari/537.36 0.008
0:0:0:0:0:0:0:1 - - [28/Jan/2026:19:14:57 +0000] GET /publisher/site/public/dist/APICreateRoutes.323aad285798b527c325.bundle.js HTTP/1.1 200 31238 https://localhost:9443/publisher/api-products/create Mozilla/5.0 (Windows NT 10.0; Win64; x64) AppleWebKit/537.36 (KHTML, like Gecko) Chrome/144.0.0.0 Safari/537.36 0.018
0:0:0:0:0:0:0:1 - - [28/Jan/2026:19:14:57 +0000] GET /api/am/publisher/v4/throttling-policies/subscription HTTP/1.1 200 488 https://localhost:9443/publisher/api-products/create Mozilla/5.0 (Windows NT 10.0; Win64; x64) AppleWebKit/537.36 (KHTML, like Gecko) Chrome/144.0.0.0 Safari/537.36 0.056
0:0:0:0:0:0:0:1 - - [28/Jan/2026:19:15:06 +0000] POST /api/am/publisher/v4/apis/validate?query=name%3Atestproductapi&limit=10&offset=0 HTTP/1.1 404 - https://localhost:9443/publisher/api-products/create Mozilla/5.0 (Windows NT 10.0; Win64; x64) AppleWebKit/537.36 (KHTML, like Gecko) Chrome/144.0.0.0 Safari/537.36 0.021
127.0.0.1 - - [28/Jan/2026:19:15:06 +0000] POST /internal/data/v1/notify-gateway HTTP/1.1 200 76 - Apache-HttpClient/4.5.13 (Java/21.0.10) 0.019
0:0:0:0:0:0:0:1 - - [28/Jan/2026:19:15:31 +0000] POST /api/am/publisher/v4/apis/validate?query=context%3A%2Ftestproduct&limit=10&offset=0 HTTP/1.1 404 - https://localhost:9443/publisher/api-products/create Mozilla/5.0 (Windows NT 10.0; Win64; x64) AppleWebKit/537.36 (KHTML, like Gecko) Chrome/144.0.0.0 Safari/537.36 0.016
127.0.0.1 - - [28/Jan/2026:19:15:36 +0000] POST /internal/data/v1/notify-gateway HTTP/1.1 200 76 - Apache-HttpClient/4.5.13 (Java/21.0.10) 0.018
0:0:0:0:0:0:0:1 - - [28/Jan/2026:19:15:54 +0000] POST /api/am/publisher/v4/apis/validate?query=context%3A%2Ftestproduct&limit=10&offset=0 HTTP/1.1 404 - https://localhost:9443/publisher/api-products/create Mozilla/5.0 (Windows NT 10.0; Win64; x64) AppleWebKit/537.36 (KHTML, like Gecko) Chrome/144.0.0.0 Safari/537.36 0.041
127.0.0.1 - - [28/Jan/2026:19:16:06 +0000] POST /internal/data/v1/notify-gateway HTTP/1.1 200 76 - Apache-HttpClient/4.5.13 (Java/21.0.10) 0.020
0:0:0:0:0:0:0:1 - - [28/Jan/2026:19:16:11 +0000] GET /api/am/publisher/v4/api-products?limit=10&offset=0 HTTP/1.1 200 92 https://localhost:9443/publisher/api-products Mozilla/5.0 (Windows NT 10.0; Win64; x64) AppleWebKit/537.36 (KHTML, like Gecko) Chrome/144.0.0.0 Safari/537.36 0.023
0:0:0:0:0:0:0:1 - - [28/Jan/2026:19:16:11 +0000] GET /publisher/site/public/images/landing-icons/apiproduct.svg HTTP/1.1 200 3864 https://localhost:9443/publisher/api-products Mozilla/5.0 (Windows NT 10.0; Win64; x64) AppleWebKit/537.36 (KHTML, like Gecko) Chrome/144.0.0.0 Safari/537.36 0.004
0:0:0:0:0:0:0:1 - - [28/Jan/2026:19:16:12 +0000] GET /api/am/publisher/v4/throttling-policies/subscription HTTP/1.1 200 488 https://localhost:9443/publisher/api-products/create Mozilla/5.0 (Windows NT 10.0; Win64; x64) AppleWebKit/537.36 (KHTML, like Gecko) Chrome/144.0.0.0 Safari/537.36 0.009
0:0:0:0:0:0:0:1 - - [28/Jan/2026:19:16:28 +0000] POST /api/am/publisher/v4/apis/validate?query=name%3Atestproductapi&limit=10&offset=0 HTTP/1.1 404 - https://localhost:9443/publisher/api-products/create Mozilla/5.0 (Windows NT 10.0; Win64; x64) AppleWebKit/537.36 (KHTML, like Gecko) Chrome/144.0.0.0 Safari/537.36 0.010
127.0.0.1 - - [28/Jan/2026:19:16:36 +0000] POST /internal/data/v1/notify-gateway HTTP/1.1 200 76 - Apache-HttpClient/4.5.13 (Java/21.0.10) 0.018
0:0:0:0:0:0:0:1 - - [28/Jan/2026:19:16:48 +0000] POST /api/am/publisher/v4/apis/validate?query=name%3Atestproductapi&limit=10&offset=0 HTTP/1.1 404 - https://localhost:9443/publisher/api-products/create Mozilla/5.0 (Windows NT 10.0; Win64; x64) AppleWebKit/537.36 (KHTML, like Gecko) Chrome/144.0.0.0 Safari/537.36 0.026
0:0:0:0:0:0:0:1 - - [28/Jan/2026:19:16:56 +0000] POST /api/am/publisher/v4/apis/validate?query=context%3A%2Ftestproduct&limit=10&offset=0 HTTP/1.1 404 - https://localhost:9443/publisher/api-products/create Mozilla/5.0 (Windows NT 10.0; Win64; x64) AppleWebKit/537.36 (KHTML, like Gecko) Chrome/144.0.0.0 Safari/537.36 0.015
127.0.0.1 - - [28/Jan/2026:19:17:06 +0000] POST /internal/data/v1/notify-gateway HTTP/1.1 200 76 - Apache-HttpClient/4.5.13 (Java/21.0.10) 0.025
0:0:0:0:0:0:0:1 - - [28/Jan/2026:19:17:11 +0000] GET /api/am/publisher/v4/apis?query=type%3AHTTP HTTP/1.1 200 937 https://localhost:9443/publisher/api-products/create Mozilla/5.0 (Windows NT 10.0; Win64; x64) AppleWebKit/537.36 (KHTML, like Gecko) Chrome/144.0.0.0 Safari/537.36 0.069
0:0:0:0:0:0:0:1 - - [28/Jan/2026:19:17:11 +0000] GET /api/am/publisher/v4/apis/4465f418-66b3-45f3-9d93-25c463ea65f2/swagger HTTP/1.1 200 2228 https://localhost:9443/publisher/api-products/create Mozilla/5.0 (Windows NT 10.0; Win64; x64) AppleWebKit/537.36 (KHTML, like Gecko) Chrome/144.0.0.0 Safari/537.36 0.029
127.0.0.1 - - [28/Jan/2026:19:17:36 +0000] POST /internal/data/v1/notify-gateway HTTP/1.1 200 76 - Apache-HttpClient/4.5.13 (Java/21.0.10) 0.020
0:0:0:0:0:0:0:1 - - [28/Jan/2026:19:17:48 +0000] POST /api/am/publisher/v4/api-products HTTP/1.1 201 1154 https://localhost:9443/publisher/api-products/create Mozilla/5.0 (Windows NT 10.0; Win64; x64) AppleWebKit/537.36 (KHTML, like Gecko) Chrome/144.0.0.0 Safari/537.36 0.722
0:0:0:0:0:0:0:1 - - [28/Jan/2026:19:17:48 +0000] POST /api/am/publisher/v4/api-products/cd4d5065-1f76-4792-a9f8-3a30945ac0cf/revisions HTTP/1.1 201 209 https://localhost:9443/publisher/api-products/create Mozilla/5.0 (Windows NT 10.0; Win64; x64) AppleWebKit/537.36 (KHTML, like Gecko) Chrome/144.0.0.0 Safari/537.36 0.340
0:0:0:0:0:0:0:1 - - [28/Jan/2026:19:17:49 +0000] POST /api/am/publisher/v4/api-products/cd4d5065-1f76-4792-a9f8-3a30945ac0cf/deploy-revision?revisionId=84cf8022-43eb-4505-bc87-19c1b6b77621 HTTP/1.1 201 259 https://localhost:9443/publisher/api-products/create Mozilla/5.0 (Windows NT 10.0; Win64; x64) AppleWebKit/537.36 (KHTML, like Gecko) Chrome/144.0.0.0 Safari/537.36 0.048
0:0:0:0:0:0:0:1 - - [28/Jan/2026:19:17:49 +0000] POST /api/am/publisher/v4/api-products/change-lifecycle?action=Publish&apiProductId=cd4d5065-1f76-4792-a9f8-3a30945ac0cf HTTP/1.1 200 298 https://localhost:9443/publisher/api-products/create Mozilla/5.0 (Windows NT 10.0; Win64; x64) AppleWebKit/537.36 (KHTML, like Gecko) Chrome/144.0.0.0 Safari/537.36 0.251
0:0:0:0:0:0:0:1 - - [28/Jan/2026:19:17:49 +0000] - 400 - - - 0.000
0:0:0:0:0:0:0:1 - - [28/Jan/2026:19:17:49 +0000] GET /api/am/publisher/v4/tenants?state=active HTTP/1.1 200 96 https://localhost:9443/publisher/api-products/cd4d5065-1f76-4792-a9f8-3a30945ac0cf/overview Mozilla/5.0 (Windows NT 10.0; Win64; x64) AppleWebKit/537.36 (KHTML, like Gecko) Chrome/144.0.0.0 Safari/537.36 0.006
0:0:0:0:0:0:0:1 - - [28/Jan/2026:19:17:49 +0000] GET /api/am/publisher/v4/api-products/cd4d5065-1f76-4792-a9f8-3a30945ac0cf HTTP/1.1 200 1152 https://localhost:9443/publisher/api-products/cd4d5065-1f76-4792-a9f8-3a30945ac0cf/overview Mozilla/5.0 (Windows NT 10.0; Win64; x64) AppleWebKit/537.36 (KHTML, like Gecko) Chrome/144.0.0.0 Safari/537.36 0.122
0:0:0:0:0:0:0:1 - - [28/Jan/2026:19:17:49 +0000] - 400 - - - 0.000
0:0:0:0:0:0:0:1 - - [28/Jan/2026:19:17:49 +0000] - 400 - - - 0.000
0:0:0:0:0:0:0:1 - - [28/Jan/2026:19:17:49 +0000] - 400 - - - 0.000
0:0:0:0:0:0:0:1 - - [28/Jan/2026:19:17:49 +0000] - 400 - - - 0.000
0:0:0:0:0:0:0:1 - - [28/Jan/2026:19:17:49 +0000] GET /api/am/publisher/v4/me/organization-information HTTP/1.1 200 35 https://localhost:9443/publisher/api-products/cd4d5065-1f76-4792-a9f8-3a30945ac0cf/overview Mozilla/5.0 (Windows NT 10.0; Win64; x64) AppleWebKit/537.36 (KHTML, like Gecko) Chrome/144.0.0.0 Safari/537.36 0.004
0:0:0:0:0:0:0:1 - - [28/Jan/2026:19:17:49 +0000] GET /api/am/publisher/v4/apis/cd4d5065-1f76-4792-a9f8-3a30945ac0cf/revisions?query=deployed%3Atrue HTTP/1.1 200 487 https://localhost:9443/publisher/api-products/cd4d5065-1f76-4792-a9f8-3a30945ac0cf/overview Mozilla/5.0 (Windows NT 10.0; Win64; x64) AppleWebKit/537.36 (KHTML, like Gecko) Chrome/144.0.0.0 Safari/537.36 0.020
0:0:0:0:0:0:0:1 - - [28/Jan/2026:19:17:49 +0000] GET /api/am/publisher/v4/api-products/cd4d5065-1f76-4792-a9f8-3a30945ac0cf/revisions?query=deployed%3Atrue HTTP/1.1 200 487 https://localhost:9443/publisher/api-products/cd4d5065-1f76-4792-a9f8-3a30945ac0cf/overview Mozilla/5.0 (Windows NT 10.0; Win64; x64) AppleWebKit/537.36 (KHTML, like Gecko) Chrome/144.0.0.0 Safari/537.36 0.035
0:0:0:0:0:0:0:1 - - [28/Jan/2026:19:17:49 +0000] GET /api/am/publisher/v4/api-products/cd4d5065-1f76-4792-a9f8-3a30945ac0cf/revisions HTTP/1.1 200 487 https://localhost:9443/publisher/api-products/cd4d5065-1f76-4792-a9f8-3a30945ac0cf/overview Mozilla/5.0 (Windows NT 10.0; Win64; x64) AppleWebKit/537.36 (KHTML, like Gecko) Chrome/144.0.0.0 Safari/537.36 0.045
0:0:0:0:0:0:0:1 - - [28/Jan/2026:19:17:49 +0000] GET /api/am/publisher/v4/api-products/cd4d5065-1f76-4792-a9f8-3a30945ac0cf/thumbnail HTTP/1.1 204 - https://localhost:9443/publisher/api-products/cd4d5065-1f76-4792-a9f8-3a30945ac0cf/overview Mozilla/5.0 (Windows NT 10.0; Win64; x64) AppleWebKit/537.36 (KHTML, like Gecko) Chrome/144.0.0.0 Safari/537.36 0.058
0:0:0:0:0:0:0:1 - - [28/Jan/2026:19:17:50 +0000] GET /api/am/publisher/v4/settings HTTP/1.1 200 1569 https://localhost:9443/publisher/api-products/cd4d5065-1f76-4792-a9f8-3a30945ac0cf/overview Mozilla/5.0 (Windows NT 10.0; Win64; x64) AppleWebKit/537.36 (KHTML, like Gecko) Chrome/144.0.0.0 Safari/537.36 0.275
127.0.0.1 - - [28/Jan/2026:19:18:06 +0000] POST /internal/data/v1/notify-gateway HTTP/1.1 200 76 - Apache-HttpClient/4.5.13 (Java/21.0.10) 0.017
0:0:0:0:0:0:0:1 - - [28/Jan/2026:19:18:10 +0000] GET /devportal/apis/4465f418-66b3-45f3-9d93-25c463ea65f2/api-console HTTP/1.1 200 1691 https://localhost:9443/devportal/apis Mozilla/5.0 (Windows NT 10.0; Win64; x64) AppleWebKit/537.36 (KHTML, like Gecko) Chrome/144.0.0.0 Safari/537.36 0.016
0:0:0:0:0:0:0:1 - - [28/Jan/2026:19:18:10 +0000] GET /devportal/site/public/css/main.css HTTP/1.1 200 2525 https://localhost:9443/devportal/apis/4465f418-66b3-45f3-9d93-25c463ea65f2/api-console Mozilla/5.0 (Windows NT 10.0; Win64; x64) AppleWebKit/537.36 (KHTML, like Gecko) Chrome/144.0.0.0 Safari/537.36 0.009
0:0:0:0:0:0:0:1 - - [28/Jan/2026:19:18:10 +0000] GET /devportal/site/public/fonts/iconfont/material-icons.css HTTP/1.1 200 970 https://localhost:9443/devportal/apis/4465f418-66b3-45f3-9d93-25c463ea65f2/api-console Mozilla/5.0 (Windows NT 10.0; Win64; x64) AppleWebKit/537.36 (KHTML, like Gecko) Chrome/144.0.0.0 Safari/537.36 0.008
0:0:0:0:0:0:0:1 - - [28/Jan/2026:19:18:10 +0000] GET /devportal/site/public/fonts/iconfont/MaterialIcons.js HTTP/1.1 200 6703 https://localhost:9443/devportal/apis/4465f418-66b3-45f3-9d93-25c463ea65f2/api-console Mozilla/5.0 (Windows NT 10.0; Win64; x64) AppleWebKit/537.36 (KHTML, like Gecko) Chrome/144.0.0.0 Safari/537.36 0.011
0:0:0:0:0:0:0:1 - - [28/Jan/2026:19:18:10 +0000] GET /devportal/services/settings/settings.js HTTP/1.1 200 1667 https://localhost:9443/devportal/apis/4465f418-66b3-45f3-9d93-25c463ea65f2/api-console Mozilla/5.0 (Windows NT 10.0; Win64; x64) AppleWebKit/537.36 (KHTML, like Gecko) Chrome/144.0.0.0 Safari/537.36 0.015
0:0:0:0:0:0:0:1 - - [28/Jan/2026:19:18:10 +0000] GET /devportal/site/public/theme/userTheme.js HTTP/1.1 200 96 https://localhost:9443/devportal/apis/4465f418-66b3-45f3-9d93-25c463ea65f2/api-console Mozilla/5.0 (Windows NT 10.0; Win64; x64) AppleWebKit/537.36 (KHTML, like Gecko) Chrome/144.0.0.0 Safari/537.36 0.017
0:0:0:0:0:0:0:1 - - [28/Jan/2026:19:18:10 +0000] GET /devportal/site/public/css/overrides.css HTTP/1.1 200 244 https://localhost:9443/devportal/apis/4465f418-66b3-45f3-9d93-25c463ea65f2/api-console Mozilla/5.0 (Windows NT 10.0; Win64; x64) AppleWebKit/537.36 (KHTML, like Gecko) Chrome/144.0.0.0 Safari/537.36 0.006
0:0:0:0:0:0:0:1 - - [28/Jan/2026:19:18:10 +0000] GET /devportal/site/public/dist/index.1f9e1ab1142655275175.bundle.js HTTP/1.1 200 384199 https://localhost:9443/devportal/apis/4465f418-66b3-45f3-9d93-25c463ea65f2/api-console Mozilla/5.0 (Windows NT 10.0; Win64; x64) AppleWebKit/537.36 (KHTML, like Gecko) Chrome/144.0.0.0 Safari/537.36 0.125
0:0:0:0:0:0:0:1 - - [28/Jan/2026:19:18:10 +0000] GET /devportal/site/public/images/_favicon.ico HTTP/1.1 200 1150 https://localhost:9443/devportal/apis/4465f418-66b3-45f3-9d93-25c463ea65f2/api-console Mozilla/5.0 (Windows NT 10.0; Win64; x64) AppleWebKit/537.36 (KHTML, like Gecko) Chrome/144.0.0.0 Safari/537.36 0.009
0:0:0:0:0:0:0:1 - - [28/Jan/2026:19:18:10 +0000] GET /devportal/site/public/locales/fr.json HTTP/1.1 404 247 https://localhost:9443/devportal/apis/4465f418-66b3-45f3-9d93-25c463ea65f2/api-console Mozilla/5.0 (Windows NT 10.0; Win64; x64) AppleWebKit/537.36 (KHTML, like Gecko) Chrome/144.0.0.0 Safari/537.36 0.014
0:0:0:0:0:0:0:1 - - [28/Jan/2026:19:18:10 +0000] GET /api/am/devportal/v3/swagger.yaml HTTP/1.1 200 33642 https://localhost:9443/devportal/apis/4465f418-66b3-45f3-9d93-25c463ea65f2/api-console Mozilla/5.0 (Windows NT 10.0; Win64; x64) AppleWebKit/537.36 (KHTML, like Gecko) Chrome/144.0.0.0 Safari/537.36 0.022
0:0:0:0:0:0:0:1 - - [28/Jan/2026:19:18:10 +0000] GET /devportal/site/public/images/favicon.ico HTTP/1.1 200 162098 https://localhost:9443/devportal/apis/4465f418-66b3-45f3-9d93-25c463ea65f2/api-console Mozilla/5.0 (Windows NT 10.0; Win64; x64) AppleWebKit/537.36 (KHTML, like Gecko) Chrome/144.0.0.0 Safari/537.36 0.006
0:0:0:0:0:0:0:1 - - [28/Jan/2026:19:18:10 +0000] GET /api/am/devportal/v3/settings HTTP/1.1 200 558 https://localhost:9443/devportal/apis/4465f418-66b3-45f3-9d93-25c463ea65f2/api-console Mozilla/5.0 (Windows NT 10.0; Win64; x64) AppleWebKit/537.36 (KHTML, like Gecko) Chrome/144.0.0.0 Safari/537.36 0.127
0:0:0:0:0:0:0:1 - - [28/Jan/2026:19:18:10 +0000] GET /devportal/site/public/theme/temporary_features_config.json HTTP/1.1 200 - https://localhost:9443/devportal/apis/4465f418-66b3-45f3-9d93-25c463ea65f2/api-console Mozilla/5.0 (Windows NT 10.0; Win64; x64) AppleWebKit/537.36 (KHTML, like Gecko) Chrome/144.0.0.0 Safari/537.36 0.008
0:0:0:0:0:0:0:1 - - [28/Jan/2026:19:18:10 +0000] GET /devportal/site/public/theme/temporary_environments_config.json HTTP/1.1 200 - https://localhost:9443/devportal/apis/4465f418-66b3-45f3-9d93-25c463ea65f2/api-console Mozilla/5.0 (Windows NT 10.0; Win64; x64) AppleWebKit/537.36 (KHTML, like Gecko) Chrome/144.0.0.0 Safari/537.36 0.008
0:0:0:0:0:0:0:1 - - [28/Jan/2026:19:18:10 +0000] GET /api/am/devportal/v3/tenants?state=active HTTP/1.1 200 96 https://localhost:9443/devportal/apis/4465f418-66b3-45f3-9d93-25c463ea65f2/api-console Mozilla/5.0 (Windows NT 10.0; Win64; x64) AppleWebKit/537.36 (KHTML, like Gecko) Chrome/144.0.0.0 Safari/537.36 0.009
0:0:0:0:0:0:0:1 - - [28/Jan/2026:19:18:10 +0000] GET /oidc/checksession?client_id=RHarOAq_8mNUAac7Wfr5xW10M_ga&redirect_uri=https://localhost:9443/devportal/services/auth/callback/login HTTP/1.1 200 3134 https://localhost:9443/devportal/apis/4465f418-66b3-45f3-9d93-25c463ea65f2/api-console Mozilla/5.0 (Windows NT 10.0; Win64; x64) AppleWebKit/537.36 (KHTML, like Gecko) Chrome/144.0.0.0 Safari/537.36 0.003
0:0:0:0:0:0:0:1 - - [28/Jan/2026:19:18:10 +0000] GET /devportal HTTP/1.1 302 - https://localhost:9443/devportal/apis/4465f418-66b3-45f3-9d93-25c463ea65f2/api-console Mozilla/5.0 (Windows NT 10.0; Win64; x64) AppleWebKit/537.36 (KHTML, like Gecko) Chrome/144.0.0.0 Safari/537.36 0.000
0:0:0:0:0:0:0:1 - - [28/Jan/2026:19:18:10 +0000] GET /api/am/devportal/v3/me/organization-information HTTP/1.1 200 35 https://localhost:9443/devportal/apis/4465f418-66b3-45f3-9d93-25c463ea65f2/api-console Mozilla/5.0 (Windows NT 10.0; Win64; x64) AppleWebKit/537.36 (KHTML, like Gecko) Chrome/144.0.0.0 Safari/537.36 0.009
0:0:0:0:0:0:0:1 - - [28/Jan/2026:19:18:10 +0000] GET /devportal/site/public/fonts/Open_Sans/mem8YaGs126MiZpBA-UFVZ0bf8pkAg.woff2 HTTP/1.1 200 8892 https://localhost:9443/devportal/site/public/css/main.css Mozilla/5.0 (Windows NT 10.0; Win64; x64) AppleWebKit/537.36 (KHTML, like Gecko) Chrome/144.0.0.0 Safari/537.36 0.006
0:0:0:0:0:0:0:1 - - [28/Jan/2026:19:18:10 +0000] GET /devportal/site/public/fonts/Open_Sans/mem5YaGs126MiZpBA-UN7rgOUuhpKKSTjw.woff2 HTTP/1.1 200 8800 https://localhost:9443/devportal/site/public/css/main.css Mozilla/5.0 (Windows NT 10.0; Win64; x64) AppleWebKit/537.36 (KHTML, like Gecko) Chrome/144.0.0.0 Safari/537.36 0.004
0:0:0:0:0:0:0:1 - - [28/Jan/2026:19:18:10 +0000] GET /devportal/site/public/fonts/iconfont/MaterialIcons-Regular.woff2 HTTP/1.1 200 60840 https://localhost:9443/devportal/site/public/fonts/iconfont/material-icons.css Mozilla/5.0 (Windows NT 10.0; Win64; x64) AppleWebKit/537.36 (KHTML, like Gecko) Chrome/144.0.0.0 Safari/537.36 0.006
0:0:0:0:0:0:0:1 - - [28/Jan/2026:19:18:10 +0000] GET /devportal/ HTTP/1.1 200 1691 https://localhost:9443/devportal/apis/4465f418-66b3-45f3-9d93-25c463ea65f2/api-console Mozilla/5.0 (Windows NT 10.0; Win64; x64) AppleWebKit/537.36 (KHTML, like Gecko) Chrome/144.0.0.0 Safari/537.36 0.006
0:0:0:0:0:0:0:1 - - [28/Jan/2026:19:18:10 +0000] GET /api/am/devportal/v3/applications?limit=5000 HTTP/1.1 200 708 https://localhost:9443/devportal/apis/4465f418-66b3-45f3-9d93-25c463ea65f2/api-console Mozilla/5.0 (Windows NT 10.0; Win64; x64) AppleWebKit/537.36 (KHTML, like Gecko) Chrome/144.0.0.0 Safari/537.36 0.008
0:0:0:0:0:0:0:1 - - [28/Jan/2026:19:18:10 +0000] GET /api/am/devportal/v3/apis/4465f418-66b3-45f3-9d93-25c463ea65f2 HTTP/1.1 200 2681 https://localhost:9443/devportal/apis/4465f418-66b3-45f3-9d93-25c463ea65f2/api-console Mozilla/5.0 (Windows NT 10.0; Win64; x64) AppleWebKit/537.36 (KHTML, like Gecko) Chrome/144.0.0.0 Safari/537.36 0.040
127.0.0.1 - - [28/Jan/2026:19:18:10 +0000] GET /keymanager-operations/dcr/register/RTFvQVZTSVUxVjBCRXZGZ293a3V2cXFYbzRZYQ%3D%3D HTTP/1.1 200 773 - Apache-HttpClient/4.5.13 (Java/21.0.10) 0.020
127.0.0.1 - - [28/Jan/2026:19:18:10 +0000] GET /keymanager-operations/dcr/register/RTFvQVZTSVUxVjBCRXZGZ293a3V2cXFYbzRZYQ%3D%3D HTTP/1.1 200 773 - Apache-HttpClient/4.5.13 (Java/21.0.10) 0.020
127.0.0.1 - - [28/Jan/2026:19:18:10 +0000] GET /keymanager-operations/dcr/register/cTU3bnhHTmZOZjlwRHJHRW9RZ0ExcnF2dFJ3YQ%3D%3D HTTP/1.1 200 773 - Apache-HttpClient/4.5.13 (Java/21.0.10) 0.009
127.0.0.1 - - [28/Jan/2026:19:18:10 +0000] GET /keymanager-operations/dcr/register/cTU3bnhHTmZOZjlwRHJHRW9RZ0ExcnF2dFJ3YQ%3D%3D HTTP/1.1 200 773 - Apache-HttpClient/4.5.13 (Java/21.0.10) 0.009
0:0:0:0:0:0:0:1 - - [28/Jan/2026:19:18:10 +0000] GET /api/am/devportal/v3/subscriptions?apiId=4465f418-66b3-45f3-9d93-25c463ea65f2&limit=25 HTTP/1.1 200 946 https://localhost:9443/devportal/apis/4465f418-66b3-45f3-9d93-25c463ea65f2/api-console Mozilla/5.0 (Windows NT 10.0; Win64; x64) AppleWebKit/537.36 (KHTML, like Gecko) Chrome/144.0.0.0 Safari/537.36 0.101
0:0:0:0:0:0:0:1 - - [28/Jan/2026:19:18:10 +0000] GET /api/am/devportal/v3/subscriptions?apiId=4465f418-66b3-45f3-9d93-25c463ea65f2&limit=5000 HTTP/1.1 200 947 https://localhost:9443/devportal/apis/4465f418-66b3-45f3-9d93-25c463ea65f2/api-console Mozilla/5.0 (Windows NT 10.0; Win64; x64) AppleWebKit/537.36 (KHTML, like Gecko) Chrome/144.0.0.0 Safari/537.36 0.100
0:0:0:0:0:0:0:1 - - [28/Jan/2026:19:18:10 +0000] GET /api/am/devportal/v3/settings HTTP/1.1 200 558 https://localhost:9443/devportal/apis/4465f418-66b3-45f3-9d93-25c463ea65f2/api-console Mozilla/5.0 (Windows NT 10.0; Win64; x64) AppleWebKit/537.36 (KHTML, like Gecko) Chrome/144.0.0.0 Safari/537.36 0.101
0:0:0:0:0:0:0:1 - - [28/Jan/2026:19:18:11 +0000] GET /api/am/devportal/v3/apis/4465f418-66b3-45f3-9d93-25c463ea65f2 HTTP/1.1 200 2681 https://localhost:9443/devportal/apis/4465f418-66b3-45f3-9d93-25c463ea65f2/api-console Mozilla/5.0 (Windows NT 10.0; Win64; x64) AppleWebKit/537.36 (KHTML, like Gecko) Chrome/144.0.0.0 Safari/537.36 0.030
0:0:0:0:0:0:0:1 - - [28/Jan/2026:19:18:11 +0000] GET /api/am/devportal/v3/apis/4465f418-66b3-45f3-9d93-25c463ea65f2/swagger?environmentName=Default HTTP/1.1 200 1926 https://localhost:9443/devportal/apis/4465f418-66b3-45f3-9d93-25c463ea65f2/api-console Mozilla/5.0 (Windows NT 10.0; Win64; x64) AppleWebKit/537.36 (KHTML, like Gecko) Chrome/144.0.0.0 Safari/537.36 0.045
127.0.0.1 - - [28/Jan/2026:19:18:11 +0000] GET /keymanager-operations/dcr/register/RTFvQVZTSVUxVjBCRXZGZ293a3V2cXFYbzRZYQ%3D%3D HTTP/1.1 200 773 - Apache-HttpClient/4.5.13 (Java/21.0.10) 0.019
127.0.0.1 - - [28/Jan/2026:19:18:11 +0000] GET /keymanager-operations/dcr/register/cTU3bnhHTmZOZjlwRHJHRW9RZ0ExcnF2dFJ3YQ%3D%3D HTTP/1.1 200 773 - Apache-HttpClient/4.5.13 (Java/21.0.10) 0.016
0:0:0:0:0:0:0:1 - - [28/Jan/2026:19:18:11 +0000] GET /api/am/devportal/v3/swagger.yaml HTTP/1.1 200 33642 https://localhost:9443/devportal/apis/4465f418-66b3-45f3-9d93-25c463ea65f2/api-console Mozilla/5.0 (Windows NT 10.0; Win64; x64) AppleWebKit/537.36 (KHTML, like Gecko) Chrome/144.0.0.0 Safari/537.36 0.023
0:0:0:0:0:0:0:1 - - [28/Jan/2026:19:18:11 +0000] GET /api/am/devportal/v3/subscriptions?apiId=4465f418-66b3-45f3-9d93-25c463ea65f2&limit=25 HTTP/1.1 200 946 https://localhost:9443/devportal/apis/4465f418-66b3-45f3-9d93-25c463ea65f2/api-console Mozilla/5.0 (Windows NT 10.0; Win64; x64) AppleWebKit/537.36 (KHTML, like Gecko) Chrome/144.0.0.0 Safari/537.36 0.097
127.0.0.1 - - [28/Jan/2026:19:18:11 +0000] GET /oauth2/token/.well-known/openid-configuration HTTP/1.1 200 2404 - Apache-HttpClient/4.5.13 (Java/21.0.10) 0.007
0:0:0:0:0:0:0:1 - - [28/Jan/2026:19:18:11 +0000] GET /api/am/devportal/v3/key-managers HTTP/1.1 200 763 https://localhost:9443/devportal/apis/4465f418-66b3-45f3-9d93-25c463ea65f2/api-console Mozilla/5.0 (Windows NT 10.0; Win64; x64) AppleWebKit/537.36 (KHTML, like Gecko) Chrome/144.0.0.0 Safari/537.36 0.045
127.0.0.1 - - [28/Jan/2026:19:18:11 +0000] GET /keymanager-operations/dcr/register/RTFvQVZTSVUxVjBCRXZGZ293a3V2cXFYbzRZYQ%3D%3D HTTP/1.1 200 773 - Apache-HttpClient/4.5.13 (Java/21.0.10) 0.012
127.0.0.1 - - [28/Jan/2026:19:18:11 +0000] GET /keymanager-operations/dcr/register/cTU3bnhHTmZOZjlwRHJHRW9RZ0ExcnF2dFJ3YQ%3D%3D HTTP/1.1 200 773 - Apache-HttpClient/4.5.13 (Java/21.0.10) 0.013
0:0:0:0:0:0:0:1 - - [28/Jan/2026:19:18:11 +0000] GET /api/am/devportal/v3/subscriptions?apiId=4465f418-66b3-45f3-9d93-25c463ea65f2&limit=25 HTTP/1.1 200 946 https://localhost:9443/devportal/apis/4465f418-66b3-45f3-9d93-25c463ea65f2/api-console Mozilla/5.0 (Windows NT 10.0; Win64; x64) AppleWebKit/537.36 (KHTML, like Gecko) Chrome/144.0.0.0 Safari/537.36 0.071
0:0:0:0:0:0:0:1 - - [28/Jan/2026:19:18:11 +0000] GET /api/am/devportal/v3/applications/ HTTP/1.1 200 706 https://localhost:9443/devportal/apis/4465f418-66b3-45f3-9d93-25c463ea65f2/api-console Mozilla/5.0 (Windows NT 10.0; Win64; x64) AppleWebKit/537.36 (KHTML, like Gecko) Chrome/144.0.0.0 Safari/537.36 0.014
0:0:0:0:0:0:0:1 - - [28/Jan/2026:19:18:11 +0000] GET /api/am/devportal/v3/swagger.yaml HTTP/1.1 200 33642 https://localhost:9443/devportal/apis/4465f418-66b3-45f3-9d93-25c463ea65f2/api-console Mozilla/5.0 (Windows NT 10.0; Win64; x64) AppleWebKit/537.36 (KHTML, like Gecko) Chrome/144.0.0.0 Safari/537.36 0.020
127.0.0.1 - - [28/Jan/2026:19:18:11 +0000] GET /keymanager-operations/dcr/register/RTFvQVZTSVUxVjBCRXZGZ293a3V2cXFYbzRZYQ%3D%3D HTTP/1.1 200 773 - Apache-HttpClient/4.5.13 (Java/21.0.10) 0.015
0:0:0:0:0:0:0:1 - - [28/Jan/2026:19:18:11 +0000] GET /api/am/devportal/v3/applications/f16466da-b4c3-4543-a0d3-e62539a29cbd HTTP/1.1 200 404 https://localhost:9443/devportal/apis/4465f418-66b3-45f3-9d93-25c463ea65f2/api-console Mozilla/5.0 (Windows NT 10.0; Win64; x64) AppleWebKit/537.36 (KHTML, like Gecko) Chrome/144.0.0.0 Safari/537.36 0.027
127.0.0.1 - - [28/Jan/2026:19:18:11 +0000] GET /keymanager-operations/dcr/register/RTFvQVZTSVUxVjBCRXZGZ293a3V2cXFYbzRZYQ%3D%3D HTTP/1.1 200 773 - Apache-HttpClient/4.5.13 (Java/21.0.10) 0.023
0:0:0:0:0:0:0:1 - - [28/Jan/2026:19:18:11 +0000] GET /api/am/devportal/v3/applications/f16466da-b4c3-4543-a0d3-e62539a29cbd/oauth-keys HTTP/1.1 200 868 https://localhost:9443/devportal/apis/4465f418-66b3-45f3-9d93-25c463ea65f2/api-console Mozilla/5.0 (Windows NT 10.0; Win64; x64) AppleWebKit/537.36 (KHTML, like Gecko) Chrome/144.0.0.0 Safari/537.36 0.035
0:0:0:0:0:0:0:1 - - [28/Jan/2026:19:18:11 +0000] GET /api/am/devportal/v3/swagger.yaml HTTP/1.1 200 33642 https://localhost:9443/devportal/apis/4465f418-66b3-45f3-9d93-25c463ea65f2/api-console Mozilla/5.0 (Windows NT 10.0; Win64; x64) AppleWebKit/537.36 (KHTML, like Gecko) Chrome/144.0.0.0 Safari/537.36 0.023
127.0.0.1 - - [28/Jan/2026:19:18:11 +0000] GET /keymanager-operations/dcr/register/RTFvQVZTSVUxVjBCRXZGZ293a3V2cXFYbzRZYQ%3D%3D HTTP/1.1 200 773 - Apache-HttpClient/4.5.13 (Java/21.0.10) 0.012
0:0:0:0:0:0:0:1 - - [28/Jan/2026:19:18:11 +0000] GET /api/am/devportal/v3/applications/f16466da-b4c3-4543-a0d3-e62539a29cbd HTTP/1.1 200 404 https://localhost:9443/devportal/apis/4465f418-66b3-45f3-9d93-25c463ea65f2/api-console Mozilla/5.0 (Windows NT 10.0; Win64; x64) AppleWebKit/537.36 (KHTML, like Gecko) Chrome/144.0.0.0 Safari/537.36 0.026
127.0.0.1 - - [28/Jan/2026:19:18:11 +0000] GET /keymanager-operations/dcr/register/RTFvQVZTSVUxVjBCRXZGZ293a3V2cXFYbzRZYQ%3D%3D HTTP/1.1 200 773 - Apache-HttpClient/4.5.13 (Java/21.0.10) 0.015
0:0:0:0:0:0:0:1 - - [28/Jan/2026:19:18:11 +0000] GET /api/am/devportal/v3/applications/f16466da-b4c3-4543-a0d3-e62539a29cbd/oauth-keys HTTP/1.1 200 868 https://localhost:9443/devportal/apis/4465f418-66b3-45f3-9d93-25c463ea65f2/api-console Mozilla/5.0 (Windows NT 10.0; Win64; x64) AppleWebKit/537.36 (KHTML, like Gecko) Chrome/144.0.0.0 Safari/537.36 0.028
0:0:0:0:0:0:0:1 - - [28/Jan/2026:19:18:14 +0000] GET /devportal/site/public/images/_favicon.ico HTTP/1.1 200 1150 https://localhost:9443/devportal/apis/4465f418-66b3-45f3-9d93-25c463ea65f2/credentials Mozilla/5.0 (Windows NT 10.0; Win64; x64) AppleWebKit/537.36 (KHTML, like Gecko) Chrome/144.0.0.0 Safari/537.36 0.003
0:0:0:0:0:0:0:1 - - [28/Jan/2026:19:18:14 +0000] GET /devportal/site/public/fonts/Open_Sans/open-sans-v43-latin-600.woff2 HTTP/1.1 200 18600 https://localhost:9443/devportal/site/public/css/main.css Mozilla/5.0 (Windows NT 10.0; Win64; x64) AppleWebKit/537.36 (KHTML, like Gecko) Chrome/144.0.0.0 Safari/537.36 0.007
127.0.0.1 - - [28/Jan/2026:19:18:36 +0000] POST /internal/data/v1/notify-gateway HTTP/1.1 200 76 - Apache-HttpClient/4.5.13 (Java/21.0.10) 0.018
0:0:0:0:0:0:0:1 - - [28/Jan/2026:19:18:41 +0000] GET /api/am/devportal/v3/settings/application-attributes HTTP/1.1 200 21 https://localhost:9443/devportal/apis/4465f418-66b3-45f3-9d93-25c463ea65f2/credentials/wizard Mozilla/5.0 (Windows NT 10.0; Win64; x64) AppleWebKit/537.36 (KHTML, like Gecko) Chrome/144.0.0.0 Safari/537.36 0.017
0:0:0:0:0:0:0:1 - - [28/Jan/2026:19:18:41 +0000] GET /api/am/devportal/v3/throttling-policies/application HTTP/1.1 200 473 https://localhost:9443/devportal/apis/4465f418-66b3-45f3-9d93-25c463ea65f2/credentials/wizard Mozilla/5.0 (Windows NT 10.0; Win64; x64) AppleWebKit/537.36 (KHTML, like Gecko) Chrome/144.0.0.0 Safari/537.36 0.021
0:0:0:0:0:0:0:1 - - [28/Jan/2026:19:18:41 +0000] GET /devportal/site/public/images/_favicon.ico HTTP/1.1 200 1150 https://localhost:9443/devportal/apis/4465f418-66b3-45f3-9d93-25c463ea65f2/credentials/wizard Mozilla/5.0 (Windows NT 10.0; Win64; x64) AppleWebKit/537.36 (KHTML, like Gecko) Chrome/144.0.0.0 Safari/537.36 0.006
127.0.0.1 - - [28/Jan/2026:19:18:42 +0000] GET /oauth2/token/.well-known/openid-configuration HTTP/1.1 200 2404 - Apache-HttpClient/4.5.13 (Java/21.0.10) 0.008
0:0:0:0:0:0:0:1 - - [28/Jan/2026:19:18:42 +0000] GET /api/am/devportal/v3/key-managers HTTP/1.1 200 763 https://localhost:9443/devportal/apis/4465f418-66b3-45f3-9d93-25c463ea65f2/credentials/wizard Mozilla/5.0 (Windows NT 10.0; Win64; x64) AppleWebKit/537.36 (KHTML, like Gecko) Chrome/144.0.0.0 Safari/537.36 0.057
0:0:0:0:0:0:0:1 - - [28/Jan/2026:19:18:49 +0000] GET /devportal/site/public/images/_favicon.ico HTTP/1.1 200 1150 https://localhost:9443/devportal/apis/4465f418-66b3-45f3-9d93-25c463ea65f2/credentials Mozilla/5.0 (Windows NT 10.0; Win64; x64) AppleWebKit/537.36 (KHTML, like Gecko) Chrome/144.0.0.0 Safari/537.36 0.004
0:0:0:0:0:0:0:1 - - [28/Jan/2026:19:18:57 +0000] GET /devportal/site/public/images/_favicon.ico HTTP/1.1 200 1150 https://localhost:9443/devportal/apis/4465f418-66b3-45f3-9d93-25c463ea65f2/overview Mozilla/5.0 (Windows NT 10.0; Win64; x64) AppleWebKit/537.36 (KHTML, like Gecko) Chrome/144.0.0.0 Safari/537.36 0.006
0:0:0:0:0:0:0:1 - - [28/Jan/2026:19:18:57 +0000] GET /api/am/devportal/v3/throttling-policies/subscription HTTP/1.1 200 751 https://localhost:9443/devportal/apis/4465f418-66b3-45f3-9d93-25c463ea65f2/overview Mozilla/5.0 (Windows NT 10.0; Win64; x64) AppleWebKit/537.36 (KHTML, like Gecko) Chrome/144.0.0.0 Safari/537.36 0.012
0:0:0:0:0:0:0:1 - - [28/Jan/2026:19:18:57 +0000] GET /api/am/devportal/v3/throttling-policies/subscription HTTP/1.1 200 751 https://localhost:9443/devportal/apis/4465f418-66b3-45f3-9d93-25c463ea65f2/overview Mozilla/5.0 (Windows NT 10.0; Win64; x64) AppleWebKit/537.36 (KHTML, like Gecko) Chrome/144.0.0.0 Safari/537.36 0.013
0:0:0:0:0:0:0:1 - - [28/Jan/2026:19:18:57 +0000] GET /api/am/devportal/v3/apis/4465f418-66b3-45f3-9d93-25c463ea65f2/documents HTTP/1.1 200 92 https://localhost:9443/devportal/apis/4465f418-66b3-45f3-9d93-25c463ea65f2/overview Mozilla/5.0 (Windows NT 10.0; Win64; x64) AppleWebKit/537.36 (KHTML, like Gecko) Chrome/144.0.0.0 Safari/537.36 0.035
0:0:0:0:0:0:0:1 - - [28/Jan/2026:19:18:57 +0000] GET /api/am/devportal/v3/apis/4465f418-66b3-45f3-9d93-25c463ea65f2/documents HTTP/1.1 200 92 https://localhost:9443/devportal/apis/4465f418-66b3-45f3-9d93-25c463ea65f2/overview Mozilla/5.0 (Windows NT 10.0; Win64; x64) AppleWebKit/537.36 (KHTML, like Gecko) Chrome/144.0.0.0 Safari/537.36 0.015
0:0:0:0:0:0:0:1 - - [28/Jan/2026:19:18:57 +0000] GET /api/am/devportal/v3/apis/4465f418-66b3-45f3-9d93-25c463ea65f2/ratings HTTP/1.1 200 125 https://localhost:9443/devportal/apis/4465f418-66b3-45f3-9d93-25c463ea65f2/overview Mozilla/5.0 (Windows NT 10.0; Win64; x64) AppleWebKit/537.36 (KHTML, like Gecko) Chrome/144.0.0.0 Safari/537.36 0.013
0:0:0:0:0:0:0:1 - - [28/Jan/2026:19:18:57 +0000] GET /api/am/devportal/v3/apis/4465f418-66b3-45f3-9d93-25c463ea65f2/thumbnail HTTP/1.1 204 - https://localhost:9443/devportal/apis/4465f418-66b3-45f3-9d93-25c463ea65f2/overview Mozilla/5.0 (Windows NT 10.0; Win64; x64) AppleWebKit/537.36 (KHTML, like Gecko) Chrome/144.0.0.0 Safari/537.36 0.016
0:0:0:0:0:0:0:1 - - [28/Jan/2026:19:18:57 +0000] GET /api/am/devportal/v3/apis/4465f418-66b3-45f3-9d93-25c463ea65f2/comments?limit=5&offset=0 HTTP/1.1 200 101 https://localhost:9443/devportal/apis/4465f418-66b3-45f3-9d93-25c463ea65f2/overview Mozilla/5.0 (Windows NT 10.0; Win64; x64) AppleWebKit/537.36 (KHTML, like Gecko) Chrome/144.0.0.0 Safari/537.36 0.018
0:0:0:0:0:0:0:1 - - [28/Jan/2026:19:19:00 +0000] GET /api/am/devportal/v3/api-categories HTTP/1.1 200 21 https://localhost:9443/devportal/apis Mozilla/5.0 (Windows NT 10.0; Win64; x64) AppleWebKit/537.36 (KHTML, like Gecko) Chrome/144.0.0.0 Safari/537.36 0.012
0:0:0:0:0:0:0:1 - - [28/Jan/2026:19:19:00 +0000] GET /devportal/site/public/images/_favicon.ico HTTP/1.1 200 1150 https://localhost:9443/devportal/apis Mozilla/5.0 (Windows NT 10.0; Win64; x64) AppleWebKit/537.36 (KHTML, like Gecko) Chrome/144.0.0.0 Safari/537.36 0.002
0:0:0:0:0:0:0:1 - - [28/Jan/2026:19:19:00 +0000] GET /api/am/devportal/v3/tags?limit=-1 HTTP/1.1 200 143 https://localhost:9443/devportal/apis Mozilla/5.0 (Windows NT 10.0; Win64; x64) AppleWebKit/537.36 (KHTML, like Gecko) Chrome/144.0.0.0 Safari/537.36 0.039
0:0:0:0:0:0:0:1 - - [28/Jan/2026:19:19:00 +0000] GET /api/am/devportal/v3/apis?limit=10&offset=0 HTTP/1.1 200 708 https://localhost:9443/devportal/apis Mozilla/5.0 (Windows NT 10.0; Win64; x64) AppleWebKit/537.36 (KHTML, like Gecko) Chrome/144.0.0.0 Safari/537.36 0.042
0:0:0:0:0:0:0:1 - - [28/Jan/2026:19:19:00 +0000] GET /api/am/devportal/v3/apis/4465f418-66b3-45f3-9d93-25c463ea65f2/ratings HTTP/1.1 200 125 https://localhost:9443/devportal/apis Mozilla/5.0 (Windows NT 10.0; Win64; x64) AppleWebKit/537.36 (KHTML, like Gecko) Chrome/144.0.0.0 Safari/537.36 0.010
0:0:0:0:0:0:0:1 - - [28/Jan/2026:19:19:00 +0000] GET /api/am/devportal/v3/apis/cd4d5065-1f76-4792-a9f8-3a30945ac0cf/ratings HTTP/1.1 200 125 https://localhost:9443/devportal/apis Mozilla/5.0 (Windows NT 10.0; Win64; x64) AppleWebKit/537.36 (KHTML, like Gecko) Chrome/144.0.0.0 Safari/537.36 0.010
0:0:0:0:0:0:0:1 - - [28/Jan/2026:19:19:00 +0000] GET /api/am/devportal/v3/apis/4465f418-66b3-45f3-9d93-25c463ea65f2/thumbnail HTTP/1.1 204 - https://localhost:9443/devportal/apis Mozilla/5.0 (Windows NT 10.0; Win64; x64) AppleWebKit/537.36 (KHTML, like Gecko) Chrome/144.0.0.0 Safari/537.36 0.014
0:0:0:0:0:0:0:1 - - [28/Jan/2026:19:19:00 +0000] GET /api/am/devportal/v3/apis/cd4d5065-1f76-4792-a9f8-3a30945ac0cf/thumbnail HTTP/1.1 204 - https://localhost:9443/devportal/apis Mozilla/5.0 (Windows NT 10.0; Win64; x64) AppleWebKit/537.36 (KHTML, like Gecko) Chrome/144.0.0.0 Safari/537.36 0.014
0:0:0:0:0:0:0:1 - - [28/Jan/2026:19:19:04 +0000] GET /devportal/site/public/images/_favicon.ico HTTP/1.1 200 1150 https://localhost:9443/devportal/apis/cd4d5065-1f76-4792-a9f8-3a30945ac0cf Mozilla/5.0 (Windows NT 10.0; Win64; x64) AppleWebKit/537.36 (KHTML, like Gecko) Chrome/144.0.0.0 Safari/537.36 0.023
0:0:0:0:0:0:0:1 - - [28/Jan/2026:19:19:04 +0000] GET /api/am/devportal/v3/applications?limit=5000 HTTP/1.1 200 708 https://localhost:9443/devportal/apis/cd4d5065-1f76-4792-a9f8-3a30945ac0cf Mozilla/5.0 (Windows NT 10.0; Win64; x64) AppleWebKit/537.36 (KHTML, like Gecko) Chrome/144.0.0.0 Safari/537.36 0.036
0:0:0:0:0:0:0:1 - - [28/Jan/2026:19:19:04 +0000] GET /api/am/devportal/v3/subscriptions?apiId=cd4d5065-1f76-4792-a9f8-3a30945ac0cf&limit=25 HTTP/1.1 200 92 https://localhost:9443/devportal/apis/cd4d5065-1f76-4792-a9f8-3a30945ac0cf Mozilla/5.0 (Windows NT 10.0; Win64; x64) AppleWebKit/537.36 (KHTML, like Gecko) Chrome/144.0.0.0 Safari/537.36 0.076
0:0:0:0:0:0:0:1 - - [28/Jan/2026:19:19:04 +0000] GET /api/am/devportal/v3/apis/cd4d5065-1f76-4792-a9f8-3a30945ac0cf HTTP/1.1 200 2366 https://localhost:9443/devportal/apis/cd4d5065-1f76-4792-a9f8-3a30945ac0cf Mozilla/5.0 (Windows NT 10.0; Win64; x64) AppleWebKit/537.36 (KHTML, like Gecko) Chrome/144.0.0.0 Safari/537.36 0.107
0:0:0:0:0:0:0:1 - - [28/Jan/2026:19:19:04 +0000] GET /api/am/devportal/v3/subscriptions?apiId=cd4d5065-1f76-4792-a9f8-3a30945ac0cf&limit=5000 HTTP/1.1 200 94 https://localhost:9443/devportal/apis/cd4d5065-1f76-4792-a9f8-3a30945ac0cf Mozilla/5.0 (Windows NT 10.0; Win64; x64) AppleWebKit/537.36 (KHTML, like Gecko) Chrome/144.0.0.0 Safari/537.36 0.113
0:0:0:0:0:0:0:1 - - [28/Jan/2026:19:19:04 +0000] GET /devportal/site/public/images/_favicon.ico HTTP/1.1 200 1150 https://localhost:9443/devportal/apis/cd4d5065-1f76-4792-a9f8-3a30945ac0cf/overview Mozilla/5.0 (Windows NT 10.0; Win64; x64) AppleWebKit/537.36 (KHTML, like Gecko) Chrome/144.0.0.0 Safari/537.36 0.003
0:0:0:0:0:0:0:1 - - [28/Jan/2026:19:19:04 +0000] GET /api/am/devportal/v3/throttling-policies/subscription HTTP/1.1 200 751 https://localhost:9443/devportal/apis/cd4d5065-1f76-4792-a9f8-3a30945ac0cf/overview Mozilla/5.0 (Windows NT 10.0; Win64; x64) AppleWebKit/537.36 (KHTML, like Gecko) Chrome/144.0.0.0 Safari/537.36 0.030
0:0:0:0:0:0:0:1 - - [28/Jan/2026:19:19:04 +0000] GET /api/am/devportal/v3/settings HTTP/1.1 200 558 https://localhost:9443/devportal/apis/cd4d5065-1f76-4792-a9f8-3a30945ac0cf Mozilla/5.0 (Windows NT 10.0; Win64; x64) AppleWebKit/537.36 (KHTML, like Gecko) Chrome/144.0.0.0 Safari/537.36 0.178
0:0:0:0:0:0:0:1 - - [28/Jan/2026:19:19:04 +0000] GET /api/am/devportal/v3/throttling-policies/subscription HTTP/1.1 200 751 https://localhost:9443/devportal/apis/cd4d5065-1f76-4792-a9f8-3a30945ac0cf/overview Mozilla/5.0 (Windows NT 10.0; Win64; x64) AppleWebKit/537.36 (KHTML, like Gecko) Chrome/144.0.0.0 Safari/537.36 0.017
0:0:0:0:0:0:0:1 - - [28/Jan/2026:19:19:04 +0000] GET /api/am/devportal/v3/apis/cd4d5065-1f76-4792-a9f8-3a30945ac0cf/documents HTTP/1.1 200 92 https://localhost:9443/devportal/apis/cd4d5065-1f76-4792-a9f8-3a30945ac0cf/overview Mozilla/5.0 (Windows NT 10.0; Win64; x64) AppleWebKit/537.36 (KHTML, like Gecko) Chrome/144.0.0.0 Safari/537.36 0.046
