127.0.0.1 - - [28/Jan/2026:19:09:36 +0000] POST /internal/data/v1/notify-gateway HTTP/1.1 200 76 - Apache-HttpClient/4.5.13 (Java/21.0.10) 0.037
127.0.0.1 - - [28/Jan/2026:19:10:06 +0000] POST /internal/data/v1/notify-gateway HTTP/1.1 200 76 - Apache-HttpClient/4.5.13 (Java/21.0.10) 0.018
0:0:0:0:0:0:0:1 - - [28/Jan/2026:19:10:15 +0000] - 400 - - - 0.000
0:0:0:0:0:0:0:1 - - [28/Jan/2026:19:10:15 +0000] - 400 - - - 0.000
0:0:0:0:0:0:0:1 - - [28/Jan/2026:19:10:15 +0000] GET /publisher/apis/4465f418-66b3-45f3-9d93-25c463ea65f2/deployments HTTP/1.1 200 1713 https://localhost:9443/publisher/apis/4465f418-66b3-45f3-9d93-25c463ea65f2/overview Mozilla/5.0 (Windows NT 10.0; Win64; x64) AppleWebKit/537.36 (KHTML, like Gecko) Chrome/144.0.0.0 Safari/537.36 0.012
0:0:0:0:0:0:0:1 - - [28/Jan/2026:19:10:15 +0000] - 400 - - - 0.000
0:0:0:0:0:0:0:1 - - [28/Jan/2026:19:10:15 +0000] GET /publisher/site/public/css/main.css HTTP/1.1 200 2244 https://localhost:9443/publisher/apis/4465f418-66b3-45f3-9d93-25c463ea65f2/deployments Mozilla/5.0 (Windows NT 10.0; Win64; x64) AppleWebKit/537.36 (KHTML, like Gecko) Chrome/144.0.0.0 Safari/537.36 0.006
0:0:0:0:0:0:0:1 - - [28/Jan/2026:19:10:15 +0000] - 400 - - - 0.000
0:0:0:0:0:0:0:1 - - [28/Jan/2026:19:10:15 +0000] - 400 - - - 0.000
0:0:0:0:0:0:0:1 - - [28/Jan/2026:19:10:15 +0000] - 400 - - - 0.000
0:0:0:0:0:0:0:1 - - [28/Jan/2026:19:10:15 +0000] - 400 - - - 0.000
0:0:0:0:0:0:0:1 - - [28/Jan/2026:19:10:15 +0000] - 400 - - - 0.000
0:0:0:0:0:0:0:1 - - [28/Jan/2026:19:10:15 +0000] - 400 - - - 0.000
0:0:0:0:0:0:0:1 - - [28/Jan/2026:19:10:15 +0000] GET /publisher/site/public/fonts/iconfont/material-icons.css HTTP/1.1 200 970 https://localhost:9443/publisher/apis/4465f418-66b3-45f3-9d93-25c463ea65f2/deployments Mozilla/5.0 (Windows NT 10.0; Win64; x64) AppleWebKit/537.36 (KHTML, like Gecko) Chrome/144.0.0.0 Safari/537.36 0.010
0:0:0:0:0:0:0:1 - - [28/Jan/2026:19:10:15 +0000] GET /publisher/site/public/css/draftjs.css HTTP/1.1 200 2643 https://localhost:9443/publisher/apis/4465f418-66b3-45f3-9d93-25c463ea65f2/deployments Mozilla/5.0 (Windows NT 10.0; Win64; x64) AppleWebKit/537.36 (KHTML, like Gecko) Chrome/144.0.0.0 Safari/537.36 0.011
0:0:0:0:0:0:0:1 - - [28/Jan/2026:19:10:15 +0000] GET /publisher/site/public/conf/userThemes.js HTTP/1.1 200 939 https://localhost:9443/publisher/apis/4465f418-66b3-45f3-9d93-25c463ea65f2/deployments Mozilla/5.0 (Windows NT 10.0; Win64; x64) AppleWebKit/537.36 (KHTML, like Gecko) Chrome/144.0.0.0 Safari/537.36 0.011
0:0:0:0:0:0:0:1 - - [28/Jan/2026:19:10:15 +0000] GET /publisher/site/public/fonts/iconfont/MaterialIcons.js HTTP/1.1 200 6703 https://localhost:9443/publisher/apis/4465f418-66b3-45f3-9d93-25c463ea65f2/deployments Mozilla/5.0 (Windows NT 10.0; Win64; x64) AppleWebKit/537.36 (KHTML, like Gecko) Chrome/144.0.0.0 Safari/537.36 0.011
0:0:0:0:0:0:0:1 - - [28/Jan/2026:19:10:15 +0000] GET /publisher/services/settings/settings.js HTTP/1.1 200 1415 https://localhost:9443/publisher/apis/4465f418-66b3-45f3-9d93-25c463ea65f2/deployments Mozilla/5.0 (Windows NT 10.0; Win64; x64) AppleWebKit/537.36 (KHTML, like Gecko) Chrome/144.0.0.0 Safari/537.36 0.012
0:0:0:0:0:0:0:1 - - [28/Jan/2026:19:10:15 +0000] GET /publisher/site/public/conf/portalSettings.js HTTP/1.1 200 705 https://localhost:9443/publisher/apis/4465f418-66b3-45f3-9d93-25c463ea65f2/deployments Mozilla/5.0 (Windows NT 10.0; Win64; x64) AppleWebKit/537.36 (KHTML, like Gecko) Chrome/144.0.0.0 Safari/537.36 0.011
0:0:0:0:0:0:0:1 - - [28/Jan/2026:19:10:15 +0000] GET /publisher/site/public/dist/index.0fae4ab81058d17ed6e4.bundle.js HTTP/1.1 200 345114 https://localhost:9443/publisher/apis/4465f418-66b3-45f3-9d93-25c463ea65f2/deployments Mozilla/5.0 (Windows NT 10.0; Win64; x64) AppleWebKit/537.36 (KHTML, like Gecko) Chrome/144.0.0.0 Safari/537.36 0.109
0:0:0:0:0:0:0:1 - - [28/Jan/2026:19:10:15 +0000] GET /publisher/site/public/locales/fr.json HTTP/1.1 200 47613 https://localhost:9443/publisher/apis/4465f418-66b3-45f3-9d93-25c463ea65f2/deployments Mozilla/5.0 (Windows NT 10.0; Win64; x64) AppleWebKit/537.36 (KHTML, like Gecko) Chrome/144.0.0.0 Safari/537.36 0.006
0:0:0:0:0:0:0:1 - - [28/Jan/2026:19:10:15 +0000] GET /oidc/checksession?client_id=pe09GOYr_cFzBfbocDEx2L68Wpsa&redirect_uri=https://localhost:9443/publisher/services/auth/callback/login HTTP/1.1 200 3134 https://localhost:9443/publisher/apis/4465f418-66b3-45f3-9d93-25c463ea65f2/deployments Mozilla/5.0 (Windows NT 10.0; Win64; x64) AppleWebKit/537.36 (KHTML, like Gecko) Chrome/144.0.0.0 Safari/537.36 0.003
0:0:0:0:0:0:0:1 - - [28/Jan/2026:19:10:15 +0000] GET /publisher/site/public/fonts/Open_Sans/mem8YaGs126MiZpBA-UFVZ0bf8pkAg.woff2 HTTP/1.1 200 8892 https://localhost:9443/publisher/site/public/css/main.css Mozilla/5.0 (Windows NT 10.0; Win64; x64) AppleWebKit/537.36 (KHTML, like Gecko) Chrome/144.0.0.0 Safari/537.36 0.006
0:0:0:0:0:0:0:1 - - [28/Jan/2026:19:10:15 +0000] GET /publisher/site/public/dist/ProtectedApps.95c3fe4f17a81b98475a.bundle.js HTTP/1.1 200 202503 https://localhost:9443/publisher/apis/4465f418-66b3-45f3-9d93-25c463ea65f2/deployments Mozilla/5.0 (Windows NT 10.0; Win64; x64) AppleWebKit/537.36 (KHTML, like Gecko) Chrome/144.0.0.0 Safari/537.36 0.058
0:0:0:0:0:0:0:1 - - [28/Jan/2026:19:10:16 +0000] GET /publisher/site/public/dist/132.e1ecd5ff3ac34a2aacb5.bundle.js HTTP/1.1 200 1582089 https://localhost:9443/publisher/apis/4465f418-66b3-45f3-9d93-25c463ea65f2/deployments Mozilla/5.0 (Windows NT 10.0; Win64; x64) AppleWebKit/537.36 (KHTML, like Gecko) Chrome/144.0.0.0 Safari/537.36 0.564
0:0:0:0:0:0:0:1 - - [28/Jan/2026:19:10:16 +0000] GET /publisher/site/public/images/logo.svg HTTP/1.1 200 18050 https://localhost:9443/publisher/apis/4465f418-66b3-45f3-9d93-25c463ea65f2/deployments Mozilla/5.0 (Windows NT 10.0; Win64; x64) AppleWebKit/537.36 (KHTML, like Gecko) Chrome/144.0.0.0 Safari/537.36 0.008
0:0:0:0:0:0:0:1 - - [28/Jan/2026:19:10:16 +0000] GET /publisher/site/public/fonts/iconfont/MaterialIcons-Regular.woff2 HTTP/1.1 200 60840 https://localhost:9443/publisher/site/public/fonts/iconfont/material-icons.css Mozilla/5.0 (Windows NT 10.0; Win64; x64) AppleWebKit/537.36 (KHTML, like Gecko) Chrome/144.0.0.0 Safari/537.36 0.011
0:0:0:0:0:0:0:1 - - [28/Jan/2026:19:10:16 +0000] GET /publisher/site/public/images/favicon.ico HTTP/1.1 200 162098 https://localhost:9443/publisher/apis/4465f418-66b3-45f3-9d93-25c463ea65f2/deployments Mozilla/5.0 (Windows NT 10.0; Win64; x64) AppleWebKit/537.36 (KHTML, like Gecko) Chrome/144.0.0.0 Safari/537.36 0.006
0:0:0:0:0:0:0:1 - - [28/Jan/2026:19:10:16 +0000] GET /publisher/site/public/dist/2861.0a7939a3633db3f82af2.bundle.js HTTP/1.1 200 16941 https://localhost:9443/publisher/apis/4465f418-66b3-45f3-9d93-25c463ea65f2/deployments Mozilla/5.0 (Windows NT 10.0; Win64; x64) AppleWebKit/537.36 (KHTML, like Gecko) Chrome/144.0.0.0 Safari/537.36 0.008
0:0:0:0:0:0:0:1 - - [28/Jan/2026:19:10:16 +0000] GET /publisher/site/public/dist/APICreateRoutes.323aad285798b527c325.bundle.js HTTP/1.1 200 31238 https://localhost:9443/publisher/apis/4465f418-66b3-45f3-9d93-25c463ea65f2/deployments Mozilla/5.0 (Windows NT 10.0; Win64; x64) AppleWebKit/537.36 (KHTML, like Gecko) Chrome/144.0.0.0 Safari/537.36 0.013
0:0:0:0:0:0:0:1 - - [28/Jan/2026:19:10:16 +0000] GET /publisher/site/public/dist/2861.0a7939a3633db3f82af2.bundle.js HTTP/1.1 200 16941 https://localhost:9443/publisher/apis/4465f418-66b3-45f3-9d93-25c463ea65f2/deployments Mozilla/5.0 (Windows NT 10.0; Win64; x64) AppleWebKit/537.36 (KHTML, like Gecko) Chrome/144.0.0.0 Safari/537.36 0.007
0:0:0:0:0:0:0:1 - - [28/Jan/2026:19:10:16 +0000] GET /publisher/site/public/dist/1018.657dcc57f23e30e131a3.bundle.js HTTP/1.1 200 487602 https://localhost:9443/publisher/apis/4465f418-66b3-45f3-9d93-25c463ea65f2/deployments Mozilla/5.0 (Windows NT 10.0; Win64; x64) AppleWebKit/537.36 (KHTML, like Gecko) Chrome/144.0.0.0 Safari/537.36 0.184
0:0:0:0:0:0:0:1 - - [28/Jan/2026:19:10:16 +0000] GET /publisher/site/public/dist/1018.657dcc57f23e30e131a3.bundle.js HTTP/1.1 200 487602 https://localhost:9443/publisher/apis/4465f418-66b3-45f3-9d93-25c463ea65f2/deployments Mozilla/5.0 (Windows NT 10.0; Win64; x64) AppleWebKit/537.36 (KHTML, like Gecko) Chrome/144.0.0.0 Safari/537.36 0.218
0:0:0:0:0:0:0:1 - - [28/Jan/2026:19:10:17 +0000] GET /api/am/publisher/v4/swagger.yaml HTTP/1.1 200 67554 https://localhost:9443/publisher/apis/4465f418-66b3-45f3-9d93-25c463ea65f2/deployments Mozilla/5.0 (Windows NT 10.0; Win64; x64) AppleWebKit/537.36 (KHTML, like Gecko) Chrome/144.0.0.0 Safari/537.36 0.062
0:0:0:0:0:0:0:1 - - [28/Jan/2026:19:10:17 +0000] GET /api/am/publisher/v4/tenants?state=active HTTP/1.1 200 96 https://localhost:9443/publisher/apis/4465f418-66b3-45f3-9d93-25c463ea65f2/deployments Mozilla/5.0 (Windows NT 10.0; Win64; x64) AppleWebKit/537.36 (KHTML, like Gecko) Chrome/144.0.0.0 Safari/537.36 0.020
0:0:0:0:0:0:0:1 - - [28/Jan/2026:19:10:17 +0000] GET /api/am/publisher/v4/apis/4465f418-66b3-45f3-9d93-25c463ea65f2 HTTP/1.1 200 1592 https://localhost:9443/publisher/apis/4465f418-66b3-45f3-9d93-25c463ea65f2/deployments Mozilla/5.0 (Windows NT 10.0; Win64; x64) AppleWebKit/537.36 (KHTML, like Gecko) Chrome/144.0.0.0 Safari/537.36 0.081
0:0:0:0:0:0:0:1 - - [28/Jan/2026:19:10:17 +0000] GET /api/am/publisher/v4/apis/4465f418-66b3-45f3-9d93-25c463ea65f2/revisions HTTP/1.1 200 687 https://localhost:9443/publisher/apis/4465f418-66b3-45f3-9d93-25c463ea65f2/deployments Mozilla/5.0 (Windows NT 10.0; Win64; x64) AppleWebKit/537.36 (KHTML, like Gecko) Chrome/144.0.0.0 Safari/537.36 0.015
0:0:0:0:0:0:0:1 - - [28/Jan/2026:19:10:17 +0000] GET /api/am/publisher/v4/apis/4465f418-66b3-45f3-9d93-25c463ea65f2/revisions?query=deployed%3Atrue HTTP/1.1 200 477 https://localhost:9443/publisher/apis/4465f418-66b3-45f3-9d93-25c463ea65f2/deployments Mozilla/5.0 (Windows NT 10.0; Win64; x64) AppleWebKit/537.36 (KHTML, like Gecko) Chrome/144.0.0.0 Safari/537.36 0.018
0:0:0:0:0:0:0:1 - - [28/Jan/2026:19:10:17 +0000] GET /api/am/publisher/v4/settings HTTP/1.1 200 1569 https://localhost:9443/publisher/apis/4465f418-66b3-45f3-9d93-25c463ea65f2/deployments Mozilla/5.0 (Windows NT 10.0; Win64; x64) AppleWebKit/537.36 (KHTML, like Gecko) Chrome/144.0.0.0 Safari/537.36 0.285
0:0:0:0:0:0:0:1 - - [28/Jan/2026:19:10:17 +0000] GET /api/am/publisher/v4/me/organization-information HTTP/1.1 200 35 https://localhost:9443/publisher/apis/4465f418-66b3-45f3-9d93-25c463ea65f2/deployments Mozilla/5.0 (Windows NT 10.0; Win64; x64) AppleWebKit/537.36 (KHTML, like Gecko) Chrome/144.0.0.0 Safari/537.36 0.008
0:0:0:0:0:0:0:1 - - [28/Jan/2026:19:10:17 +0000] GET /publisher/site/public/fonts/Open_Sans/mem5YaGs126MiZpBA-UN_r8OUuhpKKSTjw.woff2 HTTP/1.1 200 8732 https://localhost:9443/publisher/site/public/css/main.css Mozilla/5.0 (Windows NT 10.0; Win64; x64) AppleWebKit/537.36 (KHTML, like Gecko) Chrome/144.0.0.0 Safari/537.36 0.008
0:0:0:0:0:0:0:1 - - [28/Jan/2026:19:10:17 +0000] GET /publisher/site/public/fonts/Open_Sans/open-sans-v43-latin-700.woff2 HTTP/1.1 200 18244 https://localhost:9443/publisher/site/public/css/main.css Mozilla/5.0 (Windows NT 10.0; Win64; x64) AppleWebKit/537.36 (KHTML, like Gecko) Chrome/144.0.0.0 Safari/537.36 0.010
0:0:0:0:0:0:0:1 - - [28/Jan/2026:19:10:17 +0000] GET /api/am/publisher/v4/apis/4465f418-66b3-45f3-9d93-25c463ea65f2/asyncapi HTTP/1.1 200 - https://localhost:9443/publisher/apis/4465f418-66b3-45f3-9d93-25c463ea65f2/deployments Mozilla/5.0 (Windows NT 10.0; Win64; x64) AppleWebKit/537.36 (KHTML, like Gecko) Chrome/144.0.0.0 Safari/537.36 0.030
127.0.0.1 - - [28/Jan/2026:19:10:36 +0000] POST /internal/data/v1/notify-gateway HTTP/1.1 200 76 - Apache-HttpClient/4.5.13 (Java/21.0.10) 0.021
0:0:0:0:0:0:0:1 - - [28/Jan/2026:19:11:05 +0000] GET /publisher/site/public/fonts/Open_Sans/mem5YaGs126MiZpBA-UNirkOUuhpKKSTjw.woff2 HTTP/1.1 200 8916 https://localhost:9443/publisher/site/public/css/main.css Mozilla/5.0 (Windows NT 10.0; Win64; x64) AppleWebKit/537.36 (KHTML, like Gecko) Chrome/144.0.0.0 Safari/537.36 0.006
127.0.0.1 - - [28/Jan/2026:19:11:06 +0000] POST /internal/data/v1/notify-gateway HTTP/1.1 200 76 - Apache-HttpClient/4.5.13 (Java/21.0.10) 0.016
0:0:0:0:0:0:0:1 - - [28/Jan/2026:19:11:14 +0000] POST /api/am/publisher/v4/apis/4465f418-66b3-45f3-9d93-25c463ea65f2/revisions HTTP/1.1 201 193 https://localhost:9443/publisher/apis/4465f418-66b3-45f3-9d93-25c463ea65f2/deployments Mozilla/5.0 (Windows NT 10.0; Win64; x64) AppleWebKit/537.36 (KHTML, like Gecko) Chrome/144.0.0.0 Safari/537.36 0.244
0:0:0:0:0:0:0:1 - - [28/Jan/2026:19:11:14 +0000] POST /api/am/publisher/v4/apis/4465f418-66b3-45f3-9d93-25c463ea65f2/deploy-revision?revisionId=d08c1a1e-0164-46fc-80be-8baf5c687a1b HTTP/1.1 201 265 https://localhost:9443/publisher/apis/4465f418-66b3-45f3-9d93-25c463ea65f2/deployments Mozilla/5.0 (Windows NT 10.0; Win64; x64) AppleWebKit/537.36 (KHTML, like Gecko) Chrome/144.0.0.0 Safari/537.36 0.065
0:0:0:0:0:0:0:1 - - [28/Jan/2026:19:11:15 +0000] GET /api/am/publisher/v4/apis/4465f418-66b3-45f3-9d93-25c463ea65f2/revisions HTTP/1.1 200 881 https://localhost:9443/publisher/apis/4465f418-66b3-45f3-9d93-25c463ea65f2/deployments Mozilla/5.0 (Windows NT 10.0; Win64; x64) AppleWebKit/537.36 (KHTML, like Gecko) Chrome/144.0.0.0 Safari/537.36 0.015
0:0:0:0:0:0:0:1 - - [28/Jan/2026:19:11:15 +0000] GET /api/am/publisher/v4/apis/4465f418-66b3-45f3-9d93-25c463ea65f2/revisions?query=deployed%3Atrue HTTP/1.1 200 477 https://localhost:9443/publisher/apis/4465f418-66b3-45f3-9d93-25c463ea65f2/deployments Mozilla/5.0 (Windows NT 10.0; Win64; x64) AppleWebKit/537.36 (KHTML, like Gecko) Chrome/144.0.0.0 Safari/537.36 0.014
0:0:0:0:0:0:0:1 - - [28/Jan/2026:19:11:18 +0000] GET /api/am/publisher/v4/apis/4465f418-66b3-45f3-9d93-25c463ea65f2/revisions?query=deployed%3Atrue HTTP/1.1 200 477 https://localhost:9443/publisher/apis/4465f418-66b3-45f3-9d93-25c463ea65f2/deployments Mozilla/5.0 (Windows NT 10.0; Win64; x64) AppleWebKit/537.36 (KHTML, like Gecko) Chrome/144.0.0.0 Safari/537.36 0.010
0:0:0:0:0:0:0:1 - - [28/Jan/2026:19:11:21 +0000] GET /api/am/publisher/v4/apis/4465f418-66b3-45f3-9d93-25c463ea65f2/revisions?query=deployed%3Atrue HTTP/1.1 200 477 https://localhost:9443/publisher/apis/4465f418-66b3-45f3-9d93-25c463ea65f2/deployments Mozilla/5.0 (Windows NT 10.0; Win64; x64) AppleWebKit/537.36 (KHTML, like Gecko) Chrome/144.0.0.0 Safari/537.36 0.011
0:0:0:0:0:0:0:1 - - [28/Jan/2026:19:11:24 +0000] GET /api/am/publisher/v4/apis/4465f418-66b3-45f3-9d93-25c463ea65f2/revisions?query=deployed%3Atrue HTTP/1.1 200 477 https://localhost:9443/publisher/apis/4465f418-66b3-45f3-9d93-25c463ea65f2/deployments Mozilla/5.0 (Windows NT 10.0; Win64; x64) AppleWebKit/537.36 (KHTML, like Gecko) Chrome/144.0.0.0 Safari/537.36 0.014
0:0:0:0:0:0:0:1 - - [28/Jan/2026:19:11:28 +0000] GET /api/am/publisher/v4/apis/4465f418-66b3-45f3-9d93-25c463ea65f2/revisions?query=deployed%3Atrue HTTP/1.1 200 477 https://localhost:9443/publisher/apis/4465f418-66b3-45f3-9d93-25c463ea65f2/deployments Mozilla/5.0 (Windows NT 10.0; Win64; x64) AppleWebKit/537.36 (KHTML, like Gecko) Chrome/144.0.0.0 Safari/537.36 0.022
0:0:0:0:0:0:0:1 - - [28/Jan/2026:19:11:31 +0000] GET /api/am/publisher/v4/apis/4465f418-66b3-45f3-9d93-25c463ea65f2/revisions?query=deployed%3Atrue HTTP/1.1 200 477 https://localhost:9443/publisher/apis/4465f418-66b3-45f3-9d93-25c463ea65f2/deployments Mozilla/5.0 (Windows NT 10.0; Win64; x64) AppleWebKit/537.36 (KHTML, like Gecko) Chrome/144.0.0.0 Safari/537.36 0.015
0:0:0:0:0:0:0:1 - - [28/Jan/2026:19:11:34 +0000] GET /api/am/publisher/v4/apis/4465f418-66b3-45f3-9d93-25c463ea65f2/revisions?query=deployed%3Atrue HTTP/1.1 200 477 https://localhost:9443/publisher/apis/4465f418-66b3-45f3-9d93-25c463ea65f2/deployments Mozilla/5.0 (Windows NT 10.0; Win64; x64) AppleWebKit/537.36 (KHTML, like Gecko) Chrome/144.0.0.0 Safari/537.36 0.016
127.0.0.1 - - [28/Jan/2026:19:11:36 +0000] POST /internal/data/v1/notify-gateway HTTP/1.1 200 76 - Apache-HttpClient/4.5.13 (Java/21.0.10) 0.018
0:0:0:0:0:0:0:1 - - [28/Jan/2026:19:11:37 +0000] GET /api/am/publisher/v4/apis/4465f418-66b3-45f3-9d93-25c463ea65f2/revisions?query=deployed%3Atrue HTTP/1.1 200 477 https://localhost:9443/publisher/apis/4465f418-66b3-45f3-9d93-25c463ea65f2/deployments Mozilla/5.0 (Windows NT 10.0; Win64; x64) AppleWebKit/537.36 (KHTML, like Gecko) Chrome/144.0.0.0 Safari/537.36 0.012
0:0:0:0:0:0:0:1 - - [28/Jan/2026:19:11:39 +0000] GET /publisher/apis/4465f418-66b3-45f3-9d93-25c463ea65f2/deployments HTTP/1.1 200 1713 https://localhost:9443/publisher/apis/4465f418-66b3-45f3-9d93-25c463ea65f2/overview Mozilla/5.0 (Windows NT 10.0; Win64; x64) AppleWebKit/537.36 (KHTML, like Gecko) Chrome/144.0.0.0 Safari/537.36 0.018
0:0:0:0:0:0:0:1 - - [28/Jan/2026:19:11:39 +0000] GET /publisher/services/settings/settings.js HTTP/1.1 200 1415 https://localhost:9443/publisher/apis/4465f418-66b3-45f3-9d93-25c463ea65f2/deployments Mozilla/5.0 (Windows NT 10.0; Win64; x64) AppleWebKit/537.36 (KHTML, like Gecko) Chrome/144.0.0.0 Safari/537.36 0.013
0:0:0:0:0:0:0:1 - - [28/Jan/2026:19:11:39 +0000] GET /publisher/site/public/conf/portalSettings.js HTTP/1.1 200 705 https://localhost:9443/publisher/apis/4465f418-66b3-45f3-9d93-25c463ea65f2/deployments Mozilla/5.0 (Windows NT 10.0; Win64; x64) AppleWebKit/537.36 (KHTML, like Gecko) Chrome/144.0.0.0 Safari/537.36 0.010
0:0:0:0:0:0:0:1 - - [28/Jan/2026:19:11:39 +0000] GET /publisher/site/public/locales/fr.json HTTP/1.1 200 47613 https://localhost:9443/publisher/apis/4465f418-66b3-45f3-9d93-25c463ea65f2/deployments Mozilla/5.0 (Windows NT 10.0; Win64; x64) AppleWebKit/537.36 (KHTML, like Gecko) Chrome/144.0.0.0 Safari/537.36 0.012
0:0:0:0:0:0:0:1 - - [28/Jan/2026:19:11:39 +0000] GET /oidc/checksession?client_id=pe09GOYr_cFzBfbocDEx2L68Wpsa&redirect_uri=https://localhost:9443/publisher/services/auth/callback/login HTTP/1.1 200 3134 https://localhost:9443/publisher/apis/4465f418-66b3-45f3-9d93-25c463ea65f2/deployments Mozilla/5.0 (Windows NT 10.0; Win64; x64) AppleWebKit/537.36 (KHTML, like Gecko) Chrome/144.0.0.0 Safari/537.36 0.005
0:0:0:0:0:0:0:1 - - [28/Jan/2026:19:11:40 +0000] - 400 - - - 0.000
0:0:0:0:0:0:0:1 - - [28/Jan/2026:19:11:40 +0000] GET /publisher/site/public/dist/2861.0a7939a3633db3f82af2.bundle.js HTTP/1.1 200 16941 https://localhost:9443/publisher/apis/4465f418-66b3-45f3-9d93-25c463ea65f2/deployments Mozilla/5.0 (Windows NT 10.0; Win64; x64) AppleWebKit/537.36 (KHTML, like Gecko) Chrome/144.0.0.0 Safari/537.36 0.014
0:0:0:0:0:0:0:1 - - [28/Jan/2026:19:11:40 +0000] GET /publisher/site/public/dist/APICreateRoutes.323aad285798b527c325.bundle.js HTTP/1.1 200 31238 https://localhost:9443/publisher/apis/4465f418-66b3-45f3-9d93-25c463ea65f2/deployments Mozilla/5.0 (Windows NT 10.0; Win64; x64) AppleWebKit/537.36 (KHTML, like Gecko) Chrome/144.0.0.0 Safari/537.36 0.014
0:0:0:0:0:0:0:1 - - [28/Jan/2026:19:11:40 +0000] GET /publisher/site/public/dist/2861.0a7939a3633db3f82af2.bundle.js HTTP/1.1 200 16941 https://localhost:9443/publisher/apis/4465f418-66b3-45f3-9d93-25c463ea65f2/deployments Mozilla/5.0 (Windows NT 10.0; Win64; x64) AppleWebKit/537.36 (KHTML, like Gecko) Chrome/144.0.0.0 Safari/537.36 0.007
0:0:0:0:0:0:0:1 - - [28/Jan/2026:19:11:40 +0000] GET /publisher/site/public/dist/1018.657dcc57f23e30e131a3.bundle.js HTTP/1.1 200 487602 https://localhost:9443/publisher/apis/4465f418-66b3-45f3-9d93-25c463ea65f2/deployments Mozilla/5.0 (Windows NT 10.0; Win64; x64) AppleWebKit/537.36 (KHTML, like Gecko) Chrome/144.0.0.0 Safari/537.36 0.213
0:0:0:0:0:0:0:1 - - [28/Jan/2026:19:11:40 +0000] GET /publisher/site/public/dist/1018.657dcc57f23e30e131a3.bundle.js HTTP/1.1 200 487602 https://localhost:9443/publisher/apis/4465f418-66b3-45f3-9d93-25c463ea65f2/deployments Mozilla/5.0 (Windows NT 10.0; Win64; x64) AppleWebKit/537.36 (KHTML, like Gecko) Chrome/144.0.0.0 Safari/537.36 0.193
0:0:0:0:0:0:0:1 - - [28/Jan/2026:19:11:40 +0000] GET /publisher/site/public/images/favicon.ico HTTP/1.1 200 162098 https://localhost:9443/publisher/apis/4465f418-66b3-45f3-9d93-25c463ea65f2/deployments Mozilla/5.0 (Windows NT 10.0; Win64; x64) AppleWebKit/537.36 (KHTML, like Gecko) Chrome/144.0.0.0 Safari/537.36 0.012
0:0:0:0:0:0:0:1 - - [28/Jan/2026:19:11:40 +0000] GET /api/am/publisher/v4/swagger.yaml HTTP/1.1 200 67554 https://localhost:9443/publisher/apis/4465f418-66b3-45f3-9d93-25c463ea65f2/deployments Mozilla/5.0 (Windows NT 10.0; Win64; x64) AppleWebKit/537.36 (KHTML, like Gecko) Chrome/144.0.0.0 Safari/537.36 0.036
0:0:0:0:0:0:0:1 - - [28/Jan/2026:19:11:41 +0000] GET /api/am/publisher/v4/tenants?state=active HTTP/1.1 200 96 https://localhost:9443/publisher/apis/4465f418-66b3-45f3-9d93-25c463ea65f2/deployments Mozilla/5.0 (Windows NT 10.0; Win64; x64) AppleWebKit/537.36 (KHTML, like Gecko) Chrome/144.0.0.0 Safari/537.36 0.005
0:0:0:0:0:0:0:1 - - [28/Jan/2026:19:11:41 +0000] GET /api/am/publisher/v4/apis/4465f418-66b3-45f3-9d93-25c463ea65f2 HTTP/1.1 200 1592 https://localhost:9443/publisher/apis/4465f418-66b3-45f3-9d93-25c463ea65f2/deployments Mozilla/5.0 (Windows NT 10.0; Win64; x64) AppleWebKit/537.36 (KHTML, like Gecko) Chrome/144.0.0.0 Safari/537.36 0.060
0:0:0:0:0:0:0:1 - - [28/Jan/2026:19:11:41 +0000] GET /api/am/publisher/v4/apis/4465f418-66b3-45f3-9d93-25c463ea65f2/revisions?query=deployed%3Atrue HTTP/1.1 200 477 https://localhost:9443/publisher/apis/4465f418-66b3-45f3-9d93-25c463ea65f2/deployments Mozilla/5.0 (Windows NT 10.0; Win64; x64) AppleWebKit/537.36 (KHTML, like Gecko) Chrome/144.0.0.0 Safari/537.36 0.016
0:0:0:0:0:0:0:1 - - [28/Jan/2026:19:11:41 +0000] GET /api/am/publisher/v4/apis/4465f418-66b3-45f3-9d93-25c463ea65f2/revisions HTTP/1.1 200 881 https://localhost:9443/publisher/apis/4465f418-66b3-45f3-9d93-25c463ea65f2/deployments Mozilla/5.0 (Windows NT 10.0; Win64; x64) AppleWebKit/537.36 (KHTML, like Gecko) Chrome/144.0.0.0 Safari/537.36 0.017
0:0:0:0:0:0:0:1 - - [28/Jan/2026:19:11:41 +0000] GET /api/am/publisher/v4/settings HTTP/1.1 200 1569 https://localhost:9443/publisher/apis/4465f418-66b3-45f3-9d93-25c463ea65f2/deployments Mozilla/5.0 (Windows NT 10.0; Win64; x64) AppleWebKit/537.36 (KHTML, like Gecko) Chrome/144.0.0.0 Safari/537.36 0.293
0:0:0:0:0:0:0:1 - - [28/Jan/2026:19:11:41 +0000] GET /api/am/publisher/v4/me/organization-information HTTP/1.1 200 35 https://localhost:9443/publisher/apis/4465f418-66b3-45f3-9d93-25c463ea65f2/deployments Mozilla/5.0 (Windows NT 10.0; Win64; x64) AppleWebKit/537.36 (KHTML, like Gecko) Chrome/144.0.0.0 Safari/537.36 0.009
0:0:0:0:0:0:0:1 - - [28/Jan/2026:19:11:41 +0000] GET /api/am/publisher/v4/apis/4465f418-66b3-45f3-9d93-25c463ea65f2/asyncapi HTTP/1.1 200 - https://localhost:9443/publisher/apis/4465f418-66b3-45f3-9d93-25c463ea65f2/deployments Mozilla/5.0 (Windows NT 10.0; Win64; x64) AppleWebKit/537.36 (KHTML, like Gecko) Chrome/144.0.0.0 Safari/537.36 0.031
0:0:0:0:0:0:0:1 - - [28/Jan/2026:19:11:44 +0000] GET /api/am/publisher/v4/apis/4465f418-66b3-45f3-9d93-25c463ea65f2/revisions?query=deployed%3Atrue HTTP/1.1 200 477 https://localhost:9443/publisher/apis/4465f418-66b3-45f3-9d93-25c463ea65f2/deployments Mozilla/5.0 (Windows NT 10.0; Win64; x64) AppleWebKit/537.36 (KHTML, like Gecko) Chrome/144.0.0.0 Safari/537.36 0.017
0:0:0:0:0:0:0:1 - - [28/Jan/2026:19:11:48 +0000] GET /api/am/publisher/v4/apis/4465f418-66b3-45f3-9d93-25c463ea65f2/revisions?query=deployed%3Atrue HTTP/1.1 200 477 https://localhost:9443/publisher/apis/4465f418-66b3-45f3-9d93-25c463ea65f2/deployments Mozilla/5.0 (Windows NT 10.0; Win64; x64) AppleWebKit/537.36 (KHTML, like Gecko) Chrome/144.0.0.0 Safari/537.36 0.014
0:0:0:0:0:0:0:1 - - [28/Jan/2026:19:11:51 +0000] GET /api/am/publisher/v4/apis/4465f418-66b3-45f3-9d93-25c463ea65f2/revisions?query=deployed%3Atrue HTTP/1.1 200 477 https://localhost:9443/publisher/apis/4465f418-66b3-45f3-9d93-25c463ea65f2/deployments Mozilla/5.0 (Windows NT 10.0; Win64; x64) AppleWebKit/537.36 (KHTML, like Gecko) Chrome/144.0.0.0 Safari/537.36 0.010
0:0:0:0:0:0:0:1 - - [28/Jan/2026:19:11:55 +0000] GET /api/am/publisher/v4/apis/4465f418-66b3-45f3-9d93-25c463ea65f2/revisions?query=deployed%3Atrue HTTP/1.1 200 477 https://localhost:9443/publisher/apis/4465f418-66b3-45f3-9d93-25c463ea65f2/deployments Mozilla/5.0 (Windows NT 10.0; Win64; x64) AppleWebKit/537.36 (KHTML, like Gecko) Chrome/144.0.0.0 Safari/537.36 0.014
0:0:0:0:0:0:0:1 - - [28/Jan/2026:19:11:59 +0000] GET /api/am/publisher/v4/apis/4465f418-66b3-45f3-9d93-25c463ea65f2/revisions?query=deployed%3Atrue HTTP/1.1 200 477 https://localhost:9443/publisher/apis/4465f418-66b3-45f3-9d93-25c463ea65f2/deployments Mozilla/5.0 (Windows NT 10.0; Win64; x64) AppleWebKit/537.36 (KHTML, like Gecko) Chrome/144.0.0.0 Safari/537.36 0.010
0:0:0:0:0:0:0:1 - - [28/Jan/2026:19:12:03 +0000] GET /api/am/publisher/v4/apis/4465f418-66b3-45f3-9d93-25c463ea65f2/revisions?query=deployed%3Atrue HTTP/1.1 200 477 https://localhost:9443/publisher/apis/4465f418-66b3-45f3-9d93-25c463ea65f2/deployments Mozilla/5.0 (Windows NT 10.0; Win64; x64) AppleWebKit/537.36 (KHTML, like Gecko) Chrome/144.0.0.0 Safari/537.36 0.016
127.0.0.1 - - [28/Jan/2026:19:12:06 +0000] POST /internal/data/v1/notify-gateway HTTP/1.1 200 76 - Apache-HttpClient/4.5.13 (Java/21.0.10) 0.012
0:0:0:0:0:0:0:1 - - [28/Jan/2026:19:12:07 +0000] GET /api/am/publisher/v4/apis/4465f418-66b3-45f3-9d93-25c463ea65f2/revisions?query=deployed%3Atrue HTTP/1.1 200 477 https://localhost:9443/publisher/apis/4465f418-66b3-45f3-9d93-25c463ea65f2/deployments Mozilla/5.0 (Windows NT 10.0; Win64; x64) AppleWebKit/537.36 (KHTML, like Gecko) Chrome/144.0.0.0 Safari/537.36 0.006
0:0:0:0:0:0:0:1 - - [28/Jan/2026:19:12:11 +0000] GET /api/am/publisher/v4/apis/4465f418-66b3-45f3-9d93-25c463ea65f2/revisions?query=deployed%3Atrue HTTP/1.1 200 477 https://localhost:9443/publisher/apis/4465f418-66b3-45f3-9d93-25c463ea65f2/deployments Mozilla/5.0 (Windows NT 10.0; Win64; x64) AppleWebKit/537.36 (KHTML, like Gecko) Chrome/144.0.0.0 Safari/537.36 0.009
0:0:0:0:0:0:0:1 - - [28/Jan/2026:19:12:15 +0000] GET /api/am/publisher/v4/apis/4465f418-66b3-45f3-9d93-25c463ea65f2/revisions?query=deployed%3Atrue HTTP/1.1 200 477 https://localhost:9443/publisher/apis/4465f418-66b3-45f3-9d93-25c463ea65f2/deployments Mozilla/5.0 (Windows NT 10.0; Win64; x64) AppleWebKit/537.36 (KHTML, like Gecko) Chrome/144.0.0.0 Safari/537.36 0.016
0:0:0:0:0:0:0:1 - - [28/Jan/2026:19:12:19 +0000] GET /api/am/publisher/v4/apis/4465f418-66b3-45f3-9d93-25c463ea65f2/revisions?query=deployed%3Atrue HTTP/1.1 200 477 https://localhost:9443/publisher/apis/4465f418-66b3-45f3-9d93-25c463ea65f2/deployments Mozilla/5.0 (Windows NT 10.0; Win64; x64) AppleWebKit/537.36 (KHTML, like Gecko) Chrome/144.0.0.0 Safari/537.36 0.012
0:0:0:0:0:0:0:1 - - [28/Jan/2026:19:12:22 +0000] GET /api/am/publisher/v4/apis/4465f418-66b3-45f3-9d93-25c463ea65f2/revisions?query=deployed%3Atrue HTTP/1.1 200 477 https://localhost:9443/publisher/apis/4465f418-66b3-45f3-9d93-25c463ea65f2/deployments Mozilla/5.0 (Windows NT 10.0; Win64; x64) AppleWebKit/537.36 (KHTML, like Gecko) Chrome/144.0.0.0 Safari/537.36 0.009
0:0:0:0:0:0:0:1 - - [28/Jan/2026:19:12:25 +0000] GET /api/am/publisher/v4/apis/4465f418-66b3-45f3-9d93-25c463ea65f2/revisions?query=deployed%3Atrue HTTP/1.1 200 477 https://localhost:9443/publisher/apis/4465f418-66b3-45f3-9d93-25c463ea65f2/deployments Mozilla/5.0 (Windows NT 10.0; Win64; x64) AppleWebKit/537.36 (KHTML, like Gecko) Chrome/144.0.0.0 Safari/537.36 0.013
0:0:0:0:0:0:0:1 - - [28/Jan/2026:19:12:28 +0000] GET /api/am/publisher/v4/apis/4465f418-66b3-45f3-9d93-25c463ea65f2/revisions?query=deployed%3Atrue HTTP/1.1 200 477 https://localhost:9443/publisher/apis/4465f418-66b3-45f3-9d93-25c463ea65f2/deployments Mozilla/5.0 (Windows NT 10.0; Win64; x64) AppleWebKit/537.36 (KHTML, like Gecko) Chrome/144.0.0.0 Safari/537.36 0.009
0:0:0:0:0:0:0:1 - - [28/Jan/2026:19:12:32 +0000] GET /api/am/publisher/v4/apis/4465f418-66b3-45f3-9d93-25c463ea65f2/revisions?query=deployed%3Atrue HTTP/1.1 200 477 https://localhost:9443/publisher/apis/4465f418-66b3-45f3-9d93-25c463ea65f2/deployments Mozilla/5.0 (Windows NT 10.0; Win64; x64) AppleWebKit/537.36 (KHTML, like Gecko) Chrome/144.0.0.0 Safari/537.36 0.011
0:0:0:0:0:0:0:1 - - [28/Jan/2026:19:12:35 +0000] GET /api/am/publisher/v4/apis/4465f418-66b3-45f3-9d93-25c463ea65f2/revisions?query=deployed%3Atrue HTTP/1.1 200 477 https://localhost:9443/publisher/apis/4465f418-66b3-45f3-9d93-25c463ea65f2/deployments Mozilla/5.0 (Windows NT 10.0; Win64; x64) AppleWebKit/537.36 (KHTML, like Gecko) Chrome/144.0.0.0 Safari/537.36 0.013
127.0.0.1 - - [28/Jan/2026:19:12:36 +0000] POST /internal/data/v1/notify-gateway HTTP/1.1 200 76 - Apache-HttpClient/4.5.13 (Java/21.0.10) 0.021
0:0:0:0:0:0:0:1 - - [28/Jan/2026:19:12:39 +0000] GET /api/am/publisher/v4/apis/4465f418-66b3-45f3-9d93-25c463ea65f2/revisions?query=deployed%3Atrue HTTP/1.1 200 477 https://localhost:9443/publisher/apis/4465f418-66b3-45f3-9d93-25c463ea65f2/deployments Mozilla/5.0 (Windows NT 10.0; Win64; x64) AppleWebKit/537.36 (KHTML, like Gecko) Chrome/144.0.0.0 Safari/537.36 0.014
0:0:0:0:0:0:0:1 - - [28/Jan/2026:19:12:42 +0000] - 400 - - - 0.000
0:0:0:0:0:0:0:1 - - [28/Jan/2026:19:12:42 +0000] - 400 - - - 0.000
0:0:0:0:0:0:0:1 - - [28/Jan/2026:19:12:42 +0000] GET /devportal/site/public/dist/8913.ee54c41977ed67283aa0.bundle.js HTTP/1.1 200 7563 https://localhost:9443/devportal/apis/4465f418-66b3-45f3-9d93-25c463ea65f2/credentials Mozilla/5.0 (Windows NT 10.0; Win64; x64) AppleWebKit/537.36 (KHTML, like Gecko) Chrome/144.0.0.0 Safari/537.36 0.011
0:0:0:0:0:0:0:1 - - [28/Jan/2026:19:12:42 +0000] GET /devportal/site/public/dist/APICredentials.2f3563d92a0ff4ec3bdb.bundle.js HTTP/1.1 200 5725 https://localhost:9443/devportal/apis/4465f418-66b3-45f3-9d93-25c463ea65f2/credentials Mozilla/5.0 (Windows NT 10.0; Win64; x64) AppleWebKit/537.36 (KHTML, like Gecko) Chrome/144.0.0.0 Safari/537.36 0.015
0:0:0:0:0:0:0:1 - - [28/Jan/2026:19:12:42 +0000] GET /devportal/site/public/dist/6158.75855cf94cb8ce2f1333.bundle.js HTTP/1.1 200 18147 https://localhost:9443/devportal/apis/4465f418-66b3-45f3-9d93-25c463ea65f2/credentials Mozilla/5.0 (Windows NT 10.0; Win64; x64) AppleWebKit/537.36 (KHTML, like Gecko) Chrome/144.0.0.0 Safari/537.36 0.028
0:0:0:0:0:0:0:1 - - [28/Jan/2026:19:12:42 +0000] GET /devportal/site/public/images/_favicon.ico HTTP/1.1 200 1150 https://localhost:9443/devportal/apis/4465f418-66b3-45f3-9d93-25c463ea65f2/credentials Mozilla/5.0 (Windows NT 10.0; Win64; x64) AppleWebKit/537.36 (KHTML, like Gecko) Chrome/144.0.0.0 Safari/537.36 0.011
0:0:0:0:0:0:0:1 - - [28/Jan/2026:19:12:43 +0000] GET /api/am/publisher/v4/apis/4465f418-66b3-45f3-9d93-25c463ea65f2/revisions?query=deployed%3Atrue HTTP/1.1 200 477 https://localhost:9443/publisher/apis/4465f418-66b3-45f3-9d93-25c463ea65f2/deployments Mozilla/5.0 (Windows NT 10.0; Win64; x64) AppleWebKit/537.36 (KHTML, like Gecko) Chrome/144.0.0.0 Safari/537.36 0.010
0:0:0:0:0:0:0:1 - - [28/Jan/2026:19:12:47 +0000] GET /api/am/publisher/v4/apis/4465f418-66b3-45f3-9d93-25c463ea65f2/revisions?query=deployed%3Atrue HTTP/1.1 200 477 https://localhost:9443/publisher/apis/4465f418-66b3-45f3-9d93-25c463ea65f2/deployments Mozilla/5.0 (Windows NT 10.0; Win64; x64) AppleWebKit/537.36 (KHTML, like Gecko) Chrome/144.0.0.0 Safari/537.36 0.012
0:0:0:0:0:0:0:1 - - [28/Jan/2026:19:12:51 +0000] GET /api/am/publisher/v4/apis/4465f418-66b3-45f3-9d93-25c463ea65f2/revisions?query=deployed%3Atrue HTTP/1.1 200 477 https://localhost:9443/publisher/apis/4465f418-66b3-45f3-9d93-25c463ea65f2/deployments Mozilla/5.0 (Windows NT 10.0; Win64; x64) AppleWebKit/537.36 (KHTML, like Gecko) Chrome/144.0.0.0 Safari/537.36 0.010
0:0:0:0:0:0:0:1 - - [28/Jan/2026:19:12:53 +0000] - 400 - - - 0.000
0:0:0:0:0:0:0:1 - - [28/Jan/2026:19:12:53 +0000] GET /api/am/devportal/v3/throttling-policies/application HTTP/1.1 200 473 https://localhost:9443/devportal/apis/4465f418-66b3-45f3-9d93-25c463ea65f2/credentials/wizard Mozilla/5.0 (Windows NT 10.0; Win64; x64) AppleWebKit/537.36 (KHTML, like Gecko) Chrome/144.0.0.0 Safari/537.36 0.022
0:0:0:0:0:0:0:1 - - [28/Jan/2026:19:12:53 +0000] GET /devportal/site/public/images/_favicon.ico HTTP/1.1 200 1150 https://localhost:9443/devportal/apis/4465f418-66b3-45f3-9d93-25c463ea65f2/credentials/wizard Mozilla/5.0 (Windows NT 10.0; Win64; x64) AppleWebKit/537.36 (KHTML, like Gecko) Chrome/144.0.0.0 Safari/537.36 0.004
0:0:0:0:0:0:0:1 - - [28/Jan/2026:19:12:53 +0000] GET /api/am/devportal/v3/settings/application-attributes HTTP/1.1 200 21 https://localhost:9443/devportal/apis/4465f418-66b3-45f3-9d93-25c463ea65f2/credentials/wizard Mozilla/5.0 (Windows NT 10.0; Win64; x64) AppleWebKit/537.36 (KHTML, like Gecko) Chrome/144.0.0.0 Safari/537.36 0.033
127.0.0.1 - - [28/Jan/2026:19:12:53 +0000] GET /oauth2/token/.well-known/openid-configuration HTTP/1.1 200 2404 - Apache-HttpClient/4.5.13 (Java/21.0.10) 0.017
0:0:0:0:0:0:0:1 - - [28/Jan/2026:19:12:53 +0000] GET /api/am/devportal/v3/key-managers HTTP/1.1 200 763 https://localhost:9443/devportal/apis/4465f418-66b3-45f3-9d93-25c463ea65f2/credentials/wizard Mozilla/5.0 (Windows NT 10.0; Win64; x64) AppleWebKit/537.36 (KHTML, like Gecko) Chrome/144.0.0.0 Safari/537.36 0.066
0:0:0:0:0:0:0:1 - - [28/Jan/2026:19:12:55 +0000] GET /api/am/publisher/v4/apis/4465f418-66b3-45f3-9d93-25c463ea65f2/revisions?query=deployed%3Atrue HTTP/1.1 200 477 https://localhost:9443/publisher/apis/4465f418-66b3-45f3-9d93-25c463ea65f2/deployments Mozilla/5.0 (Windows NT 10.0; Win64; x64) AppleWebKit/537.36 (KHTML, like Gecko) Chrome/144.0.0.0 Safari/537.36 0.017
0:0:0:0:0:0:0:1 - - [28/Jan/2026:19:12:59 +0000] GET /api/am/publisher/v4/apis/4465f418-66b3-45f3-9d93-25c463ea65f2/revisions?query=deployed%3Atrue HTTP/1.1 200 477 https://localhost:9443/publisher/apis/4465f418-66b3-45f3-9d93-25c463ea65f2/deployments Mozilla/5.0 (Windows NT 10.0; Win64; x64) AppleWebKit/537.36 (KHTML, like Gecko) Chrome/144.0.0.0 Safari/537.36 0.012
0:0:0:0:0:0:0:1 - - [28/Jan/2026:19:13:03 +0000] GET /api/am/publisher/v4/apis/4465f418-66b3-45f3-9d93-25c463ea65f2/revisions?query=deployed%3Atrue HTTP/1.1 200 477 https://localhost:9443/publisher/apis/4465f418-66b3-45f3-9d93-25c463ea65f2/deployments Mozilla/5.0 (Windows NT 10.0; Win64; x64) AppleWebKit/537.36 (KHTML, like Gecko) Chrome/144.0.0.0 Safari/537.36 0.015
127.0.0.1 - - [28/Jan/2026:19:13:06 +0000] POST /internal/data/v1/notify-gateway HTTP/1.1 200 76 - Apache-HttpClient/4.5.13 (Java/21.0.10) 0.016
0:0:0:0:0:0:0:1 - - [28/Jan/2026:19:13:07 +0000] GET /api/am/publisher/v4/apis/4465f418-66b3-45f3-9d93-25c463ea65f2/revisions?query=deployed%3Atrue HTTP/1.1 200 477 https://localhost:9443/publisher/apis/4465f418-66b3-45f3-9d93-25c463ea65f2/deployments Mozilla/5.0 (Windows NT 10.0; Win64; x64) AppleWebKit/537.36 (KHTML, like Gecko) Chrome/144.0.0.0 Safari/537.36 0.011
0:0:0:0:0:0:0:1 - - [28/Jan/2026:19:13:11 +0000] GET /api/am/publisher/v4/apis/4465f418-66b3-45f3-9d93-25c463ea65f2/revisions?query=deployed%3Atrue HTTP/1.1 200 477 https://localhost:9443/publisher/apis/4465f418-66b3-45f3-9d93-25c463ea65f2/deployments Mozilla/5.0 (Windows NT 10.0; Win64; x64) AppleWebKit/537.36 (KHTML, like Gecko) Chrome/144.0.0.0 Safari/537.36 0.017
0:0:0:0:0:0:0:1 - - [28/Jan/2026:19:13:14 +0000] POST /api/am/devportal/v3/applications HTTP/1.1 201 362 https://localhost:9443/devportal/apis/4465f418-66b3-45f3-9d93-25c463ea65f2/credentials/wizard Mozilla/5.0 (Windows NT 10.0; Win64; x64) AppleWebKit/537.36 (KHTML, like Gecko) Chrome/144.0.0.0 Safari/537.36 0.148
0:0:0:0:0:0:0:1 - - [28/Jan/2026:19:13:15 +0000] GET /api/am/publisher/v4/apis/4465f418-66b3-45f3-9d93-25c463ea65f2/revisions?query=deployed%3Atrue HTTP/1.1 200 477 https://localhost:9443/publisher/apis/4465f418-66b3-45f3-9d93-25c463ea65f2/deployments Mozilla/5.0 (Windows NT 10.0; Win64; x64) AppleWebKit/537.36 (KHTML, like Gecko) Chrome/144.0.0.0 Safari/537.36 0.015
0:0:0:0:0:0:0:1 - - [28/Jan/2026:19:13:18 +0000] POST /api/am/devportal/v3/subscriptions HTTP/1.1 201 778 https://localhost:9443/devportal/apis/4465f418-66b3-45f3-9d93-25c463ea65f2/credentials/wizard Mozilla/5.0 (Windows NT 10.0; Win64; x64) AppleWebKit/537.36 (KHTML, like Gecko) Chrome/144.0.0.0 Safari/537.36 0.057
127.0.0.1 - - [28/Jan/2026:19:13:18 +0000] GET /oauth2/token/.well-known/openid-configuration HTTP/1.1 200 2404 - Apache-HttpClient/4.5.13 (Java/21.0.10) 0.009
0:0:0:0:0:0:0:1 - - [28/Jan/2026:19:13:18 +0000] GET /api/am/devportal/v3/key-managers HTTP/1.1 200 763 https://localhost:9443/devportal/apis/4465f418-66b3-45f3-9d93-25c463ea65f2/credentials/wizard Mozilla/5.0 (Windows NT 10.0; Win64; x64) AppleWebKit/537.36 (KHTML, like Gecko) Chrome/144.0.0.0 Safari/537.36 0.050
0:0:0:0:0:0:0:1 - - [28/Jan/2026:19:13:21 +0000] GET /api/am/devportal/v3/swagger.yaml HTTP/1.1 200 33642 https://localhost:9443/devportal/apis/4465f418-66b3-45f3-9d93-25c463ea65f2/credentials/wizard Mozilla/5.0 (Windows NT 10.0; Win64; x64) AppleWebKit/537.36 (KHTML, like Gecko) Chrome/144.0.0.0 Safari/537.36 0.030
0:0:0:0:0:0:0:1 - - [28/Jan/2026:19:13:21 +0000] GET /api/am/devportal/v3/applications/8f07c9c7-895f-4578-b8f7-c0bb36507549 HTTP/1.1 200 363 https://localhost:9443/devportal/apis/4465f418-66b3-45f3-9d93-25c463ea65f2/credentials/wizard Mozilla/5.0 (Windows NT 10.0; Win64; x64) AppleWebKit/537.36 (KHTML, like Gecko) Chrome/144.0.0.0 Safari/537.36 0.014
127.0.0.1 - - [28/Jan/2026:19:13:22 +0000] POST /keymanager-operations/dcr/register HTTP/1.1 201 773 - Apache-HttpClient/4.5.13 (Java/21.0.10) 0.078
127.0.0.1 - - [28/Jan/2026:19:13:22 +0000] POST /oauth2/token HTTP/1.1 200 1178 - Apache-HttpClient/4.5.13 (Java/21.0.10) 0.032
0:0:0:0:0:0:0:1 - - [28/Jan/2026:19:13:22 +0000] POST /api/am/devportal/v3/applications/8f07c9c7-895f-4578-b8f7-c0bb36507549/generate-keys HTTP/1.1 200 1338 https://localhost:9443/devportal/apis/4465f418-66b3-45f3-9d93-25c463ea65f2/credentials/wizard Mozilla/5.0 (Windows NT 10.0; Win64; x64) AppleWebKit/537.36 (KHTML, like Gecko) Chrome/144.0.0.0 Safari/537.36 0.161
0:0:0:0:0:0:0:1 - - [28/Jan/2026:19:13:22 +0000] GET /api/am/devportal/v3/swagger.yaml HTTP/1.1 200 33642 https://localhost:9443/devportal/apis/4465f418-66b3-45f3-9d93-25c463ea65f2/credentials/wizard Mozilla/5.0 (Windows NT 10.0; Win64; x64) AppleWebKit/537.36 (KHTML, like Gecko) Chrome/144.0.0.0 Safari/537.36 0.019
127.0.0.1 - - [28/Jan/2026:19:13:22 +0000] GET /keymanager-operations/dcr/register/cTU3bnhHTmZOZjlwRHJHRW9RZ0ExcnF2dFJ3YQ%3D%3D HTTP/1.1 200 773 - Apache-HttpClient/4.5.13 (Java/21.0.10) 0.013
0:0:0:0:0:0:0:1 - - [28/Jan/2026:19:13:22 +0000] GET /api/am/devportal/v3/applications/8f07c9c7-895f-4578-b8f7-c0bb36507549 HTTP/1.1 200 363 https://localhost:9443/devportal/apis/4465f418-66b3-45f3-9d93-25c463ea65f2/credentials/wizard Mozilla/5.0 (Windows NT 10.0; Win64; x64) AppleWebKit/537.36 (KHTML, like Gecko) Chrome/144.0.0.0 Safari/537.36 0.029
127.0.0.1 - - [28/Jan/2026:19:13:22 +0000] GET /keymanager-operations/dcr/register/cTU3bnhHTmZOZjlwRHJHRW9RZ0ExcnF2dFJ3YQ%3D%3D HTTP/1.1 200 773 - Apache-HttpClient/4.5.13 (Java/21.0.10) 0.020
0:0:0:0:0:0:0:1 - - [28/Jan/2026:19:13:22 +0000] GET /api/am/devportal/v3/applications/8f07c9c7-895f-4578-b8f7-c0bb36507549/oauth-keys HTTP/1.1 200 868 https://localhost:9443/devportal/apis/4465f418-66b3-45f3-9d93-25c463ea65f2/credentials/wizard Mozilla/5.0 (Windows NT 10.0; Win64; x64) AppleWebKit/537.36 (KHTML, like Gecko) Chrome/144.0.0.0 Safari/537.36 0.035
0:0:0:0:0:0:0:1 - - [28/Jan/2026:19:13:25 +0000] GET /api/am/devportal/v3/swagger.yaml HTTP/1.1 200 33642 https://localhost:9443/devportal/apis/4465f418-66b3-45f3-9d93-25c463ea65f2/credentials/wizard Mozilla/5.0 (Windows NT 10.0; Win64; x64) AppleWebKit/537.36 (KHTML, like Gecko) Chrome/144.0.0.0 Safari/537.36 0.023
127.0.0.1 - - [28/Jan/2026:19:13:25 +0000] GET /keymanager-operations/dcr/register/cTU3bnhHTmZOZjlwRHJHRW9RZ0ExcnF2dFJ3YQ%3D%3D HTTP/1.1 200 773 - Apache-HttpClient/4.5.13 (Java/21.0.10) 0.017
0:0:0:0:0:0:0:1 - - [28/Jan/2026:19:13:25 +0000] GET /api/am/devportal/v3/applications/8f07c9c7-895f-4578-b8f7-c0bb36507549 HTTP/1.1 200 363 https://localhost:9443/devportal/apis/4465f418-66b3-45f3-9d93-25c463ea65f2/credentials/wizard Mozilla/5.0 (Windows NT 10.0; Win64; x64) AppleWebKit/537.36 (KHTML, like Gecko) Chrome/144.0.0.0 Safari/537.36 0.045
127.0.0.1 - - [28/Jan/2026:19:13:25 +0000] GET /keymanager-operations/dcr/register/cTU3bnhHTmZOZjlwRHJHRW9RZ0ExcnF2dFJ3YQ%3D%3D HTTP/1.1 200 773 - Apache-HttpClient/4.5.13 (Java/21.0.10) 0.014
0:0:0:0:0:0:0:1 - - [28/Jan/2026:19:13:25 +0000] GET /api/am/devportal/v3/applications/8f07c9c7-895f-4578-b8f7-c0bb36507549/oauth-keys HTTP/1.1 200 868 https://localhost:9443/devportal/apis/4465f418-66b3-45f3-9d93-25c463ea65f2/credentials/wizard Mozilla/5.0 (Windows NT 10.0; Win64; x64) AppleWebKit/537.36 (KHTML, like Gecko) Chrome/144.0.0.0 Safari/537.36 0.028
127.0.0.1 - - [28/Jan/2026:19:13:25 +0000] GET /keymanager-operations/dcr/register/cTU3bnhHTmZOZjlwRHJHRW9RZ0ExcnF2dFJ3YQ%3D%3D HTTP/1.1 200 773 - Apache-HttpClient/4.5.13 (Java/21.0.10) 0.016
127.0.0.1 - - [28/Jan/2026:19:13:25 +0000] GET /keymanager-operations/dcr/register/cTU3bnhHTmZOZjlwRHJHRW9RZ0ExcnF2dFJ3YQ%3D%3D HTTP/1.1 200 773 - Apache-HttpClient/4.5.13 (Java/21.0.10) 0.015
127.0.0.1 - - [28/Jan/2026:19:13:25 +0000] POST /oauth2/token HTTP/1.1 200 1178 - Apache-HttpClient/4.5.13 (Java/21.0.10) 0.035
0:0:0:0:0:0:0:1 - - [28/Jan/2026:19:13:25 +0000] POST /api/am/devportal/v3/applications/8f07c9c7-895f-4578-b8f7-c0bb36507549/oauth-keys/0bb11f17-cf49-4cc9-a20e-e196c1625946/generate-token HTTP/1.1 200 901 https://localhost:9443/devportal/apis/4465f418-66b3-45f3-9d93-25c463ea65f2/credentials/wizard Mozilla/5.0 (Windows NT 10.0; Win64; x64) AppleWebKit/537.36 (KHTML, like Gecko) Chrome/144.0.0.0 Safari/537.36 0.139
127.0.0.1 - - [28/Jan/2026:19:13:25 +0000] POST /internal/data/v1/notify HTTP/1.1 200 - - Apache-HttpClient/4.5.13 (Java/21.0.10) 0.078
0:0:0:0:0:0:0:1 - - [28/Jan/2026:19:13:31 +0000] - 400 - - - 0.000
0:0:0:0:0:0:0:1 - - [28/Jan/2026:19:13:31 +0000] GET /api/am/devportal/v3/applications?limit=5000 HTTP/1.1 200 708 https://localhost:9443/devportal/apis/4465f418-66b3-45f3-9d93-25c463ea65f2/credentials Mozilla/5.0 (Windows NT 10.0; Win64; x64) AppleWebKit/537.36 (KHTML, like Gecko) Chrome/144.0.0.0 Safari/537.36 0.014
0:0:0:0:0:0:0:1 - - [28/Jan/2026:19:13:31 +0000] GET /devportal/site/public/images/_favicon.ico HTTP/1.1 200 1150 https://localhost:9443/devportal/apis/4465f418-66b3-45f3-9d93-25c463ea65f2/credentials Mozilla/5.0 (Windows NT 10.0; Win64; x64) AppleWebKit/537.36 (KHTML, like Gecko) Chrome/144.0.0.0 Safari/537.36 0.007
0:0:0:0:0:0:0:1 - - [28/Jan/2026:19:13:31 +0000] GET /api/am/devportal/v3/apis/4465f418-66b3-45f3-9d93-25c463ea65f2 HTTP/1.1 200 2681 https://localhost:9443/devportal/apis/4465f418-66b3-45f3-9d93-25c463ea65f2/credentials Mozilla/5.0 (Windows NT 10.0; Win64; x64) AppleWebKit/537.36 (KHTML, like Gecko) Chrome/144.0.0.0 Safari/537.36 0.050
127.0.0.1 - - [28/Jan/2026:19:13:31 +0000] GET /keymanager-operations/dcr/register/RTFvQVZTSVUxVjBCRXZGZ293a3V2cXFYbzRZYQ%3D%3D HTTP/1.1 200 773 - Apache-HttpClient/4.5.13 (Java/21.0.10) 0.016
127.0.0.1 - - [28/Jan/2026:19:13:31 +0000] GET /keymanager-operations/dcr/register/RTFvQVZTSVUxVjBCRXZGZ293a3V2cXFYbzRZYQ%3D%3D HTTP/1.1 200 773 - Apache-HttpClient/4.5.13 (Java/21.0.10) 0.012
127.0.0.1 - - [28/Jan/2026:19:13:31 +0000] GET /keymanager-operations/dcr/register/cTU3bnhHTmZOZjlwRHJHRW9RZ0ExcnF2dFJ3YQ%3D%3D HTTP/1.1 200 773 - Apache-HttpClient/4.5.13 (Java/21.0.10) 0.015
127.0.0.1 - - [28/Jan/2026:19:13:31 +0000] GET /keymanager-operations/dcr/register/cTU3bnhHTmZOZjlwRHJHRW9RZ0ExcnF2dFJ3YQ%3D%3D HTTP/1.1 200 773 - Apache-HttpClient/4.5.13 (Java/21.0.10) 0.015
0:0:0:0:0:0:0:1 - - [28/Jan/2026:19:13:31 +0000] GET /api/am/devportal/v3/subscriptions?apiId=4465f418-66b3-45f3-9d93-25c463ea65f2&limit=5000 HTTP/1.1 200 947 https://localhost:9443/devportal/apis/4465f418-66b3-45f3-9d93-25c463ea65f2/credentials Mozilla/5.0 (Windows NT 10.0; Win64; x64) AppleWebKit/537.36 (KHTML, like Gecko) Chrome/144.0.0.0 Safari/537.36 0.105
0:0:0:0:0:0:0:1 - - [28/Jan/2026:19:13:31 +0000] GET /api/am/devportal/v3/subscriptions?apiId=4465f418-66b3-45f3-9d93-25c463ea65f2&limit=25 HTTP/1.1 200 946 https://localhost:9443/devportal/apis/4465f418-66b3-45f3-9d93-25c463ea65f2/credentials Mozilla/5.0 (Windows NT 10.0; Win64; x64) AppleWebKit/537.36 (KHTML, like Gecko) Chrome/144.0.0.0 Safari/537.36 0.106
127.0.0.1 - - [28/Jan/2026:19:13:36 +0000] POST /internal/data/v1/notify-gateway HTTP/1.1 200 76 - Apache-HttpClient/4.5.13 (Java/21.0.10) 0.018
0:0:0:0:0:0:0:1 - - [28/Jan/2026:19:13:53 +0000] GET /devportal/site/public/images/_favicon.ico HTTP/1.1 200 1150 https://localhost:9443/devportal/apis/4465f418-66b3-45f3-9d93-25c463ea65f2/api-console Mozilla/5.0 (Windows NT 10.0; Win64; x64) AppleWebKit/537.36 (KHTML, like Gecko) Chrome/144.0.0.0 Safari/537.36 0.005
0:0:0:0:0:0:0:1 - - [28/Jan/2026:19:13:53 +0000] GET /api/am/devportal/v3/apis/4465f418-66b3-45f3-9d93-25c463ea65f2 HTTP/1.1 200 2681 https://localhost:9443/devportal/apis/4465f418-66b3-45f3-9d93-25c463ea65f2/api-console Mozilla/5.0 (Windows NT 10.0; Win64; x64) AppleWebKit/537.36 (KHTML, like Gecko) Chrome/144.0.0.0 Safari/537.36 0.070
0:0:0:0:0:0:0:1 - - [28/Jan/2026:19:13:53 +0000] GET /api/am/devportal/v3/apis/4465f418-66b3-45f3-9d93-25c463ea65f2/swagger?environmentName=Default HTTP/1.1 200 1926 https://localhost:9443/devportal/apis/4465f418-66b3-45f3-9d93-25c463ea65f2/api-console Mozilla/5.0 (Windows NT 10.0; Win64; x64) AppleWebKit/537.36 (KHTML, like Gecko) Chrome/144.0.0.0 Safari/537.36 0.092
127.0.0.1 - - [28/Jan/2026:19:13:53 +0000] GET /keymanager-operations/dcr/register/RTFvQVZTSVUxVjBCRXZGZ293a3V2cXFYbzRZYQ%3D%3D HTTP/1.1 200 773 - Apache-HttpClient/4.5.13 (Java/21.0.10) 0.021
0:0:0:0:0:0:0:1 - - [28/Jan/2026:19:13:53 +0000] GET /api/am/devportal/v3/swagger.yaml HTTP/1.1 200 33642 https://localhost:9443/devportal/apis/4465f418-66b3-45f3-9d93-25c463ea65f2/api-console Mozilla/5.0 (Windows NT 10.0; Win64; x64) AppleWebKit/537.36 (KHTML, like Gecko) Chrome/144.0.0.0 Safari/537.36 0.047
127.0.0.1 - - [28/Jan/2026:19:13:53 +0000] GET /keymanager-operations/dcr/register/cTU3bnhHTmZOZjlwRHJHRW9RZ0ExcnF2dFJ3YQ%3D%3D HTTP/1.1 200 773 - Apache-HttpClient/4.5.13 (Java/21.0.10) 0.052
0:0:0:0:0:0:0:1 - - [28/Jan/2026:19:13:53 +0000] GET /api/am/devportal/v3/subscriptions?apiId=4465f418-66b3-45f3-9d93-25c463ea65f2&limit=25 HTTP/1.1 200 946 https://localhost:9443/devportal/apis/4465f418-66b3-45f3-9d93-25c463ea65f2/api-console Mozilla/5.0 (Windows NT 10.0; Win64; x64) AppleWebKit/537.36 (KHTML, like Gecko) Chrome/144.0.0.0 Safari/537.36 0.143
127.0.0.1 - - [28/Jan/2026:19:13:53 +0000] GET /oauth2/token/.well-known/openid-configuration HTTP/1.1 200 2404 - Apache-HttpClient/4.5.13 (Java/21.0.10) 0.013
0:0:0:0:0:0:0:1 - - [28/Jan/2026:19:13:53 +0000] GET /api/am/devportal/v3/key-managers HTTP/1.1 200 763 https://localhost:9443/devportal/apis/4465f418-66b3-45f3-9d93-25c463ea65f2/api-console Mozilla/5.0 (Windows NT 10.0; Win64; x64) AppleWebKit/537.36 (KHTML, like Gecko) Chrome/144.0.0.0 Safari/537.36 0.112
127.0.0.1 - - [28/Jan/2026:19:13:53 +0000] GET /keymanager-operations/dcr/register/cTU3bnhHTmZOZjlwRHJHRW9RZ0ExcnF2dFJ3YQ%3D%3D HTTP/1.1 200 773 - Apache-HttpClient/4.5.13 (Java/21.0.10) 0.037
127.0.0.1 - - [28/Jan/2026:19:13:53 +0000] GET /keymanager-operations/dcr/register/RTFvQVZTSVUxVjBCRXZGZ293a3V2cXFYbzRZYQ%3D%3D HTTP/1.1 200 773 - Apache-HttpClient/4.5.13 (Java/21.0.10) 0.020
0:0:0:0:0:0:0:1 - - [28/Jan/2026:19:13:53 +0000] GET /api/am/devportal/v3/applications/ HTTP/1.1 200 706 https://localhost:9443/devportal/apis/4465f418-66b3-45f3-9d93-25c463ea65f2/api-console Mozilla/5.0 (Windows NT 10.0; Win64; x64) AppleWebKit/537.36 (KHTML, like Gecko) Chrome/144.0.0.0 Safari/537.36 0.010
0:0:0:0:0:0:0:1 - - [28/Jan/2026:19:13:53 +0000] GET /api/am/devportal/v3/subscriptions?apiId=4465f418-66b3-45f3-9d93-25c463ea65f2&limit=25 HTTP/1.1 200 946 https://localhost:9443/devportal/apis/4465f418-66b3-45f3-9d93-25c463ea65f2/api-console Mozilla/5.0 (Windows NT 10.0; Win64; x64) AppleWebKit/537.36 (KHTML, like Gecko) Chrome/144.0.0.0 Safari/537.36 0.128
0:0:0:0:0:0:0:1 - - [28/Jan/2026:19:13:53 +0000] GET /api/am/devportal/v3/swagger.yaml HTTP/1.1 200 33642 https://localhost:9443/devportal/apis/4465f418-66b3-45f3-9d93-25c463ea65f2/api-console Mozilla/5.0 (Windows NT 10.0; Win64; x64) AppleWebKit/537.36 (KHTML, like Gecko) Chrome/144.0.0.0 Safari/537.36 0.024
127.0.0.1 - - [28/Jan/2026:19:13:54 +0000] GET /keymanager-operations/dcr/register/RTFvQVZTSVUxVjBCRXZGZ293a3V2cXFYbzRZYQ%3D%3D HTTP/1.1 200 773 - Apache-HttpClient/4.5.13 (Java/21.0.10) 0.013
0:0:0:0:0:0:0:1 - - [28/Jan/2026:19:13:54 +0000] GET /api/am/devportal/v3/applications/f16466da-b4c3-4543-a0d3-e62539a29cbd HTTP/1.1 200 404 https://localhost:9443/devportal/apis/4465f418-66b3-45f3-9d93-25c463ea65f2/api-console Mozilla/5.0 (Windows NT 10.0; Win64; x64) AppleWebKit/537.36 (KHTML, like Gecko) Chrome/144.0.0.0 Safari/537.36 0.033
127.0.0.1 - - [28/Jan/2026:19:13:54 +0000] GET /keymanager-operations/dcr/register/RTFvQVZTSVUxVjBCRXZGZ293a3V2cXFYbzRZYQ%3D%3D HTTP/1.1 200 773 - Apache-HttpClient/4.5.13 (Java/21.0.10) 0.014
0:0:0:0:0:0:0:1 - - [28/Jan/2026:19:13:54 +0000] GET /api/am/devportal/v3/applications/f16466da-b4c3-4543-a0d3-e62539a29cbd/oauth-keys HTTP/1.1 200 868 https://localhost:9443/devportal/apis/4465f418-66b3-45f3-9d93-25c463ea65f2/api-console Mozilla/5.0 (Windows NT 10.0; Win64; x64) AppleWebKit/537.36 (KHTML, like Gecko) Chrome/144.0.0.0 Safari/537.36 0.025
0:0:0:0:0:0:0:1 - - [28/Jan/2026:19:13:54 +0000] GET /api/am/devportal/v3/swagger.yaml HTTP/1.1 200 33642 https://localhost:9443/devportal/apis/4465f418-66b3-45f3-9d93-25c463ea65f2/api-console Mozilla/5.0 (Windows NT 10.0; Win64; x64) AppleWebKit/537.36 (KHTML, like Gecko) Chrome/144.0.0.0 Safari/537.36 0.019
