0:0:0:0:0:0:0:1 - - [28/Jan/2026:18:59:44 +0000] GET /api/am/devportal/v3/throttling-policies/subscription HTTP/1.1 200 751 https://localhost:9443/devportal/apis/4465f418-66b3-45f3-9d93-25c463ea65f2/overview Mozilla/5.0 (Windows NT 10.0; Win64; x64) AppleWebKit/537.36 (KHTML, like Gecko) Chrome/144.0.0.0 Safari/537.36 0.013
0:0:0:0:0:0:0:1 - - [28/Jan/2026:18:59:44 +0000] GET /api/am/devportal/v3/apis/4465f418-66b3-45f3-9d93-25c463ea65f2/ratings HTTP/1.1 200 125 https://localhost:9443/devportal/apis/4465f418-66b3-45f3-9d93-25c463ea65f2/overview Mozilla/5.0 (Windows NT 10.0; Win64; x64) AppleWebKit/537.36 (KHTML, like Gecko) Chrome/144.0.0.0 Safari/537.36 0.017
0:0:0:0:0:0:0:1 - - [28/Jan/2026:18:59:44 +0000] GET /api/am/devportal/v3/apis/4465f418-66b3-45f3-9d93-25c463ea65f2/thumbnail HTTP/1.1 204 - https://localhost:9443/devportal/apis/4465f418-66b3-45f3-9d93-25c463ea65f2/overview Mozilla/5.0 (Windows NT 10.0; Win64; x64) AppleWebKit/537.36 (KHTML, like Gecko) Chrome/144.0.0.0 Safari/537.36 0.019
0:0:0:0:0:0:0:1 - - [28/Jan/2026:18:59:44 +0000] GET /api/am/devportal/v3/apis/4465f418-66b3-45f3-9d93-25c463ea65f2/comments?limit=5&offset=0 HTTP/1.1 200 101 https://localhost:9443/devportal/apis/4465f418-66b3-45f3-9d93-25c463ea65f2/overview Mozilla/5.0 (Windows NT 10.0; Win64; x64) AppleWebKit/537.36 (KHTML, like Gecko) Chrome/144.0.0.0 Safari/537.36 0.053
127.0.0.1 - - [28/Jan/2026:18:59:54 +0000] GET /oauth2/token/.well-known/openid-configuration HTTP/1.1 200 2404 - Apache-HttpClient/4.5.13 (Java/21.0.10) 0.010
0:0:0:0:0:0:0:1 - - [28/Jan/2026:18:59:55 +0000] GET /api/am/devportal/v3/key-managers HTTP/1.1 200 763 https://localhost:9443/devportal/apis/4465f418-66b3-45f3-9d93-25c463ea65f2/overview Mozilla/5.0 (Windows NT 10.0; Win64; x64) AppleWebKit/537.36 (KHTML, like Gecko) Chrome/144.0.0.0 Safari/537.36 0.135
0:0:0:0:0:0:0:1 - - [28/Jan/2026:18:59:55 +0000] GET /api/am/devportal/v3/swagger.yaml HTTP/1.1 200 33642 https://localhost:9443/devportal/apis/4465f418-66b3-45f3-9d93-25c463ea65f2/overview Mozilla/5.0 (Windows NT 10.0; Win64; x64) AppleWebKit/537.36 (KHTML, like Gecko) Chrome/144.0.0.0 Safari/537.36 0.024
0:0:0:0:0:0:0:1 - - [28/Jan/2026:18:59:55 +0000] GET /api/am/devportal/v3/applications/f16466da-b4c3-4543-a0d3-e62539a29cbd HTTP/1.1 200 404 https://localhost:9443/devportal/apis/4465f418-66b3-45f3-9d93-25c463ea65f2/overview Mozilla/5.0 (Windows NT 10.0; Win64; x64) AppleWebKit/537.36 (KHTML, like Gecko) Chrome/144.0.0.0 Safari/537.36 0.043
0:0:0:0:0:0:0:1 - - [28/Jan/2026:18:59:55 +0000] GET /api/am/devportal/v3/applications/f16466da-b4c3-4543-a0d3-e62539a29cbd/oauth-keys HTTP/1.1 200 21 https://localhost:9443/devportal/apis/4465f418-66b3-45f3-9d93-25c463ea65f2/overview Mozilla/5.0 (Windows NT 10.0; Win64; x64) AppleWebKit/537.36 (KHTML, like Gecko) Chrome/144.0.0.0 Safari/537.36 0.015
0:0:0:0:0:0:0:1 - - [28/Jan/2026:18:59:55 +0000] POST /api/am/devportal/v3/subscriptions HTTP/1.1 201 777 https://localhost:9443/devportal/apis/4465f418-66b3-45f3-9d93-25c463ea65f2/overview Mozilla/5.0 (Windows NT 10.0; Win64; x64) AppleWebKit/537.36 (KHTML, like Gecko) Chrome/144.0.0.0 Safari/537.36 0.524
127.0.0.1 - - [28/Jan/2026:18:59:58 +0000] POST /keymanager-operations/dcr/register HTTP/1.1 201 773 - Apache-HttpClient/4.5.13 (Java/21.0.10) 2.232
127.0.0.1 - - [28/Jan/2026:18:59:58 +0000] POST /oauth2/token HTTP/1.1 200 1178 - Apache-HttpClient/4.5.13 (Java/21.0.10) 0.117
0:0:0:0:0:0:0:1 - - [28/Jan/2026:18:59:58 +0000] POST /api/am/devportal/v3/applications/f16466da-b4c3-4543-a0d3-e62539a29cbd/generate-keys HTTP/1.1 200 1341 https://localhost:9443/devportal/apis/4465f418-66b3-45f3-9d93-25c463ea65f2/overview Mozilla/5.0 (Windows NT 10.0; Win64; x64) AppleWebKit/537.36 (KHTML, like Gecko) Chrome/144.0.0.0 Safari/537.36 3.001
0:0:0:0:0:0:0:1 - - [28/Jan/2026:18:59:59 +0000] GET /api/am/devportal/v3/applications?limit=5000 HTTP/1.1 200 421 https://localhost:9443/devportal/apis/4465f418-66b3-45f3-9d93-25c463ea65f2/api-console Mozilla/5.0 (Windows NT 10.0; Win64; x64) AppleWebKit/537.36 (KHTML, like Gecko) Chrome/144.0.0.0 Safari/537.36 0.025
0:0:0:0:0:0:0:1 - - [28/Jan/2026:18:59:59 +0000] GET /devportal/site/public/images/_favicon.ico HTTP/1.1 200 1150 https://localhost:9443/devportal/apis/4465f418-66b3-45f3-9d93-25c463ea65f2/api-console Mozilla/5.0 (Windows NT 10.0; Win64; x64) AppleWebKit/537.36 (KHTML, like Gecko) Chrome/144.0.0.0 Safari/537.36 0.011
0:0:0:0:0:0:0:1 - - [28/Jan/2026:18:59:59 +0000] GET /api/am/devportal/v3/apis/4465f418-66b3-45f3-9d93-25c463ea65f2 HTTP/1.1 200 2677 https://localhost:9443/devportal/apis/4465f418-66b3-45f3-9d93-25c463ea65f2/api-console Mozilla/5.0 (Windows NT 10.0; Win64; x64) AppleWebKit/537.36 (KHTML, like Gecko) Chrome/144.0.0.0 Safari/537.36 0.046
0:0:0:0:0:0:0:1 - - [28/Jan/2026:18:59:59 +0000] GET /devportal/site/public/dist/866.10d81f52d6b90c2b654b.bundle.js HTTP/1.1 200 4833 https://localhost:9443/devportal/apis/4465f418-66b3-45f3-9d93-25c463ea65f2/api-console Mozilla/5.0 (Windows NT 10.0; Win64; x64) AppleWebKit/537.36 (KHTML, like Gecko) Chrome/144.0.0.0 Safari/537.36 0.014
0:0:0:0:0:0:0:1 - - [28/Jan/2026:18:59:59 +0000] GET /devportal/site/public/dist/2543.3fb1fe0024370c0247fe.bundle.js HTTP/1.1 200 25309 https://localhost:9443/devportal/apis/4465f418-66b3-45f3-9d93-25c463ea65f2/api-console Mozilla/5.0 (Windows NT 10.0; Win64; x64) AppleWebKit/537.36 (KHTML, like Gecko) Chrome/144.0.0.0 Safari/537.36 0.024
127.0.0.1 - - [28/Jan/2026:18:59:59 +0000] GET /keymanager-operations/dcr/register/RTFvQVZTSVUxVjBCRXZGZ293a3V2cXFYbzRZYQ%3D%3D HTTP/1.1 200 773 - Apache-HttpClient/4.5.13 (Java/21.0.10) 0.028
127.0.0.1 - - [28/Jan/2026:18:59:59 +0000] GET /keymanager-operations/dcr/register/RTFvQVZTSVUxVjBCRXZGZ293a3V2cXFYbzRZYQ%3D%3D HTTP/1.1 200 773 - Apache-HttpClient/4.5.13 (Java/21.0.10) 0.041
0:0:0:0:0:0:0:1 - - [28/Jan/2026:18:59:59 +0000] GET /devportal/site/public/dist/6641.e4decb776f019e34fb10.bundle.js HTTP/1.1 200 17705 https://localhost:9443/devportal/apis/4465f418-66b3-45f3-9d93-25c463ea65f2/api-console Mozilla/5.0 (Windows NT 10.0; Win64; x64) AppleWebKit/537.36 (KHTML, like Gecko) Chrome/144.0.0.0 Safari/537.36 0.014
0:0:0:0:0:0:0:1 - - [28/Jan/2026:18:59:59 +0000] GET /api/am/devportal/v3/subscriptions?apiId=4465f418-66b3-45f3-9d93-25c463ea65f2&limit=25 HTTP/1.1 200 827 https://localhost:9443/devportal/apis/4465f418-66b3-45f3-9d93-25c463ea65f2/api-console Mozilla/5.0 (Windows NT 10.0; Win64; x64) AppleWebKit/537.36 (KHTML, like Gecko) Chrome/144.0.0.0 Safari/537.36 0.095
0:0:0:0:0:0:0:1 - - [28/Jan/2026:18:59:59 +0000] GET /api/am/devportal/v3/subscriptions?apiId=4465f418-66b3-45f3-9d93-25c463ea65f2&limit=5000 HTTP/1.1 200 829 https://localhost:9443/devportal/apis/4465f418-66b3-45f3-9d93-25c463ea65f2/api-console Mozilla/5.0 (Windows NT 10.0; Win64; x64) AppleWebKit/537.36 (KHTML, like Gecko) Chrome/144.0.0.0 Safari/537.36 0.094
0:0:0:0:0:0:0:1 - - [28/Jan/2026:18:59:59 +0000] GET /devportal/site/public/dist/7492.fe298080dc3f173c5646.bundle.js HTTP/1.1 200 62908 https://localhost:9443/devportal/apis/4465f418-66b3-45f3-9d93-25c463ea65f2/api-console Mozilla/5.0 (Windows NT 10.0; Win64; x64) AppleWebKit/537.36 (KHTML, like Gecko) Chrome/144.0.0.0 Safari/537.36 0.032
0:0:0:0:0:0:0:1 - - [28/Jan/2026:18:59:59 +0000] GET /devportal/site/public/dist/APIConsole.86b2f1c0a4830448e02f.bundle.js HTTP/1.1 200 8066 https://localhost:9443/devportal/apis/4465f418-66b3-45f3-9d93-25c463ea65f2/api-console Mozilla/5.0 (Windows NT 10.0; Win64; x64) AppleWebKit/537.36 (KHTML, like Gecko) Chrome/144.0.0.0 Safari/537.36 0.008
0:0:0:0:0:0:0:1 - - [28/Jan/2026:18:59:59 +0000] GET /devportal/site/public/dist/8874.c3691c7eb3a027c0da3c.bundle.js HTTP/1.1 200 6059 https://localhost:9443/devportal/apis/4465f418-66b3-45f3-9d93-25c463ea65f2/api-console Mozilla/5.0 (Windows NT 10.0; Win64; x64) AppleWebKit/537.36 (KHTML, like Gecko) Chrome/144.0.0.0 Safari/537.36 0.009
0:0:0:0:0:0:0:1 - - [28/Jan/2026:18:59:59 +0000] GET /devportal/site/public/dist/6440.88707e373a4479c2eddc.bundle.js HTTP/1.1 200 1173229 https://localhost:9443/devportal/apis/4465f418-66b3-45f3-9d93-25c463ea65f2/api-console Mozilla/5.0 (Windows NT 10.0; Win64; x64) AppleWebKit/537.36 (KHTML, like Gecko) Chrome/144.0.0.0 Safari/537.36 0.362
0:0:0:0:0:0:0:1 - - [28/Jan/2026:18:59:59 +0000] GET /api/am/devportal/v3/apis/4465f418-66b3-45f3-9d93-25c463ea65f2 HTTP/1.1 200 2677 https://localhost:9443/devportal/apis/4465f418-66b3-45f3-9d93-25c463ea65f2/api-console Mozilla/5.0 (Windows NT 10.0; Win64; x64) AppleWebKit/537.36 (KHTML, like Gecko) Chrome/144.0.0.0 Safari/537.36 0.039
0:0:0:0:0:0:0:1 - - [28/Jan/2026:18:59:59 +0000] GET /api/am/devportal/v3/apis/4465f418-66b3-45f3-9d93-25c463ea65f2/swagger?environmentName=Default HTTP/1.1 200 1845 https://localhost:9443/devportal/apis/4465f418-66b3-45f3-9d93-25c463ea65f2/api-console Mozilla/5.0 (Windows NT 10.0; Win64; x64) AppleWebKit/537.36 (KHTML, like Gecko) Chrome/144.0.0.0 Safari/537.36 0.059
127.0.0.1 - - [28/Jan/2026:18:59:59 +0000] GET /keymanager-operations/dcr/register/RTFvQVZTSVUxVjBCRXZGZ293a3V2cXFYbzRZYQ%3D%3D HTTP/1.1 200 773 - Apache-HttpClient/4.5.13 (Java/21.0.10) 0.017
0:0:0:0:0:0:0:1 - - [28/Jan/2026:18:59:59 +0000] GET /api/am/devportal/v3/subscriptions?apiId=4465f418-66b3-45f3-9d93-25c463ea65f2&limit=25 HTTP/1.1 200 827 https://localhost:9443/devportal/apis/4465f418-66b3-45f3-9d93-25c463ea65f2/api-console Mozilla/5.0 (Windows NT 10.0; Win64; x64) AppleWebKit/537.36 (KHTML, like Gecko) Chrome/144.0.0.0 Safari/537.36 0.064
0:0:0:0:0:0:0:1 - - [28/Jan/2026:18:59:59 +0000] GET /api/am/devportal/v3/swagger.yaml HTTP/1.1 200 33642 https://localhost:9443/devportal/apis/4465f418-66b3-45f3-9d93-25c463ea65f2/api-console Mozilla/5.0 (Windows NT 10.0; Win64; x64) AppleWebKit/537.36 (KHTML, like Gecko) Chrome/144.0.0.0 Safari/537.36 0.024
127.0.0.1 - - [28/Jan/2026:18:59:59 +0000] GET /oauth2/token/.well-known/openid-configuration HTTP/1.1 200 2404 - Apache-HttpClient/4.5.13 (Java/21.0.10) 0.007
127.0.0.1 - - [28/Jan/2026:18:59:59 +0000] GET /keymanager-operations/dcr/register/RTFvQVZTSVUxVjBCRXZGZ293a3V2cXFYbzRZYQ%3D%3D HTTP/1.1 200 773 - Apache-HttpClient/4.5.13 (Java/21.0.10) 0.014
0:0:0:0:0:0:0:1 - - [28/Jan/2026:18:59:59 +0000] GET /api/am/devportal/v3/key-managers HTTP/1.1 200 763 https://localhost:9443/devportal/apis/4465f418-66b3-45f3-9d93-25c463ea65f2/api-console Mozilla/5.0 (Windows NT 10.0; Win64; x64) AppleWebKit/537.36 (KHTML, like Gecko) Chrome/144.0.0.0 Safari/537.36 0.052
0:0:0:0:0:0:0:1 - - [28/Jan/2026:18:59:59 +0000] GET /api/am/devportal/v3/subscriptions?apiId=4465f418-66b3-45f3-9d93-25c463ea65f2&limit=25 HTTP/1.1 200 827 https://localhost:9443/devportal/apis/4465f418-66b3-45f3-9d93-25c463ea65f2/api-console Mozilla/5.0 (Windows NT 10.0; Win64; x64) AppleWebKit/537.36 (KHTML, like Gecko) Chrome/144.0.0.0 Safari/537.36 0.070
0:0:0:0:0:0:0:1 - - [28/Jan/2026:19:00:00 +0000] GET /api/am/devportal/v3/applications/ HTTP/1.1 200 419 https://localhost:9443/devportal/apis/4465f418-66b3-45f3-9d93-25c463ea65f2/api-console Mozilla/5.0 (Windows NT 10.0; Win64; x64) AppleWebKit/537.36 (KHTML, like Gecko) Chrome/144.0.0.0 Safari/537.36 0.011
0:0:0:0:0:0:0:1 - - [28/Jan/2026:19:00:00 +0000] GET /api/am/devportal/v3/swagger.yaml HTTP/1.1 200 33642 https://localhost:9443/devportal/apis/4465f418-66b3-45f3-9d93-25c463ea65f2/api-console Mozilla/5.0 (Windows NT 10.0; Win64; x64) AppleWebKit/537.36 (KHTML, like Gecko) Chrome/144.0.0.0 Safari/537.36 0.017
127.0.0.1 - - [28/Jan/2026:19:00:00 +0000] GET /keymanager-operations/dcr/register/RTFvQVZTSVUxVjBCRXZGZ293a3V2cXFYbzRZYQ%3D%3D HTTP/1.1 200 773 - Apache-HttpClient/4.5.13 (Java/21.0.10) 0.021
0:0:0:0:0:0:0:1 - - [28/Jan/2026:19:00:00 +0000] GET /api/am/devportal/v3/applications/f16466da-b4c3-4543-a0d3-e62539a29cbd HTTP/1.1 200 404 https://localhost:9443/devportal/apis/4465f418-66b3-45f3-9d93-25c463ea65f2/api-console Mozilla/5.0 (Windows NT 10.0; Win64; x64) AppleWebKit/537.36 (KHTML, like Gecko) Chrome/144.0.0.0 Safari/537.36 0.041
127.0.0.1 - - [28/Jan/2026:19:00:00 +0000] GET /keymanager-operations/dcr/register/RTFvQVZTSVUxVjBCRXZGZ293a3V2cXFYbzRZYQ%3D%3D HTTP/1.1 200 773 - Apache-HttpClient/4.5.13 (Java/21.0.10) 0.024
0:0:0:0:0:0:0:1 - - [28/Jan/2026:19:00:00 +0000] GET /api/am/devportal/v3/applications/f16466da-b4c3-4543-a0d3-e62539a29cbd/oauth-keys HTTP/1.1 200 868 https://localhost:9443/devportal/apis/4465f418-66b3-45f3-9d93-25c463ea65f2/api-console Mozilla/5.0 (Windows NT 10.0; Win64; x64) AppleWebKit/537.36 (KHTML, like Gecko) Chrome/144.0.0.0 Safari/537.36 0.040
0:0:0:0:0:0:0:1 - - [28/Jan/2026:19:00:00 +0000] GET /api/am/devportal/v3/swagger.yaml HTTP/1.1 200 33642 https://localhost:9443/devportal/apis/4465f418-66b3-45f3-9d93-25c463ea65f2/api-console Mozilla/5.0 (Windows NT 10.0; Win64; x64) AppleWebKit/537.36 (KHTML, like Gecko) Chrome/144.0.0.0 Safari/537.36 0.027
127.0.0.1 - - [28/Jan/2026:19:00:00 +0000] GET /keymanager-operations/dcr/register/RTFvQVZTSVUxVjBCRXZGZ293a3V2cXFYbzRZYQ%3D%3D HTTP/1.1 200 773 - Apache-HttpClient/4.5.13 (Java/21.0.10) 0.012
0:0:0:0:0:0:0:1 - - [28/Jan/2026:19:00:00 +0000] GET /api/am/devportal/v3/applications/f16466da-b4c3-4543-a0d3-e62539a29cbd HTTP/1.1 200 404 https://localhost:9443/devportal/apis/4465f418-66b3-45f3-9d93-25c463ea65f2/api-console Mozilla/5.0 (Windows NT 10.0; Win64; x64) AppleWebKit/537.36 (KHTML, like Gecko) Chrome/144.0.0.0 Safari/537.36 0.028
127.0.0.1 - - [28/Jan/2026:19:00:00 +0000] GET /keymanager-operations/dcr/register/RTFvQVZTSVUxVjBCRXZGZ293a3V2cXFYbzRZYQ%3D%3D HTTP/1.1 200 773 - Apache-HttpClient/4.5.13 (Java/21.0.10) 0.014
0:0:0:0:0:0:0:1 - - [28/Jan/2026:19:00:00 +0000] GET /api/am/devportal/v3/applications/f16466da-b4c3-4543-a0d3-e62539a29cbd/oauth-keys HTTP/1.1 200 868 https://localhost:9443/devportal/apis/4465f418-66b3-45f3-9d93-25c463ea65f2/api-console Mozilla/5.0 (Windows NT 10.0; Win64; x64) AppleWebKit/537.36 (KHTML, like Gecko) Chrome/144.0.0.0 Safari/537.36 0.027
127.0.0.1 - - [28/Jan/2026:19:00:06 +0000] POST /internal/data/v1/notify-gateway HTTP/1.1 200 76 - Apache-HttpClient/4.5.13 (Java/21.0.10) 0.018
127.0.0.1 - - [28/Jan/2026:19:00:29 +0000] GET /oauth2/token/.well-known/openid-configuration HTTP/1.1 200 2404 - Apache-HttpClient/4.5.13 (Java/21.0.10) 0.007
0:0:0:0:0:0:0:1 - - [28/Jan/2026:19:00:29 +0000] GET /api/am/publisher/v4/key-managers HTTP/1.1 200 218 https://localhost:9443/publisher/apis/4465f418-66b3-45f3-9d93-25c463ea65f2/runtime-configuration Mozilla/5.0 (Windows NT 10.0; Win64; x64) AppleWebKit/537.36 (KHTML, like Gecko) Chrome/144.0.0.0 Safari/537.36 0.075
0:0:0:0:0:0:0:1 - - [28/Jan/2026:19:00:29 +0000] GET /api/am/publisher/v4/apis/4465f418-66b3-45f3-9d93-25c463ea65f2/client-certs/SANDBOX HTTP/1.1 200 104 https://localhost:9443/publisher/apis/4465f418-66b3-45f3-9d93-25c463ea65f2/runtime-configuration Mozilla/5.0 (Windows NT 10.0; Win64; x64) AppleWebKit/537.36 (KHTML, like Gecko) Chrome/144.0.0.0 Safari/537.36 0.023
0:0:0:0:0:0:0:1 - - [28/Jan/2026:19:00:29 +0000] GET /api/am/publisher/v4/apis/4465f418-66b3-45f3-9d93-25c463ea65f2/client-certs/PRODUCTION HTTP/1.1 200 104 https://localhost:9443/publisher/apis/4465f418-66b3-45f3-9d93-25c463ea65f2/runtime-configuration Mozilla/5.0 (Windows NT 10.0; Win64; x64) AppleWebKit/537.36 (KHTML, like Gecko) Chrome/144.0.0.0 Safari/537.36 0.023
127.0.0.1 - - [28/Jan/2026:19:00:29 +0000] GET /oauth2/token/.well-known/openid-configuration HTTP/1.1 200 2404 - Apache-HttpClient/4.5.13 (Java/21.0.10) 0.005
0:0:0:0:0:0:0:1 - - [28/Jan/2026:19:00:29 +0000] GET /api/am/publisher/v4/key-managers HTTP/1.1 200 218 https://localhost:9443/publisher/apis/4465f418-66b3-45f3-9d93-25c463ea65f2/runtime-configuration Mozilla/5.0 (Windows NT 10.0; Win64; x64) AppleWebKit/537.36 (KHTML, like Gecko) Chrome/144.0.0.0 Safari/537.36 0.042
127.0.0.1 - - [28/Jan/2026:19:00:29 +0000] GET /oauth2/token/.well-known/openid-configuration HTTP/1.1 200 2404 - Apache-HttpClient/4.5.13 (Java/21.0.10) 0.007
0:0:0:0:0:0:0:1 - - [28/Jan/2026:19:00:29 +0000] GET /api/am/publisher/v4/key-managers HTTP/1.1 200 218 https://localhost:9443/publisher/apis/4465f418-66b3-45f3-9d93-25c463ea65f2/runtime-configuration Mozilla/5.0 (Windows NT 10.0; Win64; x64) AppleWebKit/537.36 (KHTML, like Gecko) Chrome/144.0.0.0 Safari/537.36 0.047
127.0.0.1 - - [28/Jan/2026:19:00:36 +0000] POST /internal/data/v1/notify-gateway HTTP/1.1 200 76 - Apache-HttpClient/4.5.13 (Java/21.0.10) 0.020
127.0.0.1 - - [28/Jan/2026:19:00:38 +0000] GET /oauth2/token/.well-known/openid-configuration HTTP/1.1 200 2404 - Apache-HttpClient/4.5.13 (Java/21.0.10) 0.009
0:0:0:0:0:0:0:1 - - [28/Jan/2026:19:00:38 +0000] GET /api/am/publisher/v4/key-managers HTTP/1.1 200 218 https://localhost:9443/publisher/apis/4465f418-66b3-45f3-9d93-25c463ea65f2/runtime-configuration Mozilla/5.0 (Windows NT 10.0; Win64; x64) AppleWebKit/537.36 (KHTML, like Gecko) Chrome/144.0.0.0 Safari/537.36 0.047
127.0.0.1 - - [28/Jan/2026:19:00:39 +0000] GET /oauth2/token/.well-known/openid-configuration HTTP/1.1 200 2404 - Apache-HttpClient/4.5.13 (Java/21.0.10) 0.008
0:0:0:0:0:0:0:1 - - [28/Jan/2026:19:00:39 +0000] GET /api/am/publisher/v4/key-managers HTTP/1.1 200 218 https://localhost:9443/publisher/apis/4465f418-66b3-45f3-9d93-25c463ea65f2/runtime-configuration Mozilla/5.0 (Windows NT 10.0; Win64; x64) AppleWebKit/537.36 (KHTML, like Gecko) Chrome/144.0.0.0 Safari/537.36 0.049
127.0.0.1 - - [28/Jan/2026:19:01:06 +0000] POST /internal/data/v1/notify-gateway HTTP/1.1 200 76 - Apache-HttpClient/4.5.13 (Java/21.0.10) 0.023
127.0.0.1 - - [28/Jan/2026:19:01:17 +0000] GET /oauth2/token/.well-known/openid-configuration HTTP/1.1 200 2404 - Apache-HttpClient/4.5.13 (Java/21.0.10) 0.006
0:0:0:0:0:0:0:1 - - [28/Jan/2026:19:01:17 +0000] GET /api/am/publisher/v4/key-managers HTTP/1.1 200 218 https://localhost:9443/publisher/apis/4465f418-66b3-45f3-9d93-25c463ea65f2/runtime-configuration Mozilla/5.0 (Windows NT 10.0; Win64; x64) AppleWebKit/537.36 (KHTML, like Gecko) Chrome/144.0.0.0 Safari/537.36 0.045
127.0.0.1 - - [28/Jan/2026:19:01:25 +0000] GET /oauth2/token/.well-known/openid-configuration HTTP/1.1 200 2404 - Apache-HttpClient/4.5.13 (Java/21.0.10) 0.011
0:0:0:0:0:0:0:1 - - [28/Jan/2026:19:01:25 +0000] GET /api/am/publisher/v4/key-managers HTTP/1.1 200 218 https://localhost:9443/publisher/apis/4465f418-66b3-45f3-9d93-25c463ea65f2/runtime-configuration Mozilla/5.0 (Windows NT 10.0; Win64; x64) AppleWebKit/537.36 (KHTML, like Gecko) Chrome/144.0.0.0 Safari/537.36 0.055
0:0:0:0:0:0:0:1 - - [28/Jan/2026:19:01:33 +0000] PUT /api/am/publisher/v4/apis/4465f418-66b3-45f3-9d93-25c463ea65f2 HTTP/1.1 200 1442 https://localhost:9443/publisher/apis/4465f418-66b3-45f3-9d93-25c463ea65f2/runtime-configuration Mozilla/5.0 (Windows NT 10.0; Win64; x64) AppleWebKit/537.36 (KHTML, like Gecko) Chrome/144.0.0.0 Safari/537.36 0.443
127.0.0.1 - - [28/Jan/2026:19:01:33 +0000] GET /oauth2/token/.well-known/openid-configuration HTTP/1.1 200 2404 - Apache-HttpClient/4.5.13 (Java/21.0.10) 0.007
0:0:0:0:0:0:0:1 - - [28/Jan/2026:19:01:33 +0000] GET /api/am/publisher/v4/key-managers HTTP/1.1 200 218 https://localhost:9443/publisher/apis/4465f418-66b3-45f3-9d93-25c463ea65f2/runtime-configuration Mozilla/5.0 (Windows NT 10.0; Win64; x64) AppleWebKit/537.36 (KHTML, like Gecko) Chrome/144.0.0.0 Safari/537.36 0.042
127.0.0.1 - - [28/Jan/2026:19:01:33 +0000] GET /oauth2/token/.well-known/openid-configuration HTTP/1.1 200 2404 - Apache-HttpClient/4.5.13 (Java/21.0.10) 0.005
0:0:0:0:0:0:0:1 - - [28/Jan/2026:19:01:33 +0000] GET /api/am/publisher/v4/key-managers HTTP/1.1 200 218 https://localhost:9443/publisher/apis/4465f418-66b3-45f3-9d93-25c463ea65f2/runtime-configuration Mozilla/5.0 (Windows NT 10.0; Win64; x64) AppleWebKit/537.36 (KHTML, like Gecko) Chrome/144.0.0.0 Safari/537.36 0.036
127.0.0.1 - - [28/Jan/2026:19:01:34 +0000] GET /internal/data/v1/apis?context=/pizzashack/1.0.0&version=1.0.0&gatewayLabel=Default HTTP/1.1 200 522 - Apache-HttpClient/4.5.13 (Java/21.0.10) 0.036
127.0.0.1 - - [28/Jan/2026:19:01:35 +0000] GET /internal/data/v1/apis?context=/pizzashack/1.0.0&version=1.0.0&gatewayLabel=Default HTTP/1.1 200 522 - Apache-HttpClient/4.5.13 (Java/21.0.10) 0.020
127.0.0.1 - - [28/Jan/2026:19:01:36 +0000] POST /internal/data/v1/notify-gateway HTTP/1.1 200 76 - Apache-HttpClient/4.5.13 (Java/21.0.10) 0.017
0:0:0:0:0:0:0:1 - - [28/Jan/2026:19:01:55 +0000] - 400 - - - 0.000
0:0:0:0:0:0:0:1 - - [28/Jan/2026:19:01:55 +0000] - 400 - - - 0.000
0:0:0:0:0:0:0:1 - - [28/Jan/2026:19:01:55 +0000] GET /api/am/publisher/v4/apis/4465f418-66b3-45f3-9d93-25c463ea65f2/operation-policies?limit=500 HTTP/1.1 200 97 https://localhost:9443/publisher/apis/4465f418-66b3-45f3-9d93-25c463ea65f2/policies Mozilla/5.0 (Windows NT 10.0; Win64; x64) AppleWebKit/537.36 (KHTML, like Gecko) Chrome/144.0.0.0 Safari/537.36 0.051
0:0:0:0:0:0:0:1 - - [28/Jan/2026:19:01:55 +0000] GET /api/am/publisher/v4/apis/4465f418-66b3-45f3-9d93-25c463ea65f2/swagger HTTP/1.1 200 2228 https://localhost:9443/publisher/apis/4465f418-66b3-45f3-9d93-25c463ea65f2/policies Mozilla/5.0 (Windows NT 10.0; Win64; x64) AppleWebKit/537.36 (KHTML, like Gecko) Chrome/144.0.0.0 Safari/537.36 0.089
0:0:0:0:0:0:0:1 - - [28/Jan/2026:19:01:55 +0000] GET /api/am/publisher/v4/operation-policies?limit=500 HTTP/1.1 200 12730 https://localhost:9443/publisher/apis/4465f418-66b3-45f3-9d93-25c463ea65f2/policies Mozilla/5.0 (Windows NT 10.0; Win64; x64) AppleWebKit/537.36 (KHTML, like Gecko) Chrome/144.0.0.0 Safari/537.36 0.132
127.0.0.1 - - [28/Jan/2026:19:02:06 +0000] POST /internal/data/v1/notify-gateway HTTP/1.1 200 76 - Apache-HttpClient/4.5.13 (Java/21.0.10) 0.022
127.0.0.1 - - [28/Jan/2026:19:02:36 +0000] POST /internal/data/v1/notify-gateway HTTP/1.1 200 76 - Apache-HttpClient/4.5.13 (Java/21.0.10) 0.012
127.0.0.1 - - [28/Jan/2026:19:03:06 +0000] POST /internal/data/v1/notify-gateway HTTP/1.1 200 76 - Apache-HttpClient/4.5.13 (Java/21.0.10) 0.025
0:0:0:0:0:0:0:1 - - [28/Jan/2026:19:03:09 +0000] - 400 - - - 0.000
0:0:0:0:0:0:0:1 - - [28/Jan/2026:19:03:10 +0000] PUT /api/am/publisher/v4/apis/4465f418-66b3-45f3-9d93-25c463ea65f2 HTTP/1.1 200 1591 https://localhost:9443/publisher/apis/4465f418-66b3-45f3-9d93-25c463ea65f2/policies Mozilla/5.0 (Windows NT 10.0; Win64; x64) AppleWebKit/537.36 (KHTML, like Gecko) Chrome/144.0.0.0 Safari/537.36 0.398
0:0:0:0:0:0:0:1 - - [28/Jan/2026:19:03:10 +0000] GET /api/am/publisher/v4/apis/4465f418-66b3-45f3-9d93-25c463ea65f2/operation-policies/ff3cc8b0-c3f0-495f-8411-cd850bab5269 HTTP/1.1 200 498 https://localhost:9443/publisher/apis/4465f418-66b3-45f3-9d93-25c463ea65f2/policies Mozilla/5.0 (Windows NT 10.0; Win64; x64) AppleWebKit/537.36 (KHTML, like Gecko) Chrome/144.0.0.0 Safari/537.36 0.015
0:0:0:0:0:0:0:1 - - [28/Jan/2026:19:03:10 +0000] GET /api/am/publisher/v4/apis/4465f418-66b3-45f3-9d93-25c463ea65f2/operation-policies/c210e329-12b4-4fa7-8817-fbf422ae45fe HTTP/1.1 200 856 https://localhost:9443/publisher/apis/4465f418-66b3-45f3-9d93-25c463ea65f2/policies Mozilla/5.0 (Windows NT 10.0; Win64; x64) AppleWebKit/537.36 (KHTML, like Gecko) Chrome/144.0.0.0 Safari/537.36 0.014
127.0.0.1 - - [28/Jan/2026:19:03:11 +0000] GET /internal/data/v1/apis?context=/pizzashack/1.0.0&version=1.0.0&gatewayLabel=Default HTTP/1.1 200 522 - Apache-HttpClient/4.5.13 (Java/21.0.10) 0.032
127.0.0.1 - - [28/Jan/2026:19:03:11 +0000] GET /internal/data/v1/apis?context=/pizzashack/1.0.0&version=1.0.0&gatewayLabel=Default HTTP/1.1 200 522 - Apache-HttpClient/4.5.13 (Java/21.0.10) 0.022
127.0.0.1 - - [28/Jan/2026:19:03:36 +0000] POST /internal/data/v1/notify-gateway HTTP/1.1 200 76 - Apache-HttpClient/4.5.13 (Java/21.0.10) 0.022
127.0.0.1 - - [28/Jan/2026:19:04:06 +0000] POST /internal/data/v1/notify-gateway HTTP/1.1 200 76 - Apache-HttpClient/4.5.13 (Java/21.0.10) 0.018
0:0:0:0:0:0:0:1 - - [28/Jan/2026:19:04:25 +0000] - 400 - - - 0.000
0:0:0:0:0:0:0:1 - - [28/Jan/2026:19:04:26 +0000] PUT /api/am/publisher/v4/apis/4465f418-66b3-45f3-9d93-25c463ea65f2 HTTP/1.1 200 1592 https://localhost:9443/publisher/apis/4465f418-66b3-45f3-9d93-25c463ea65f2/policies Mozilla/5.0 (Windows NT 10.0; Win64; x64) AppleWebKit/537.36 (KHTML, like Gecko) Chrome/144.0.0.0 Safari/537.36 0.358
0:0:0:0:0:0:0:1 - - [28/Jan/2026:19:04:26 +0000] GET /api/am/publisher/v4/apis/4465f418-66b3-45f3-9d93-25c463ea65f2/operation-policies/ff3cc8b0-c3f0-495f-8411-cd850bab5269 HTTP/1.1 200 498 https://localhost:9443/publisher/apis/4465f418-66b3-45f3-9d93-25c463ea65f2/policies Mozilla/5.0 (Windows NT 10.0; Win64; x64) AppleWebKit/537.36 (KHTML, like Gecko) Chrome/144.0.0.0 Safari/537.36 0.013
0:0:0:0:0:0:0:1 - - [28/Jan/2026:19:04:26 +0000] GET /api/am/publisher/v4/apis/4465f418-66b3-45f3-9d93-25c463ea65f2/operation-policies/ff3cc8b0-c3f0-495f-8411-cd850bab5269 HTTP/1.1 200 498 https://localhost:9443/publisher/apis/4465f418-66b3-45f3-9d93-25c463ea65f2/policies Mozilla/5.0 (Windows NT 10.0; Win64; x64) AppleWebKit/537.36 (KHTML, like Gecko) Chrome/144.0.0.0 Safari/537.36 0.011
0:0:0:0:0:0:0:1 - - [28/Jan/2026:19:04:26 +0000] GET /api/am/publisher/v4/apis/4465f418-66b3-45f3-9d93-25c463ea65f2/operation-policies/c210e329-12b4-4fa7-8817-fbf422ae45fe HTTP/1.1 200 856 https://localhost:9443/publisher/apis/4465f418-66b3-45f3-9d93-25c463ea65f2/policies Mozilla/5.0 (Windows NT 10.0; Win64; x64) AppleWebKit/537.36 (KHTML, like Gecko) Chrome/144.0.0.0 Safari/537.36 0.012
0:0:0:0:0:0:0:1 - - [28/Jan/2026:19:04:26 +0000] GET /api/am/publisher/v4/apis/4465f418-66b3-45f3-9d93-25c463ea65f2/operation-policies/c210e329-12b4-4fa7-8817-fbf422ae45fe HTTP/1.1 200 856 https://localhost:9443/publisher/apis/4465f418-66b3-45f3-9d93-25c463ea65f2/policies Mozilla/5.0 (Windows NT 10.0; Win64; x64) AppleWebKit/537.36 (KHTML, like Gecko) Chrome/144.0.0.0 Safari/537.36 0.012
127.0.0.1 - - [28/Jan/2026:19:04:27 +0000] GET /internal/data/v1/apis?context=/pizzashack/1.0.0&version=1.0.0&gatewayLabel=Default HTTP/1.1 200 522 - Apache-HttpClient/4.5.13 (Java/21.0.10) 0.037
127.0.0.1 - - [28/Jan/2026:19:04:27 +0000] GET /internal/data/v1/apis?context=/pizzashack/1.0.0&version=1.0.0&gatewayLabel=Default HTTP/1.1 200 522 - Apache-HttpClient/4.5.13 (Java/21.0.10) 0.016
127.0.0.1 - - [28/Jan/2026:19:04:36 +0000] POST /internal/data/v1/notify-gateway HTTP/1.1 200 76 - Apache-HttpClient/4.5.13 (Java/21.0.10) 0.023
0:0:0:0:0:0:0:1 - - [28/Jan/2026:19:04:39 +0000] GET /api/am/publisher/v4/apis/4465f418-66b3-45f3-9d93-25c463ea65f2/asyncapi HTTP/1.1 200 - https://localhost:9443/publisher/apis/4465f418-66b3-45f3-9d93-25c463ea65f2/deployments Mozilla/5.0 (Windows NT 10.0; Win64; x64) AppleWebKit/537.36 (KHTML, like Gecko) Chrome/144.0.0.0 Safari/537.36 0.051
127.0.0.1 - - [28/Jan/2026:19:05:06 +0000] POST /internal/data/v1/notify-gateway HTTP/1.1 200 76 - Apache-HttpClient/4.5.13 (Java/21.0.10) 0.018
127.0.0.1 - - [28/Jan/2026:19:05:36 +0000] POST /internal/data/v1/notify-gateway HTTP/1.1 200 76 - Apache-HttpClient/4.5.13 (Java/21.0.10) 0.024
0:0:0:0:0:0:0:1 - - [28/Jan/2026:19:05:56 +0000] - 400 - - - 0.000
0:0:0:0:0:0:0:1 - - [28/Jan/2026:19:05:56 +0000] POST /api/am/publisher/v4/apis/4465f418-66b3-45f3-9d93-25c463ea65f2/revisions HTTP/1.1 201 193 https://localhost:9443/publisher/apis/4465f418-66b3-45f3-9d93-25c463ea65f2/deployments Mozilla/5.0 (Windows NT 10.0; Win64; x64) AppleWebKit/537.36 (KHTML, like Gecko) Chrome/144.0.0.0 Safari/537.36 0.243
0:0:0:0:0:0:0:1 - - [28/Jan/2026:19:05:56 +0000] POST /api/am/publisher/v4/apis/4465f418-66b3-45f3-9d93-25c463ea65f2/deploy-revision?revisionId=b0f4f713-a60e-4b97-823f-d4136f043658 HTTP/1.1 201 265 https://localhost:9443/publisher/apis/4465f418-66b3-45f3-9d93-25c463ea65f2/deployments Mozilla/5.0 (Windows NT 10.0; Win64; x64) AppleWebKit/537.36 (KHTML, like Gecko) Chrome/144.0.0.0 Safari/537.36 0.058
0:0:0:0:0:0:0:1 - - [28/Jan/2026:19:05:56 +0000] - 400 - - - 0.000
0:0:0:0:0:0:0:1 - - [28/Jan/2026:19:05:56 +0000] GET /api/am/publisher/v4/apis/4465f418-66b3-45f3-9d93-25c463ea65f2/revisions HTTP/1.1 200 687 https://localhost:9443/publisher/apis/4465f418-66b3-45f3-9d93-25c463ea65f2/deployments Mozilla/5.0 (Windows NT 10.0; Win64; x64) AppleWebKit/537.36 (KHTML, like Gecko) Chrome/144.0.0.0 Safari/537.36 0.011
0:0:0:0:0:0:0:1 - - [28/Jan/2026:19:05:56 +0000] GET /api/am/publisher/v4/apis/4465f418-66b3-45f3-9d93-25c463ea65f2/revisions?query=deployed%3Atrue HTTP/1.1 200 477 https://localhost:9443/publisher/apis/4465f418-66b3-45f3-9d93-25c463ea65f2/deployments Mozilla/5.0 (Windows NT 10.0; Win64; x64) AppleWebKit/537.36 (KHTML, like Gecko) Chrome/144.0.0.0 Safari/537.36 0.009
0:0:0:0:0:0:0:1 - - [28/Jan/2026:19:06:00 +0000] GET /api/am/publisher/v4/apis/4465f418-66b3-45f3-9d93-25c463ea65f2/revisions?query=deployed%3Atrue HTTP/1.1 200 477 https://localhost:9443/publisher/apis/4465f418-66b3-45f3-9d93-25c463ea65f2/deployments Mozilla/5.0 (Windows NT 10.0; Win64; x64) AppleWebKit/537.36 (KHTML, like Gecko) Chrome/144.0.0.0 Safari/537.36 0.009
0:0:0:0:0:0:0:1 - - [28/Jan/2026:19:06:03 +0000] GET /api/am/publisher/v4/apis/4465f418-66b3-45f3-9d93-25c463ea65f2/revisions?query=deployed%3Atrue HTTP/1.1 200 477 https://localhost:9443/publisher/apis/4465f418-66b3-45f3-9d93-25c463ea65f2/deployments Mozilla/5.0 (Windows NT 10.0; Win64; x64) AppleWebKit/537.36 (KHTML, like Gecko) Chrome/144.0.0.0 Safari/537.36 0.021
0:0:0:0:0:0:0:1 - - [28/Jan/2026:19:06:06 +0000] GET /api/am/publisher/v4/apis/4465f418-66b3-45f3-9d93-25c463ea65f2/revisions?query=deployed%3Atrue HTTP/1.1 200 477 https://localhost:9443/publisher/apis/4465f418-66b3-45f3-9d93-25c463ea65f2/deployments Mozilla/5.0 (Windows NT 10.0; Win64; x64) AppleWebKit/537.36 (KHTML, like Gecko) Chrome/144.0.0.0 Safari/537.36 0.012
127.0.0.1 - - [28/Jan/2026:19:06:06 +0000] POST /internal/data/v1/notify-gateway HTTP/1.1 200 76 - Apache-HttpClient/4.5.13 (Java/21.0.10) 0.020
0:0:0:0:0:0:0:1 - - [28/Jan/2026:19:06:10 +0000] GET /api/am/publisher/v4/apis/4465f418-66b3-45f3-9d93-25c463ea65f2/revisions?query=deployed%3Atrue HTTP/1.1 200 477 https://localhost:9443/publisher/apis/4465f418-66b3-45f3-9d93-25c463ea65f2/deployments Mozilla/5.0 (Windows NT 10.0; Win64; x64) AppleWebKit/537.36 (KHTML, like Gecko) Chrome/144.0.0.0 Safari/537.36 0.010
0:0:0:0:0:0:0:1 - - [28/Jan/2026:19:06:13 +0000] GET /api/am/publisher/v4/apis/4465f418-66b3-45f3-9d93-25c463ea65f2/revisions?query=deployed%3Atrue HTTP/1.1 200 477 https://localhost:9443/publisher/apis/4465f418-66b3-45f3-9d93-25c463ea65f2/deployments Mozilla/5.0 (Windows NT 10.0; Win64; x64) AppleWebKit/537.36 (KHTML, like Gecko) Chrome/144.0.0.0 Safari/537.36 0.012
0:0:0:0:0:0:0:1 - - [28/Jan/2026:19:06:17 +0000] GET /api/am/publisher/v4/apis/4465f418-66b3-45f3-9d93-25c463ea65f2/revisions?query=deployed%3Atrue HTTP/1.1 200 477 https://localhost:9443/publisher/apis/4465f418-66b3-45f3-9d93-25c463ea65f2/deployments Mozilla/5.0 (Windows NT 10.0; Win64; x64) AppleWebKit/537.36 (KHTML, like Gecko) Chrome/144.0.0.0 Safari/537.36 0.013
0:0:0:0:0:0:0:1 - - [28/Jan/2026:19:06:20 +0000] GET /api/am/publisher/v4/apis/4465f418-66b3-45f3-9d93-25c463ea65f2/revisions?query=deployed%3Atrue HTTP/1.1 200 477 https://localhost:9443/publisher/apis/4465f418-66b3-45f3-9d93-25c463ea65f2/deployments Mozilla/5.0 (Windows NT 10.0; Win64; x64) AppleWebKit/537.36 (KHTML, like Gecko) Chrome/144.0.0.0 Safari/537.36 0.012
0:0:0:0:0:0:0:1 - - [28/Jan/2026:19:06:23 +0000] GET /api/am/publisher/v4/apis/4465f418-66b3-45f3-9d93-25c463ea65f2/revisions?query=deployed%3Atrue HTTP/1.1 200 477 https://localhost:9443/publisher/apis/4465f418-66b3-45f3-9d93-25c463ea65f2/deployments Mozilla/5.0 (Windows NT 10.0; Win64; x64) AppleWebKit/537.36 (KHTML, like Gecko) Chrome/144.0.0.0 Safari/537.36 0.018
0:0:0:0:0:0:0:1 - - [28/Jan/2026:19:06:26 +0000] GET /api/am/publisher/v4/apis/4465f418-66b3-45f3-9d93-25c463ea65f2/revisions?query=deployed%3Atrue HTTP/1.1 200 477 https://localhost:9443/publisher/apis/4465f418-66b3-45f3-9d93-25c463ea65f2/deployments Mozilla/5.0 (Windows NT 10.0; Win64; x64) AppleWebKit/537.36 (KHTML, like Gecko) Chrome/144.0.0.0 Safari/537.36 0.015
0:0:0:0:0:0:0:1 - - [28/Jan/2026:19:06:29 +0000] GET /api/am/publisher/v4/apis/4465f418-66b3-45f3-9d93-25c463ea65f2/revisions?query=deployed%3Atrue HTTP/1.1 200 477 https://localhost:9443/publisher/apis/4465f418-66b3-45f3-9d93-25c463ea65f2/deployments Mozilla/5.0 (Windows NT 10.0; Win64; x64) AppleWebKit/537.36 (KHTML, like Gecko) Chrome/144.0.0.0 Safari/537.36 0.015
0:0:0:0:0:0:0:1 - - [28/Jan/2026:19:06:33 +0000] GET /api/am/publisher/v4/apis/4465f418-66b3-45f3-9d93-25c463ea65f2/revisions?query=deployed%3Atrue HTTP/1.1 200 477 https://localhost:9443/publisher/apis/4465f418-66b3-45f3-9d93-25c463ea65f2/deployments Mozilla/5.0 (Windows NT 10.0; Win64; x64) AppleWebKit/537.36 (KHTML, like Gecko) Chrome/144.0.0.0 Safari/537.36 0.012
0:0:0:0:0:0:0:1 - - [28/Jan/2026:19:06:36 +0000] GET /api/am/publisher/v4/apis/4465f418-66b3-45f3-9d93-25c463ea65f2/revisions?query=deployed%3Atrue HTTP/1.1 200 477 https://localhost:9443/publisher/apis/4465f418-66b3-45f3-9d93-25c463ea65f2/deployments Mozilla/5.0 (Windows NT 10.0; Win64; x64) AppleWebKit/537.36 (KHTML, like Gecko) Chrome/144.0.0.0 Safari/537.36 0.012
127.0.0.1 - - [28/Jan/2026:19:06:36 +0000] POST /internal/data/v1/notify-gateway HTTP/1.1 200 76 - Apache-HttpClient/4.5.13 (Java/21.0.10) 0.018
0:0:0:0:0:0:0:1 - - [28/Jan/2026:19:06:39 +0000] GET /api/am/publisher/v4/apis/4465f418-66b3-45f3-9d93-25c463ea65f2/revisions?query=deployed%3Atrue HTTP/1.1 200 477 https://localhost:9443/publisher/apis/4465f418-66b3-45f3-9d93-25c463ea65f2/deployments Mozilla/5.0 (Windows NT 10.0; Win64; x64) AppleWebKit/537.36 (KHTML, like Gecko) Chrome/144.0.0.0 Safari/537.36 0.011
0:0:0:0:0:0:0:1 - - [28/Jan/2026:19:06:42 +0000] GET /api/am/publisher/v4/apis/4465f418-66b3-45f3-9d93-25c463ea65f2/revisions?query=deployed%3Atrue HTTP/1.1 200 477 https://localhost:9443/publisher/apis/4465f418-66b3-45f3-9d93-25c463ea65f2/deployments Mozilla/5.0 (Windows NT 10.0; Win64; x64) AppleWebKit/537.36 (KHTML, like Gecko) Chrome/144.0.0.0 Safari/537.36 0.016
0:0:0:0:0:0:0:1 - - [28/Jan/2026:19:06:46 +0000] GET /api/am/publisher/v4/apis/4465f418-66b3-45f3-9d93-25c463ea65f2/revisions?query=deployed%3Atrue HTTP/1.1 200 477 https://localhost:9443/publisher/apis/4465f418-66b3-45f3-9d93-25c463ea65f2/deployments Mozilla/5.0 (Windows NT 10.0; Win64; x64) AppleWebKit/537.36 (KHTML, like Gecko) Chrome/144.0.0.0 Safari/537.36 0.015
0:0:0:0:0:0:0:1 - - [28/Jan/2026:19:06:49 +0000] GET /api/am/publisher/v4/apis/4465f418-66b3-45f3-9d93-25c463ea65f2/revisions?query=deployed%3Atrue HTTP/1.1 200 477 https://localhost:9443/publisher/apis/4465f418-66b3-45f3-9d93-25c463ea65f2/deployments Mozilla/5.0 (Windows NT 10.0; Win64; x64) AppleWebKit/537.36 (KHTML, like Gecko) Chrome/144.0.0.0 Safari/537.36 0.014
0:0:0:0:0:0:0:1 - - [28/Jan/2026:19:06:52 +0000] GET /api/am/publisher/v4/apis/4465f418-66b3-45f3-9d93-25c463ea65f2/revisions?query=deployed%3Atrue HTTP/1.1 200 477 https://localhost:9443/publisher/apis/4465f418-66b3-45f3-9d93-25c463ea65f2/deployments Mozilla/5.0 (Windows NT 10.0; Win64; x64) AppleWebKit/537.36 (KHTML, like Gecko) Chrome/144.0.0.0 Safari/537.36 0.010
0:0:0:0:0:0:0:1 - - [28/Jan/2026:19:06:55 +0000] GET /api/am/publisher/v4/apis/4465f418-66b3-45f3-9d93-25c463ea65f2/revisions?query=deployed%3Atrue HTTP/1.1 200 477 https://localhost:9443/publisher/apis/4465f418-66b3-45f3-9d93-25c463ea65f2/deployments Mozilla/5.0 (Windows NT 10.0; Win64; x64) AppleWebKit/537.36 (KHTML, like Gecko) Chrome/144.0.0.0 Safari/537.36 0.014
0:0:0:0:0:0:0:1 - - [28/Jan/2026:19:06:59 +0000] GET /api/am/publisher/v4/apis/4465f418-66b3-45f3-9d93-25c463ea65f2/revisions?query=deployed%3Atrue HTTP/1.1 200 477 https://localhost:9443/publisher/apis/4465f418-66b3-45f3-9d93-25c463ea65f2/deployments Mozilla/5.0 (Windows NT 10.0; Win64; x64) AppleWebKit/537.36 (KHTML, like Gecko) Chrome/144.0.0.0 Safari/537.36 0.014
0:0:0:0:0:0:0:1 - - [28/Jan/2026:19:07:02 +0000] GET /api/am/publisher/v4/apis/4465f418-66b3-45f3-9d93-25c463ea65f2/revisions?query=deployed%3Atrue HTTP/1.1 200 477 https://localhost:9443/publisher/apis/4465f418-66b3-45f3-9d93-25c463ea65f2/deployments Mozilla/5.0 (Windows NT 10.0; Win64; x64) AppleWebKit/537.36 (KHTML, like Gecko) Chrome/144.0.0.0 Safari/537.36 0.016
0:0:0:0:0:0:0:1 - - [28/Jan/2026:19:07:05 +0000] GET /api/am/publisher/v4/apis/4465f418-66b3-45f3-9d93-25c463ea65f2/revisions?query=deployed%3Atrue HTTP/1.1 200 477 https://localhost:9443/publisher/apis/4465f418-66b3-45f3-9d93-25c463ea65f2/deployments Mozilla/5.0 (Windows NT 10.0; Win64; x64) AppleWebKit/537.36 (KHTML, like Gecko) Chrome/144.0.0.0 Safari/537.36 0.014
127.0.0.1 - - [28/Jan/2026:19:07:06 +0000] POST /internal/data/v1/notify-gateway HTTP/1.1 200 76 - Apache-HttpClient/4.5.13 (Java/21.0.10) 0.023
0:0:0:0:0:0:0:1 - - [28/Jan/2026:19:07:08 +0000] GET /api/am/publisher/v4/apis/4465f418-66b3-45f3-9d93-25c463ea65f2/revisions?query=deployed%3Atrue HTTP/1.1 200 477 https://localhost:9443/publisher/apis/4465f418-66b3-45f3-9d93-25c463ea65f2/deployments Mozilla/5.0 (Windows NT 10.0; Win64; x64) AppleWebKit/537.36 (KHTML, like Gecko) Chrome/144.0.0.0 Safari/537.36 0.014
0:0:0:0:0:0:0:1 - - [28/Jan/2026:19:07:12 +0000] GET /api/am/publisher/v4/apis/4465f418-66b3-45f3-9d93-25c463ea65f2/revisions?query=deployed%3Atrue HTTP/1.1 200 477 https://localhost:9443/publisher/apis/4465f418-66b3-45f3-9d93-25c463ea65f2/deployments Mozilla/5.0 (Windows NT 10.0; Win64; x64) AppleWebKit/537.36 (KHTML, like Gecko) Chrome/144.0.0.0 Safari/537.36 0.012
0:0:0:0:0:0:0:1 - - [28/Jan/2026:19:07:15 +0000] GET /api/am/publisher/v4/apis/4465f418-66b3-45f3-9d93-25c463ea65f2/revisions?query=deployed%3Atrue HTTP/1.1 200 477 https://localhost:9443/publisher/apis/4465f418-66b3-45f3-9d93-25c463ea65f2/deployments Mozilla/5.0 (Windows NT 10.0; Win64; x64) AppleWebKit/537.36 (KHTML, like Gecko) Chrome/144.0.0.0 Safari/537.36 0.014
0:0:0:0:0:0:0:1 - - [28/Jan/2026:19:07:18 +0000] GET /api/am/publisher/v4/apis/4465f418-66b3-45f3-9d93-25c463ea65f2/revisions?query=deployed%3Atrue HTTP/1.1 200 477 https://localhost:9443/publisher/apis/4465f418-66b3-45f3-9d93-25c463ea65f2/deployments Mozilla/5.0 (Windows NT 10.0; Win64; x64) AppleWebKit/537.36 (KHTML, like Gecko) Chrome/144.0.0.0 Safari/537.36 0.013
0:0:0:0:0:0:0:1 - - [28/Jan/2026:19:07:21 +0000] GET /api/am/publisher/v4/apis/4465f418-66b3-45f3-9d93-25c463ea65f2/revisions?query=deployed%3Atrue HTTP/1.1 200 477 https://localhost:9443/publisher/apis/4465f418-66b3-45f3-9d93-25c463ea65f2/deployments Mozilla/5.0 (Windows NT 10.0; Win64; x64) AppleWebKit/537.36 (KHTML, like Gecko) Chrome/144.0.0.0 Safari/537.36 0.015
0:0:0:0:0:0:0:1 - - [28/Jan/2026:19:07:25 +0000] GET /api/am/publisher/v4/apis/4465f418-66b3-45f3-9d93-25c463ea65f2/revisions?query=deployed%3Atrue HTTP/1.1 200 477 https://localhost:9443/publisher/apis/4465f418-66b3-45f3-9d93-25c463ea65f2/deployments Mozilla/5.0 (Windows NT 10.0; Win64; x64) AppleWebKit/537.36 (KHTML, like Gecko) Chrome/144.0.0.0 Safari/537.36 0.014
0:0:0:0:0:0:0:1 - - [28/Jan/2026:19:07:28 +0000] GET /api/am/publisher/v4/apis/4465f418-66b3-45f3-9d93-25c463ea65f2/revisions?query=deployed%3Atrue HTTP/1.1 200 477 https://localhost:9443/publisher/apis/4465f418-66b3-45f3-9d93-25c463ea65f2/deployments Mozilla/5.0 (Windows NT 10.0; Win64; x64) AppleWebKit/537.36 (KHTML, like Gecko) Chrome/144.0.0.0 Safari/537.36 0.012
0:0:0:0:0:0:0:1 - - [28/Jan/2026:19:07:31 +0000] GET /api/am/publisher/v4/apis/4465f418-66b3-45f3-9d93-25c463ea65f2/revisions?query=deployed%3Atrue HTTP/1.1 200 477 https://localhost:9443/publisher/apis/4465f418-66b3-45f3-9d93-25c463ea65f2/deployments Mozilla/5.0 (Windows NT 10.0; Win64; x64) AppleWebKit/537.36 (KHTML, like Gecko) Chrome/144.0.0.0 Safari/537.36 0.035
0:0:0:0:0:0:0:1 - - [28/Jan/2026:19:07:34 +0000] GET /api/am/publisher/v4/apis/4465f418-66b3-45f3-9d93-25c463ea65f2/revisions?query=deployed%3Atrue HTTP/1.1 200 477 https://localhost:9443/publisher/apis/4465f418-66b3-45f3-9d93-25c463ea65f2/deployments Mozilla/5.0 (Windows NT 10.0; Win64; x64) AppleWebKit/537.36 (KHTML, like Gecko) Chrome/144.0.0.0 Safari/537.36 0.014
127.0.0.1 - - [28/Jan/2026:19:07:36 +0000] POST /internal/data/v1/notify-gateway HTTP/1.1 200 76 - Apache-HttpClient/4.5.13 (Java/21.0.10) 0.017
0:0:0:0:0:0:0:1 - - [28/Jan/2026:19:07:37 +0000] GET /api/am/publisher/v4/apis/4465f418-66b3-45f3-9d93-25c463ea65f2/revisions?query=deployed%3Atrue HTTP/1.1 200 477 https://localhost:9443/publisher/apis/4465f418-66b3-45f3-9d93-25c463ea65f2/deployments Mozilla/5.0 (Windows NT 10.0; Win64; x64) AppleWebKit/537.36 (KHTML, like Gecko) Chrome/144.0.0.0 Safari/537.36 0.013
0:0:0:0:0:0:0:1 - - [28/Jan/2026:19:07:41 +0000] GET /api/am/publisher/v4/apis/4465f418-66b3-45f3-9d93-25c463ea65f2/revisions?query=deployed%3Atrue HTTP/1.1 200 477 https://localhost:9443/publisher/apis/4465f418-66b3-45f3-9d93-25c463ea65f2/deployments Mozilla/5.0 (Windows NT 10.0; Win64; x64) AppleWebKit/537.36 (KHTML, like Gecko) Chrome/144.0.0.0 Safari/537.36 0.014
0:0:0:0:0:0:0:1 - - [28/Jan/2026:19:07:44 +0000] GET /api/am/publisher/v4/apis/4465f418-66b3-45f3-9d93-25c463ea65f2/revisions?query=deployed%3Atrue HTTP/1.1 200 477 https://localhost:9443/publisher/apis/4465f418-66b3-45f3-9d93-25c463ea65f2/deployments Mozilla/5.0 (Windows NT 10.0; Win64; x64) AppleWebKit/537.36 (KHTML, like Gecko) Chrome/144.0.0.0 Safari/537.36 0.012
0:0:0:0:0:0:0:1 - - [28/Jan/2026:19:07:47 +0000] GET /api/am/publisher/v4/apis/4465f418-66b3-45f3-9d93-25c463ea65f2/revisions?query=deployed%3Atrue HTTP/1.1 200 477 https://localhost:9443/publisher/apis/4465f418-66b3-45f3-9d93-25c463ea65f2/deployments Mozilla/5.0 (Windows NT 10.0; Win64; x64) AppleWebKit/537.36 (KHTML, like Gecko) Chrome/144.0.0.0 Safari/537.36 0.012
0:0:0:0:0:0:0:1 - - [28/Jan/2026:19:07:50 +0000] GET /api/am/publisher/v4/apis/4465f418-66b3-45f3-9d93-25c463ea65f2/revisions?query=deployed%3Atrue HTTP/1.1 200 477 https://localhost:9443/publisher/apis/4465f418-66b3-45f3-9d93-25c463ea65f2/deployments Mozilla/5.0 (Windows NT 10.0; Win64; x64) AppleWebKit/537.36 (KHTML, like Gecko) Chrome/144.0.0.0 Safari/537.36 0.014
0:0:0:0:0:0:0:1 - - [28/Jan/2026:19:07:54 +0000] GET /api/am/publisher/v4/apis/4465f418-66b3-45f3-9d93-25c463ea65f2/revisions?query=deployed%3Atrue HTTP/1.1 200 477 https://localhost:9443/publisher/apis/4465f418-66b3-45f3-9d93-25c463ea65f2/deployments Mozilla/5.0 (Windows NT 10.0; Win64; x64) AppleWebKit/537.36 (KHTML, like Gecko) Chrome/144.0.0.0 Safari/537.36 0.014
0:0:0:0:0:0:0:1 - - [28/Jan/2026:19:07:57 +0000] GET /api/am/publisher/v4/apis/4465f418-66b3-45f3-9d93-25c463ea65f2/revisions?query=deployed%3Atrue HTTP/1.1 200 477 https://localhost:9443/publisher/apis/4465f418-66b3-45f3-9d93-25c463ea65f2/deployments Mozilla/5.0 (Windows NT 10.0; Win64; x64) AppleWebKit/537.36 (KHTML, like Gecko) Chrome/144.0.0.0 Safari/537.36 0.014
127.0.0.1 - - [28/Jan/2026:19:08:06 +0000] POST /internal/data/v1/notify-gateway HTTP/1.1 200 76 - Apache-HttpClient/4.5.13 (Java/21.0.10) 0.018
127.0.0.1 - - [28/Jan/2026:19:08:36 +0000] POST /internal/data/v1/notify-gateway HTTP/1.1 200 76 - Apache-HttpClient/4.5.13 (Java/21.0.10) 0.022
127.0.0.1 - - [28/Jan/2026:19:09:06 +0000] POST /internal/data/v1/notify-gateway HTTP/1.1 200 76 - Apache-HttpClient/4.5.13 (Java/21.0.10) 0.020
0:0:0:0:0:0:0:1 - - [28/Jan/2026:19:09:12 +0000] - 400 - - - 0.000
0:0:0:0:0:0:0:1 - - [28/Jan/2026:19:09:12 +0000] - 400 - - - 0.000
0:0:0:0:0:0:0:1 - - [28/Jan/2026:19:09:12 +0000] GET /publisher/apis/4465f418-66b3-45f3-9d93-25c463ea65f2/deployments HTTP/1.1 200 1713 https://localhost:9443/publisher/apis/4465f418-66b3-45f3-9d93-25c463ea65f2/overview Mozilla/5.0 (Windows NT 10.0; Win64; x64) AppleWebKit/537.36 (KHTML, like Gecko) Chrome/144.0.0.0 Safari/537.36 0.017
0:0:0:0:0:0:0:1 - - [28/Jan/2026:19:09:12 +0000] - 400 - - - 0.000
0:0:0:0:0:0:0:1 - - [28/Jan/2026:19:09:12 +0000] GET /publisher/services/settings/settings.js HTTP/1.1 200 1415 https://localhost:9443/publisher/apis/4465f418-66b3-45f3-9d93-25c463ea65f2/deployments Mozilla/5.0 (Windows NT 10.0; Win64; x64) AppleWebKit/537.36 (KHTML, like Gecko) Chrome/144.0.0.0 Safari/537.36 0.014
0:0:0:0:0:0:0:1 - - [28/Jan/2026:19:09:12 +0000] GET /publisher/site/public/conf/portalSettings.js HTTP/1.1 200 705 https://localhost:9443/publisher/apis/4465f418-66b3-45f3-9d93-25c463ea65f2/deployments Mozilla/5.0 (Windows NT 10.0; Win64; x64) AppleWebKit/537.36 (KHTML, like Gecko) Chrome/144.0.0.0 Safari/537.36 0.013
0:0:0:0:0:0:0:1 - - [28/Jan/2026:19:09:12 +0000] GET /publisher/site/public/locales/fr.json HTTP/1.1 200 47613 https://localhost:9443/publisher/apis/4465f418-66b3-45f3-9d93-25c463ea65f2/deployments Mozilla/5.0 (Windows NT 10.0; Win64; x64) AppleWebKit/537.36 (KHTML, like Gecko) Chrome/144.0.0.0 Safari/537.36 0.006
0:0:0:0:0:0:0:1 - - [28/Jan/2026:19:09:12 +0000] GET /oidc/checksession?client_id=pe09GOYr_cFzBfbocDEx2L68Wpsa&redirect_uri=https://localhost:9443/publisher/services/auth/callback/login HTTP/1.1 200 3134 https://localhost:9443/publisher/apis/4465f418-66b3-45f3-9d93-25c463ea65f2/deployments Mozilla/5.0 (Windows NT 10.0; Win64; x64) AppleWebKit/537.36 (KHTML, like Gecko) Chrome/144.0.0.0 Safari/537.36 0.004
0:0:0:0:0:0:0:1 - - [28/Jan/2026:19:09:13 +0000] - 400 - - - 0.000
0:0:0:0:0:0:0:1 - - [28/Jan/2026:19:09:13 +0000] GET /publisher/site/public/dist/2861.0a7939a3633db3f82af2.bundle.js HTTP/1.1 200 16941 https://localhost:9443/publisher/apis/4465f418-66b3-45f3-9d93-25c463ea65f2/deployments Mozilla/5.0 (Windows NT 10.0; Win64; x64) AppleWebKit/537.36 (KHTML, like Gecko) Chrome/144.0.0.0 Safari/537.36 0.009
0:0:0:0:0:0:0:1 - - [28/Jan/2026:19:09:13 +0000] GET /publisher/site/public/dist/APICreateRoutes.323aad285798b527c325.bundle.js HTTP/1.1 200 31238 https://localhost:9443/publisher/apis/4465f418-66b3-45f3-9d93-25c463ea65f2/deployments Mozilla/5.0 (Windows NT 10.0; Win64; x64) AppleWebKit/537.36 (KHTML, like Gecko) Chrome/144.0.0.0 Safari/537.36 0.012
0:0:0:0:0:0:0:1 - - [28/Jan/2026:19:09:13 +0000] GET /publisher/site/public/dist/2861.0a7939a3633db3f82af2.bundle.js HTTP/1.1 200 16941 https://localhost:9443/publisher/apis/4465f418-66b3-45f3-9d93-25c463ea65f2/deployments Mozilla/5.0 (Windows NT 10.0; Win64; x64) AppleWebKit/537.36 (KHTML, like Gecko) Chrome/144.0.0.0 Safari/537.36 0.006
0:0:0:0:0:0:0:1 - - [28/Jan/2026:19:09:13 +0000] GET /publisher/site/public/dist/1018.657dcc57f23e30e131a3.bundle.js HTTP/1.1 200 487602 https://localhost:9443/publisher/apis/4465f418-66b3-45f3-9d93-25c463ea65f2/deployments Mozilla/5.0 (Windows NT 10.0; Win64; x64) AppleWebKit/537.36 (KHTML, like Gecko) Chrome/144.0.0.0 Safari/537.36 0.171
0:0:0:0:0:0:0:1 - - [28/Jan/2026:19:09:13 +0000] GET /publisher/site/public/dist/1018.657dcc57f23e30e131a3.bundle.js HTTP/1.1 200 487602 https://localhost:9443/publisher/apis/4465f418-66b3-45f3-9d93-25c463ea65f2/deployments Mozilla/5.0 (Windows NT 10.0; Win64; x64) AppleWebKit/537.36 (KHTML, like Gecko) Chrome/144.0.0.0 Safari/537.36 0.184
0:0:0:0:0:0:0:1 - - [28/Jan/2026:19:09:13 +0000] GET /publisher/site/public/images/favicon.ico HTTP/1.1 200 162098 https://localhost:9443/publisher/apis/4465f418-66b3-45f3-9d93-25c463ea65f2/deployments Mozilla/5.0 (Windows NT 10.0; Win64; x64) AppleWebKit/537.36 (KHTML, like Gecko) Chrome/144.0.0.0 Safari/537.36 0.009
0:0:0:0:0:0:0:1 - - [28/Jan/2026:19:09:13 +0000] GET /api/am/publisher/v4/swagger.yaml HTTP/1.1 200 67554 https://localhost:9443/publisher/apis/4465f418-66b3-45f3-9d93-25c463ea65f2/deployments Mozilla/5.0 (Windows NT 10.0; Win64; x64) AppleWebKit/537.36 (KHTML, like Gecko) Chrome/144.0.0.0 Safari/537.36 0.038
0:0:0:0:0:0:0:1 - - [28/Jan/2026:19:09:14 +0000] GET /api/am/publisher/v4/tenants?state=active HTTP/1.1 200 96 https://localhost:9443/publisher/apis/4465f418-66b3-45f3-9d93-25c463ea65f2/deployments Mozilla/5.0 (Windows NT 10.0; Win64; x64) AppleWebKit/537.36 (KHTML, like Gecko) Chrome/144.0.0.0 Safari/537.36 0.006
0:0:0:0:0:0:0:1 - - [28/Jan/2026:19:09:14 +0000] GET /api/am/publisher/v4/apis/4465f418-66b3-45f3-9d93-25c463ea65f2 HTTP/1.1 200 1592 https://localhost:9443/publisher/apis/4465f418-66b3-45f3-9d93-25c463ea65f2/deployments Mozilla/5.0 (Windows NT 10.0; Win64; x64) AppleWebKit/537.36 (KHTML, like Gecko) Chrome/144.0.0.0 Safari/537.36 0.056
0:0:0:0:0:0:0:1 - - [28/Jan/2026:19:09:14 +0000] GET /api/am/publisher/v4/apis/4465f418-66b3-45f3-9d93-25c463ea65f2/revisions HTTP/1.1 200 687 https://localhost:9443/publisher/apis/4465f418-66b3-45f3-9d93-25c463ea65f2/deployments Mozilla/5.0 (Windows NT 10.0; Win64; x64) AppleWebKit/537.36 (KHTML, like Gecko) Chrome/144.0.0.0 Safari/537.36 0.014
0:0:0:0:0:0:0:1 - - [28/Jan/2026:19:09:14 +0000] GET /api/am/publisher/v4/apis/4465f418-66b3-45f3-9d93-25c463ea65f2/revisions?query=deployed%3Atrue HTTP/1.1 200 477 https://localhost:9443/publisher/apis/4465f418-66b3-45f3-9d93-25c463ea65f2/deployments Mozilla/5.0 (Windows NT 10.0; Win64; x64) AppleWebKit/537.36 (KHTML, like Gecko) Chrome/144.0.0.0 Safari/537.36 0.013
0:0:0:0:0:0:0:1 - - [28/Jan/2026:19:09:14 +0000] GET /api/am/publisher/v4/settings HTTP/1.1 200 1569 https://localhost:9443/publisher/apis/4465f418-66b3-45f3-9d93-25c463ea65f2/deployments Mozilla/5.0 (Windows NT 10.0; Win64; x64) AppleWebKit/537.36 (KHTML, like Gecko) Chrome/144.0.0.0 Safari/537.36 0.272
0:0:0:0:0:0:0:1 - - [28/Jan/2026:19:09:14 +0000] GET /api/am/publisher/v4/me/organization-information HTTP/1.1 200 35 https://localhost:9443/publisher/apis/4465f418-66b3-45f3-9d93-25c463ea65f2/deployments Mozilla/5.0 (Windows NT 10.0; Win64; x64) AppleWebKit/537.36 (KHTML, like Gecko) Chrome/144.0.0.0 Safari/537.36 0.007
0:0:0:0:0:0:0:1 - - [28/Jan/2026:19:09:14 +0000] GET /api/am/publisher/v4/apis/4465f418-66b3-45f3-9d93-25c463ea65f2/asyncapi HTTP/1.1 200 - https://localhost:9443/publisher/apis/4465f418-66b3-45f3-9d93-25c463ea65f2/deployments Mozilla/5.0 (Windows NT 10.0; Win64; x64) AppleWebKit/537.36 (KHTML, like Gecko) Chrome/144.0.0.0 Safari/537.36 0.034
